Archive member included to satisfy reference by file (symbol)

c:/users/kuo_hsun/stm32cube/gcc-arm-none-eabi-10.3-2021.10/bin/../lib/gcc/arm-none-eabi/10.3.1/thumb/v7e-m/nofp\libgcc.a(_aeabi_uldivmod.o)
                              CMakeFiles/F411_HelloWorld.elf.dir/Drivers/STM32F4xx_HAL_Driver/Src/stm32f4xx_hal_rcc.c.obj (__aeabi_uldivmod)
c:/users/kuo_hsun/stm32cube/gcc-arm-none-eabi-10.3-2021.10/bin/../lib/gcc/arm-none-eabi/10.3.1/thumb/v7e-m/nofp\libgcc.a(_udivmoddi4.o)
                              c:/users/kuo_hsun/stm32cube/gcc-arm-none-eabi-10.3-2021.10/bin/../lib/gcc/arm-none-eabi/10.3.1/thumb/v7e-m/nofp\libgcc.a(_aeabi_uldivmod.o) (__udivmoddi4)
c:/users/kuo_hsun/stm32cube/gcc-arm-none-eabi-10.3-2021.10/bin/../lib/gcc/arm-none-eabi/10.3.1/thumb/v7e-m/nofp\libgcc.a(_dvmd_tls.o)
                              c:/users/kuo_hsun/stm32cube/gcc-arm-none-eabi-10.3-2021.10/bin/../lib/gcc/arm-none-eabi/10.3.1/thumb/v7e-m/nofp\libgcc.a(_aeabi_uldivmod.o) (__aeabi_ldiv0)
c:/users/kuo_hsun/stm32cube/gcc-arm-none-eabi-10.3-2021.10/bin/../lib/gcc/arm-none-eabi/10.3.1/../../../../arm-none-eabi/lib/thumb/v7e-m/nofp\libg.a(lib_a-errno.o)
                              CMakeFiles/F411_HelloWorld.elf.dir/Core/Src/retarget.c.obj (__errno)
c:/users/kuo_hsun/stm32cube/gcc-arm-none-eabi-10.3-2021.10/bin/../lib/gcc/arm-none-eabi/10.3.1/../../../../arm-none-eabi/lib/thumb/v7e-m/nofp\libg.a(lib_a-exit.o)
                              c:/users/kuo_hsun/stm32cube/gcc-arm-none-eabi-10.3-2021.10/bin/../lib/gcc/arm-none-eabi/10.3.1/../../../../arm-none-eabi/lib/thumb/v7e-m/nofp/crt0.o (exit)
c:/users/kuo_hsun/stm32cube/gcc-arm-none-eabi-10.3-2021.10/bin/../lib/gcc/arm-none-eabi/10.3.1/../../../../arm-none-eabi/lib/thumb/v7e-m/nofp\libg.a(lib_a-impure.o)
                              c:/users/kuo_hsun/stm32cube/gcc-arm-none-eabi-10.3-2021.10/bin/../lib/gcc/arm-none-eabi/10.3.1/../../../../arm-none-eabi/lib/thumb/v7e-m/nofp\libg.a(lib_a-exit.o) (_global_impure_ptr)
c:/users/kuo_hsun/stm32cube/gcc-arm-none-eabi-10.3-2021.10/bin/../lib/gcc/arm-none-eabi/10.3.1/../../../../arm-none-eabi/lib/thumb/v7e-m/nofp\libg.a(lib_a-init.o)
                              c:/users/kuo_hsun/stm32cube/gcc-arm-none-eabi-10.3-2021.10/bin/../lib/gcc/arm-none-eabi/10.3.1/../../../../arm-none-eabi/lib/thumb/v7e-m/nofp/crt0.o (__libc_init_array)
c:/users/kuo_hsun/stm32cube/gcc-arm-none-eabi-10.3-2021.10/bin/../lib/gcc/arm-none-eabi/10.3.1/../../../../arm-none-eabi/lib/thumb/v7e-m/nofp\libg.a(lib_a-memset.o)
                              c:/users/kuo_hsun/stm32cube/gcc-arm-none-eabi-10.3-2021.10/bin/../lib/gcc/arm-none-eabi/10.3.1/../../../../arm-none-eabi/lib/thumb/v7e-m/nofp/crt0.o (memset)
c:/users/kuo_hsun/stm32cube/gcc-arm-none-eabi-10.3-2021.10/bin/../lib/gcc/arm-none-eabi/10.3.1/../../../../arm-none-eabi/lib/thumb/v7e-m/nofp\libg.a(lib_a-puts.o)
                              CMakeFiles/F411_HelloWorld.elf.dir/Core/Src/main.c.obj (puts)
c:/users/kuo_hsun/stm32cube/gcc-arm-none-eabi-10.3-2021.10/bin/../lib/gcc/arm-none-eabi/10.3.1/../../../../arm-none-eabi/lib/thumb/v7e-m/nofp\libg.a(lib_a-setvbuf.o)
                              CMakeFiles/F411_HelloWorld.elf.dir/Core/Src/retarget.c.obj (setvbuf)
c:/users/kuo_hsun/stm32cube/gcc-arm-none-eabi-10.3-2021.10/bin/../lib/gcc/arm-none-eabi/10.3.1/../../../../arm-none-eabi/lib/thumb/v7e-m/nofp\libg.a(lib_a-strlen.o)
                              c:/users/kuo_hsun/stm32cube/gcc-arm-none-eabi-10.3-2021.10/bin/../lib/gcc/arm-none-eabi/10.3.1/../../../../arm-none-eabi/lib/thumb/v7e-m/nofp\libg.a(lib_a-puts.o) (strlen)
c:/users/kuo_hsun/stm32cube/gcc-arm-none-eabi-10.3-2021.10/bin/../lib/gcc/arm-none-eabi/10.3.1/../../../../arm-none-eabi/lib/thumb/v7e-m/nofp\libg.a(lib_a-__call_atexit.o)
                              c:/users/kuo_hsun/stm32cube/gcc-arm-none-eabi-10.3-2021.10/bin/../lib/gcc/arm-none-eabi/10.3.1/../../../../arm-none-eabi/lib/thumb/v7e-m/nofp\libg.a(lib_a-exit.o) (__call_exitprocs)
c:/users/kuo_hsun/stm32cube/gcc-arm-none-eabi-10.3-2021.10/bin/../lib/gcc/arm-none-eabi/10.3.1/../../../../arm-none-eabi/lib/thumb/v7e-m/nofp\libg.a(lib_a-atexit.o)
                              c:/users/kuo_hsun/stm32cube/gcc-arm-none-eabi-10.3-2021.10/bin/../lib/gcc/arm-none-eabi/10.3.1/../../../../arm-none-eabi/lib/thumb/v7e-m/nofp\libg.a(lib_a-__call_atexit.o) (atexit)
c:/users/kuo_hsun/stm32cube/gcc-arm-none-eabi-10.3-2021.10/bin/../lib/gcc/arm-none-eabi/10.3.1/../../../../arm-none-eabi/lib/thumb/v7e-m/nofp\libg.a(lib_a-fflush.o)
                              c:/users/kuo_hsun/stm32cube/gcc-arm-none-eabi-10.3-2021.10/bin/../lib/gcc/arm-none-eabi/10.3.1/../../../../arm-none-eabi/lib/thumb/v7e-m/nofp\libg.a(lib_a-setvbuf.o) (_fflush_r)
c:/users/kuo_hsun/stm32cube/gcc-arm-none-eabi-10.3-2021.10/bin/../lib/gcc/arm-none-eabi/10.3.1/../../../../arm-none-eabi/lib/thumb/v7e-m/nofp\libg.a(lib_a-findfp.o)
[...]
Memory Configuration

Name             Origin             Length             Attributes
RAM              0x20000000         0x00020000         xrw
FLASH            0x08000000         0x00080000         xr
*default*        0x00000000         0xffffffff

Linker script and memory map

LOAD c:/users/kuo_hsun/stm32cube/gcc-arm-none-eabi-10.3-2021.10/bin/../lib/gcc/arm-none-eabi/10.3.1/thumb/v7e-m/nofp/crti.o
LOAD c:/users/kuo_hsun/stm32cube/gcc-arm-none-eabi-10.3-2021.10/bin/../lib/gcc/arm-none-eabi/10.3.1/thumb/v7e-m/nofp/crtbegin.o
LOAD c:/users/kuo_hsun/stm32cube/gcc-arm-none-eabi-10.3-2021.10/bin/../lib/gcc/arm-none-eabi/10.3.1/../../../../arm-none-eabi/lib/thumb/v7e-m/nofp/crt0.o
LOAD CMakeFiles/F411_HelloWorld.elf.dir/Core/Src/gpio.c.obj
LOAD CMakeFiles/F411_HelloWorld.elf.dir/Core/Src/main.c.obj
LOAD CMakeFiles/F411_HelloWorld.elf.dir/Core/Src/retarget.c.obj
LOAD CMakeFiles/F411_HelloWorld.elf.dir/Core/Src/stm32f4xx_hal_msp.c.obj
LOAD CMakeFiles/F411_HelloWorld.elf.dir/Core/Src/stm32f4xx_it.c.obj
LOAD CMakeFiles/F411_HelloWorld.elf.dir/Core/Src/syscalls.c.obj
LOAD CMakeFiles/F411_HelloWorld.elf.dir/Core/Src/sysmem.c.obj
LOAD CMakeFiles/F411_HelloWorld.elf.dir/Core/Src/system_stm32f4xx.c.obj
LOAD CMakeFiles/F411_HelloWorld.elf.dir/Core/Src/usart.c.obj
LOAD CMakeFiles/F411_HelloWorld.elf.dir/Core/Startup/startup_stm32f411retx.s.obj
LOAD CMakeFiles/F411_HelloWorld.elf.dir/Drivers/STM32F4xx_HAL_Driver/Src/stm32f4xx_hal.c.obj
LOAD CMakeFiles/F411_HelloWorld.elf.dir/Drivers/STM32F4xx_HAL_Driver/Src/stm32f4xx_hal_cortex.c.obj
LOAD CMakeFiles/F411_HelloWorld.elf.dir/Drivers/STM32F4xx_HAL_Driver/Src/stm32f4xx_hal_dma.c.obj
LOAD CMakeFiles/F411_HelloWorld.elf.dir/Drivers/STM32F4xx_HAL_Driver/Src/stm32f4xx_hal_dma_ex.c.obj
LOAD CMakeFiles/F411_HelloWorld.elf.dir/Drivers/STM32F4xx_HAL_Driver/Src/stm32f4xx_hal_exti.c.obj
LOAD CMakeFiles/F411_HelloWorld.elf.dir/Drivers/STM32F4xx_HAL_Driver/Src/stm32f4xx_hal_flash.c.obj
LOAD CMakeFiles/F411_HelloWorld.elf.dir/Drivers/STM32F4xx_HAL_Driver/Src/stm32f4xx_hal_flash_ex.c.obj
LOAD CMakeFiles/F411_HelloWorld.elf.dir/Drivers/STM32F4xx_HAL_Driver/Src/stm32f4xx_hal_flash_ramfunc.c.obj
LOAD CMakeFiles/F411_HelloWorld.elf.dir/Drivers/STM32F4xx_HAL_Driver/Src/stm32f4xx_hal_gpio.c.obj
LOAD CMakeFiles/F411_HelloWorld.elf.dir/Drivers/STM32F4xx_HAL_Driver/Src/stm32f4xx_hal_pwr.c.obj
LOAD CMakeFiles/F411_HelloWorld.elf.dir/Drivers/STM32F4xx_HAL_Driver/Src/stm32f4xx_hal_pwr_ex.c.obj
LOAD CMakeFiles/F411_HelloWorld.elf.dir/Drivers/STM32F4xx_HAL_Driver/Src/stm32f4xx_hal_rcc.c.obj
LOAD CMakeFiles/F411_HelloWorld.elf.dir/Drivers/STM32F4xx_HAL_Driver/Src/stm32f4xx_hal_rcc_ex.c.obj
LOAD CMakeFiles/F411_HelloWorld.elf.dir/Drivers/STM32F4xx_HAL_Driver/Src/stm32f4xx_hal_tim.c.obj
LOAD CMakeFiles/F411_HelloWorld.elf.dir/Drivers/STM32F4xx_HAL_Driver/Src/stm32f4xx_hal_tim_ex.c.obj
LOAD CMakeFiles/F411_HelloWorld.elf.dir/Drivers/STM32F4xx_HAL_Driver/Src/stm32f4xx_hal_uart.c.obj
START GROUP
LOAD c:/users/kuo_hsun/stm32cube/gcc-arm-none-eabi-10.3-2021.10/bin/../lib/gcc/arm-none-eabi/10.3.1/thumb/v7e-m/nofp\libgcc.a
LOAD c:/users/kuo_hsun/stm32cube/gcc-arm-none-eabi-10.3-2021.10/bin/../lib/gcc/arm-none-eabi/10.3.1/../../../../arm-none-eabi/lib/thumb/v7e-m/nofp\libg.a
LOAD c:/users/kuo_hsun/stm32cube/gcc-arm-none-eabi-10.3-2021.10/bin/../lib/gcc/arm-none-eabi/10.3.1/../../../../arm-none-eabi/lib/thumb/v7e-m/nofp\libc.a
END GROUP
LOAD c:/users/kuo_hsun/stm32cube/gcc-arm-none-eabi-10.3-2021.10/bin/../lib/gcc/arm-none-eabi/10.3.1/thumb/v7e-m/nofp/crtend.o
LOAD c:/users/kuo_hsun/stm32cube/gcc-arm-none-eabi-10.3-2021.10/bin/../lib/gcc/arm-none-eabi/10.3.1/thumb/v7e-m/nofp/crtn.o
                0x20020000                _estack = (ORIGIN (RAM) + LENGTH (RAM))
                0x00000200                _Min_Heap_Size = 0x200
                0x00000400                _Min_Stack_Size = 0x400

.isr_vector     0x08000000      0x198
                0x08000000                . = ALIGN (0x4)
 *(.isr_vector)
 .isr_vector    0x08000000      0x198 CMakeFiles/F411_HelloWorld.elf.dir/Core/Startup/startup_stm32f411retx.s.obj
                0x08000000                g_pfnVectors
                0x08000198                . = ALIGN (0x4)

.text           0x080001c0     0x33f4
                0x080001c0                . = ALIGN (0x4)
 *(.text)
 .text          0x080001c0       0x40 c:/users/kuo_hsun/stm32cube/gcc-arm-none-eabi-10.3-2021.10/bin/../lib/gcc/arm-none-eabi/10.3.1/thumb/v7e-m/nofp/crtbegin.o
 .text          0x08000200       0x30 c:/users/kuo_hsun/stm32cube/gcc-arm-none-eabi-10.3-2021.10/bin/../lib/gcc/arm-none-eabi/10.3.1/thumb/v7e-m/nofp\libgcc.a(_aeabi_uldivmod.o)
                0x08000200                __aeabi_uldivmod
 .text          0x08000230      0x2d0 c:/users/kuo_hsun/stm32cube/gcc-arm-none-eabi-10.3-2021.10/bin/../lib/gcc/arm-none-eabi/10.3.1/thumb/v7e-m/nofp\libgcc.a(_udivmoddi4.o)
                0x08000230                __udivmoddi4
 .text          0x08000500        0x4 c:/users/kuo_hsun/stm32cube/gcc-arm-none-eabi-10.3-2021.10/bin/../lib/gcc/arm-none-eabi/10.3.1/thumb/v7e-m/nofp\libgcc.a(_dvmd_tls.o)
                0x08000500                __aeabi_idiv0
                0x08000500                __aeabi_ldiv0
 *fill*         0x08000504       0x3c 
 .text          0x08000540       0xdc c:/users/kuo_hsun/stm32cube/gcc-arm-none-eabi-10.3-2021.10/bin/../lib/gcc/arm-none-eabi/10.3.1/../../../../arm-none-eabi/lib/thumb/v7e-m/nofp\libg.a(lib_a-strlen.o)
                0x08000540                strlen
 *fill*         0x0800061c        0x4 
 .text          0x08000620       0xa0 c:/users/kuo_hsun/stm32cube/gcc-arm-none-eabi-10.3-2021.10/bin/../lib/gcc/arm-none-eabi/10.3.1/../../../../arm-none-eabi/lib/thumb/v7e-m/nofp\libg.a(lib_a-memchr.o)
                0x08000620                memchr
 .text          0x080006c0      0x134 c:/users/kuo_hsun/stm32cube/gcc-arm-none-eabi-10.3-2021.10/bin/../lib/gcc/arm-none-eabi/10.3.1/../../../../arm-none-eabi/lib/thumb/v7e-m/nofp\libg.a(lib_a-memcpy.o)
                0x080006c0                memcpy
 *(.text*)
 .text.MX_GPIO_Init
                0x080007f4       0xa8 CMakeFiles/F411_HelloWorld.elf.dir/Core/Src/gpio.c.obj
                0x080007f4                MX_GPIO_Init
 .text.Error_Handler
                0x0800089c        0x4 CMakeFiles/F411_HelloWorld.elf.dir/Core/Src/main.c.obj
                0x0800089c                Error_Handler
 .text.SystemClock_Config
                0x080008a0       0xa0 CMakeFiles/F411_HelloWorld.elf.dir/Core/Src/main.c.obj
                0x080008a0                SystemClock_Config
 .text.main     0x08000940       0x34 CMakeFiles/F411_HelloWorld.elf.dir/Core/Src/main.c.obj
                0x08000940                main
 .text.RetargetInit
                0x08000974       0x20 CMakeFiles/F411_HelloWorld.elf.dir/Core/Src/retarget.c.obj
                0x08000974                RetargetInit
 .text._isatty  0x08000994       0x16 CMakeFiles/F411_HelloWorld.elf.dir/Core/Src/retarget.c.obj
                0x08000994                _isatty
 *fill*         0x080009aa        0x2 
 .text._write   0x080009ac       0x34 CMakeFiles/F411_HelloWorld.elf.dir/Core/Src/retarget.c.obj
                0x080009ac                _write
 .text._close   0x080009e0       0x18 CMakeFiles/F411_HelloWorld.elf.dir/Core/Src/retarget.c.obj
                0x080009e0                _close
 .text._lseek   0x080009f8       0x10 CMakeFiles/F411_HelloWorld.elf.dir/Core/Src/retarget.c.obj
                0x080009f8                _lseek
 .text._read    0x08000a08       0x30 CMakeFiles/F411_HelloWorld.elf.dir/Core/Src/retarget.c.obj
                0x08000a08                _read
 .text._fstat   0x08000a38       0x1a CMakeFiles/F411_HelloWorld.elf.dir/Core/Src/retarget.c.obj
                0x08000a38                _fstat
 *fill*         0x08000a52        0x2 
 .text.HAL_MspInit
                0x08000a54       0x40 CMakeFiles/F411_HelloWorld.elf.dir/Core/Src/stm32f4xx_hal_msp.c.obj
                0x08000a54                HAL_MspInit
 .text.NMI_Handler
                0x08000a94        0x2 CMakeFiles/F411_HelloWorld.elf.dir/Core/Src/stm32f4xx_it.c.obj
                0x08000a94                NMI_Handler
 .text.HardFault_Handler
                0x08000a96        0x2 CMakeFiles/F411_HelloWorld.elf.dir/Core/Src/stm32f4xx_it.c.obj
                0x08000a96                HardFault_Handler
 .text.MemManage_Handler
                0x08000a98        0x2 CMakeFiles/F411_HelloWorld.elf.dir/Core/Src/stm32f4xx_it.c.obj
                0x08000a98                MemManage_Handler
 .text.BusFault_Handler
                0x08000a9a        0x2 CMakeFiles/F411_HelloWorld.elf.dir/Core/Src/stm32f4xx_it.c.obj
                0x08000a9a                BusFault_Handler
 .text.UsageFault_Handler
                0x08000a9c        0x2 CMakeFiles/F411_HelloWorld.elf.dir/Core/Src/stm32f4xx_it.c.obj
                0x08000a9c                UsageFault_Handler
 .text.SVC_Handler
                0x08000a9e        0x2 CMakeFiles/F411_HelloWorld.elf.dir/Core/Src/stm32f4xx_it.c.obj
                0x08000a9e                SVC_Handler
 .text.DebugMon_Handler
                0x08000aa0        0x2 CMakeFiles/F411_HelloWorld.elf.dir/Core/Src/stm32f4xx_it.c.obj
                0x08000aa0                DebugMon_Handler
 .text.PendSV_Handler
                0x08000aa2        0x2 CMakeFiles/F411_HelloWorld.elf.dir/Core/Src/stm32f4xx_it.c.obj
                0x08000aa2                PendSV_Handler
 .text.SysTick_Handler
                0x08000aa4        0x8 CMakeFiles/F411_HelloWorld.elf.dir/Core/Src/stm32f4xx_it.c.obj
                0x08000aa4                SysTick_Handler
 .text._sbrk    0x08000aac       0x48 CMakeFiles/F411_HelloWorld.elf.dir/Core/Src/sysmem.c.obj
                0x08000aac                _sbrk
 .text.SystemInit
                0x08000af4        0x2 CMakeFiles/F411_HelloWorld.elf.dir/Core/Src/system_stm32f4xx.c.obj
                0x08000af4                SystemInit
 *fill*         0x08000af6        0x2 
 .text.MX_USART1_UART_Init
                0x08000af8       0x34 CMakeFiles/F411_HelloWorld.elf.dir/Core/Src/usart.c.obj
                0x08000af8                MX_USART1_UART_Init
 .text.MX_USART2_UART_Init
                0x08000b2c       0x34 CMakeFiles/F411_HelloWorld.elf.dir/Core/Src/usart.c.obj
                0x08000b2c                MX_USART2_UART_Init
 .text.HAL_UART_MspInit
                0x08000b60       0xc4 CMakeFiles/F411_HelloWorld.elf.dir/Core/Src/usart.c.obj
                0x08000b60                HAL_UART_MspInit
 .text.Reset_Handler
                0x08000c24       0x50 CMakeFiles/F411_HelloWorld.elf.dir/Core/Startup/startup_stm32f411retx.s.obj
                0x08000c24                Reset_Handler
 .text.Default_Handler
                0x08000c74        0x2 CMakeFiles/F411_HelloWorld.elf.dir/Core/Startup/startup_stm32f411retx.s.obj
                0x08000c74                RTC_Alarm_IRQHandler
                0x08000c74                EXTI2_IRQHandler
                0x08000c74                SPI4_IRQHandler
                0x08000c74                TIM1_CC_IRQHandler
                0x08000c74                DMA2_Stream5_IRQHandler
                0x08000c74                DMA1_Stream5_IRQHandler
                0x08000c74                PVD_IRQHandler
                0x08000c74                SDIO_IRQHandler
                0x08000c74                TAMP_STAMP_IRQHandler
                0x08000c74                EXTI3_IRQHandler
                0x08000c74                TIM1_UP_TIM10_IRQHandler
                0x08000c74                I2C3_ER_IRQHandler
                0x08000c74                EXTI0_IRQHandler
                0x08000c74                I2C2_EV_IRQHandler
                0x08000c74                DMA1_Stream2_IRQHandler
                0x08000c74                FPU_IRQHandler
                0x08000c74                DMA2_Stream2_IRQHandler
                0x08000c74                SPI1_IRQHandler
                0x08000c74                TIM1_BRK_TIM9_IRQHandler
                0x08000c74                DMA2_Stream3_IRQHandler
                0x08000c74                USART6_IRQHandler
                0x08000c74                DMA2_Stream0_IRQHandler
                0x08000c74                TIM4_IRQHandler
                0x08000c74                I2C1_EV_IRQHandler
                0x08000c74                DMA1_Stream6_IRQHandler
                0x08000c74                DMA1_Stream1_IRQHandler
                0x08000c74                TIM3_IRQHandler
                0x08000c74                RCC_IRQHandler
                0x08000c74                Default_Handler
                0x08000c74                EXTI15_10_IRQHandler
                0x08000c74                ADC_IRQHandler
                0x08000c74                DMA1_Stream7_IRQHandler
                0x08000c74                SPI5_IRQHandler
                0x08000c74                TIM5_IRQHandler
                0x08000c74                DMA2_Stream7_IRQHandler
                0x08000c74                I2C3_EV_IRQHandler
                0x08000c74                EXTI9_5_IRQHandler
                0x08000c74                RTC_WKUP_IRQHandler
                0x08000c74                SPI2_IRQHandler
                0x08000c74                DMA1_Stream0_IRQHandler
                0x08000c74                EXTI4_IRQHandler
                0x08000c74                WWDG_IRQHandler
                0x08000c74                TIM2_IRQHandler
                0x08000c74                OTG_FS_WKUP_IRQHandler
                0x08000c74                TIM1_TRG_COM_TIM11_IRQHandler
                0x08000c74                EXTI1_IRQHandler
                0x08000c74                USART2_IRQHandler
                0x08000c74                I2C2_ER_IRQHandler
                0x08000c74                DMA2_Stream1_IRQHandler
                0x08000c74                FLASH_IRQHandler
                0x08000c74                DMA2_Stream4_IRQHandler
                0x08000c74                USART1_IRQHandler
                0x08000c74                OTG_FS_IRQHandler
                0x08000c74                SPI3_IRQHandler
                0x08000c74                DMA1_Stream4_IRQHandler
                0x08000c74                I2C1_ER_IRQHandler
                0x08000c74                DMA2_Stream6_IRQHandler
                0x08000c74                DMA1_Stream3_IRQHandler
 *fill*         0x08000c76        0x2 
 .text.HAL_InitTick
                0x08000c78       0x4c CMakeFiles/F411_HelloWorld.elf.dir/Drivers/STM32F4xx_HAL_Driver/Src/stm32f4xx_hal.c.obj
                0x08000c78                HAL_InitTick
 .text.HAL_Init
                0x08000cc4       0x34 CMakeFiles/F411_HelloWorld.elf.dir/Drivers/STM32F4xx_HAL_Driver/Src/stm32f4xx_hal.c.obj
                0x08000cc4                HAL_Init
 .text.HAL_IncTick
                0x08000cf8       0x18 CMakeFiles/F411_HelloWorld.elf.dir/Drivers/STM32F4xx_HAL_Driver/Src/stm32f4xx_hal.c.obj
                0x08000cf8                HAL_IncTick
 .text.HAL_GetTick
                0x08000d10        0xc CMakeFiles/F411_HelloWorld.elf.dir/Drivers/STM32F4xx_HAL_Driver/Src/stm32f4xx_hal.c.obj
                0x08000d10                HAL_GetTick
 .text.HAL_Delay
                0x08000d1c       0x28 CMakeFiles/F411_HelloWorld.elf.dir/Drivers/STM32F4xx_HAL_Driver/Src/stm32f4xx_hal.c.obj
                0x08000d1c                HAL_Delay
 .text.HAL_NVIC_SetPriorityGrouping
                0x08000d44       0x24 CMakeFiles/F411_HelloWorld.elf.dir/Drivers/STM32F4xx_HAL_Driver/Src/stm32f4xx_hal_cortex.c.obj
                0x08000d44                HAL_NVIC_SetPriorityGrouping
 .text.HAL_NVIC_SetPriority
                0x08000d68       0x70 CMakeFiles/F411_HelloWorld.elf.dir/Drivers/STM32F4xx_HAL_Driver/Src/stm32f4xx_hal_cortex.c.obj
                0x08000d68                HAL_NVIC_SetPriority
 .text.HAL_SYSTICK_Config
                0x08000dd8       0x28 CMakeFiles/F411_HelloWorld.elf.dir/Drivers/STM32F4xx_HAL_Driver/Src/stm32f4xx_hal_cortex.c.obj
                0x08000dd8                HAL_SYSTICK_Config
 .text.HAL_GPIO_Init
                0x08000e00      0x1c0 CMakeFiles/F411_HelloWorld.elf.dir/Drivers/STM32F4xx_HAL_Driver/Src/stm32f4xx_hal_gpio.c.obj
                0x08000e00                HAL_GPIO_Init
 .text.HAL_GPIO_WritePin
                0x08000fc0        0xc CMakeFiles/F411_HelloWorld.elf.dir/Drivers/STM32F4xx_HAL_Driver/Src/stm32f4xx_hal_gpio.c.obj
                0x08000fc0                HAL_GPIO_WritePin
 .text.HAL_RCC_OscConfig
                0x08000fcc      0x3f8 CMakeFiles/F411_HelloWorld.elf.dir/Drivers/STM32F4xx_HAL_Driver/Src/stm32f4xx_hal_rcc.c.obj
                0x08000fcc                HAL_RCC_OscConfig
 .text.HAL_RCC_GetSysClockFreq
                0x080013c4       0xd4 CMakeFiles/F411_HelloWorld.elf.dir/Drivers/STM32F4xx_HAL_Driver/Src/stm32f4xx_hal_rcc.c.obj
                0x080013c4                HAL_RCC_GetSysClockFreq
 .text.HAL_RCC_ClockConfig
                0x08001498      0x160 CMakeFiles/F411_HelloWorld.elf.dir/Drivers/STM32F4xx_HAL_Driver/Src/stm32f4xx_hal_rcc.c.obj
                0x08001498                HAL_RCC_ClockConfig
 .text.HAL_RCC_GetHCLKFreq
                0x080015f8        0xc CMakeFiles/F411_HelloWorld.elf.dir/Drivers/STM32F4xx_HAL_Driver/Src/stm32f4xx_hal_rcc.c.obj
                0x080015f8                HAL_RCC_GetHCLKFreq
 .text.HAL_RCC_GetPCLK1Freq
                0x08001604       0x20 CMakeFiles/F411_HelloWorld.elf.dir/Drivers/STM32F4xx_HAL_Driver/Src/stm32f4xx_hal_rcc.c.obj
                0x08001604                HAL_RCC_GetPCLK1Freq
 .text.HAL_RCC_GetPCLK2Freq
                0x08001624       0x20 CMakeFiles/F411_HelloWorld.elf.dir/Drivers/STM32F4xx_HAL_Driver/Src/stm32f4xx_hal_rcc.c.obj
                0x08001624                HAL_RCC_GetPCLK2Freq
 .text.UART_SetConfig
                0x08001644      0x110 CMakeFiles/F411_HelloWorld.elf.dir/Drivers/STM32F4xx_HAL_Driver/Src/stm32f4xx_hal_uart.c.obj
 .text.UART_WaitOnFlagUntilTimeout
                0x08001754       0x88 CMakeFiles/F411_HelloWorld.elf.dir/Drivers/STM32F4xx_HAL_Driver/Src/stm32f4xx_hal_uart.c.obj
 .text.HAL_UART_Init
                0x080017dc       0x5e CMakeFiles/F411_HelloWorld.elf.dir/Drivers/STM32F4xx_HAL_Driver/Src/stm32f4xx_hal_uart.c.obj
                0x080017dc                HAL_UART_Init
 .text.HAL_UART_Transmit
                0x0800183a       0xd8 CMakeFiles/F411_HelloWorld.elf.dir/Drivers/STM32F4xx_HAL_Driver/Src/stm32f4xx_hal_uart.c.obj
                0x0800183a                HAL_UART_Transmit
 .text.HAL_UART_Receive
                0x08001912       0xe4 CMakeFiles/F411_HelloWorld.elf.dir/Drivers/STM32F4xx_HAL_Driver/Src/stm32f4xx_hal_uart.c.obj
                0x08001912                HAL_UART_Receive
 *fill*         0x080019f6        0x2 
 .text.__errno  0x080019f8        0xc c:/users/kuo_hsun/stm32cube/gcc-arm-none-eabi-10.3-2021.10/bin/../lib/gcc/arm-none-eabi/10.3.1/../../../../arm-none-eabi/lib/thumb/v7e-m/nofp\libg.a(lib_a-errno.o)
                0x080019f8                __errno
 .text.__libc_init_array
                0x08001a04       0x48 c:/users/kuo_hsun/stm32cube/gcc-arm-none-eabi-10.3-2021.10/bin/../lib/gcc/arm-none-eabi/10.3.1/../../../../arm-none-eabi/lib/thumb/v7e-m/nofp\libg.a(lib_a-init.o)
                0x08001a04                __libc_init_array
 .text.memset   0x08001a4c       0xa4 c:/users/kuo_hsun/stm32cube/gcc-arm-none-eabi-10.3-2021.10/bin/../lib/gcc/arm-none-eabi/10.3.1/../../../../arm-none-eabi/lib/thumb/v7e-m/nofp\libg.a(lib_a-memset.o)
                0x08001a4c                memset
 .text._puts_r  0x08001af0       0x9c c:/users/kuo_hsun/stm32cube/gcc-arm-none-eabi-10.3-2021.10/bin/../lib/gcc/arm-none-eabi/10.3.1/../../../../arm-none-eabi/lib/thumb/v7e-m/nofp\libg.a(lib_a-puts.o)
                0x08001af0                _puts_r
 .text.puts     0x08001b8c       0x10 c:/users/kuo_hsun/stm32cube/gcc-arm-none-eabi-10.3-2021.10/bin/../lib/gcc/arm-none-eabi/10.3.1/../../../../arm-none-eabi/lib/thumb/v7e-m/nofp\libg.a(lib_a-puts.o)
                0x08001b8c                puts
 .text.setvbuf  0x08001b9c      0x1b0 c:/users/kuo_hsun/stm32cube/gcc-arm-none-eabi-10.3-2021.10/bin/../lib/gcc/arm-none-eabi/10.3.1/../../../../arm-none-eabi/lib/thumb/v7e-m/nofp\libg.a(lib_a-setvbuf.o)
                0x08001b9c                setvbuf
 .text.startup.register_fini
                0x08001d4c       0x14 c:/users/kuo_hsun/stm32cube/gcc-arm-none-eabi-10.3-2021.10/bin/../lib/gcc/arm-none-eabi/10.3.1/../../../../arm-none-eabi/lib/thumb/v7e-m/nofp\libg.a(lib_a-__call_atexit.o)
 .text.atexit   0x08001d60        0xc c:/users/kuo_hsun/stm32cube/gcc-arm-none-eabi-10.3-2021.10/bin/../lib/gcc/arm-none-eabi/10.3.1/../../../../arm-none-eabi/lib/thumb/v7e-m/nofp\libg.a(lib_a-atexit.o)
                0x08001d60                atexit
 .text.__sflush_r
                0x08001d6c      0x120 c:/users/kuo_hsun/stm32cube/gcc-arm-none-eabi-10.3-2021.10/bin/../lib/gcc/arm-none-eabi/10.3.1/../../../../arm-none-eabi/lib/thumb/v7e-m/nofp\libg.a(lib_a-fflush.o)
                0x08001d6c                __sflush_r
 .text._fflush_r
                0x08001e8c       0x5c c:/users/kuo_hsun/stm32cube/gcc-arm-none-eabi-10.3-2021.10/bin/../lib/gcc/arm-none-eabi/10.3.1/../../../../arm-none-eabi/lib/thumb/v7e-m/nofp\libg.a(lib_a-fflush.o)
                0x08001e8c                _fflush_r
 .text._cleanup_r
                0x08001ee8        0xc c:/users/kuo_hsun/stm32cube/gcc-arm-none-eabi-10.3-2021.10/bin/../lib/gcc/arm-none-eabi/10.3.1/../../../../arm-none-eabi/lib/thumb/v7e-m/nofp\libg.a(lib_a-findfp.o)
                0x08001ee8                _cleanup_r
 .text.__sinit  0x08001ef4      0x10c c:/users/kuo_hsun/stm32cube/gcc-arm-none-eabi-10.3-2021.10/bin/../lib/gcc/arm-none-eabi/10.3.1/../../../../arm-none-eabi/lib/thumb/v7e-m/nofp\libg.a(lib_a-findfp.o)
                0x08001ef4                __sinit
 .text.__sfp_lock_acquire
                0x08002000        0xc c:/users/kuo_hsun/stm32cube/gcc-arm-none-eabi-10.3-2021.10/bin/../lib/gcc/arm-none-eabi/10.3.1/../../../../arm-none-eabi/lib/thumb/v7e-m/nofp\libg.a(lib_a-findfp.o)
                0x08002000                __sfp_lock_acquire
 .text.__sfp_lock_release
                0x0800200c        0xc c:/users/kuo_hsun/stm32cube/gcc-arm-none-eabi-10.3-2021.10/bin/../lib/gcc/arm-none-eabi/10.3.1/../../../../arm-none-eabi/lib/thumb/v7e-m/nofp\libg.a(lib_a-findfp.o)
                0x0800200c                __sfp_lock_release
 .text.__libc_fini_array
                0x08002018       0x2c c:/users/kuo_hsun/stm32cube/gcc-arm-none-eabi-10.3-2021.10/bin/../lib/gcc/arm-none-eabi/10.3.1/../../../../arm-none-eabi/lib/thumb/v7e-m/nofp\libg.a(lib_a-fini.o)
                0x08002018                __libc_fini_array
 .text._malloc_trim_r
                0x08002044       0xa0 c:/users/kuo_hsun/stm32cube/gcc-arm-none-eabi-10.3-2021.10/bin/../lib/gcc/arm-none-eabi/10.3.1/../../../../arm-none-eabi/lib/thumb/v7e-m/nofp\libg.a(lib_a-freer.o)
                0x08002044                _malloc_trim_r
 .text._free_r  0x080020e4      0x20c c:/users/kuo_hsun/stm32cube/gcc-arm-none-eabi-10.3-2021.10/bin/../lib/gcc/arm-none-eabi/10.3.1/../../../../arm-none-eabi/lib/thumb/v7e-m/nofp\libg.a(lib_a-freer.o)
                0x080020e4                _free_r
 .text.__sfvwrite_r
                0x080022f0      0x2e8 c:/users/kuo_hsun/stm32cube/gcc-arm-none-eabi-10.3-2021.10/bin/../lib/gcc/arm-none-eabi/10.3.1/../../../../arm-none-eabi/lib/thumb/v7e-m/nofp\libg.a(lib_a-fvwrite.o)
                0x080022f0                __sfvwrite_r
 .text._fwalk_reent
                0x080025d8       0x48 c:/users/kuo_hsun/stm32cube/gcc-arm-none-eabi-10.3-2021.10/bin/../lib/gcc/arm-none-eabi/10.3.1/../../../../arm-none-eabi/lib/thumb/v7e-m/nofp\libg.a(lib_a-fwalk.o)
                0x080025d8                _fwalk_reent
 .text.__retarget_lock_init_recursive
                0x08002620        0x4 c:/users/kuo_hsun/stm32cube/gcc-arm-none-eabi-10.3-2021.10/bin/../lib/gcc/arm-none-eabi/10.3.1/../../../../arm-none-eabi/lib/thumb/v7e-m/nofp\libg.a(lib_a-lock.o)
                0x08002620                __retarget_lock_init_recursive
 .text.__retarget_lock_close_recursive
                0x08002624        0x4 c:/users/kuo_hsun/stm32cube/gcc-arm-none-eabi-10.3-2021.10/bin/../lib/gcc/arm-none-eabi/10.3.1/../../../../arm-none-eabi/lib/thumb/v7e-m/nofp\libg.a(lib_a-lock.o)
                0x08002624                __retarget_lock_close_recursive
 .text.__retarget_lock_acquire_recursive
                0x08002628        0x4 c:/users/kuo_hsun/stm32cube/gcc-arm-none-eabi-10.3-2021.10/bin/../lib/gcc/arm-none-eabi/10.3.1/../../../../arm-none-eabi/lib/thumb/v7e-m/nofp\libg.a(lib_a-lock.o)
                0x08002628                __retarget_lock_acquire_recursive
 .text.__retarget_lock_release_recursive
                0x0800262c        0x4 c:/users/kuo_hsun/stm32cube/gcc-arm-none-eabi-10.3-2021.10/bin/../lib/gcc/arm-none-eabi/10.3.1/../../../../arm-none-eabi/lib/thumb/v7e-m/nofp\libg.a(lib_a-lock.o)
                0x0800262c                __retarget_lock_release_recursive
 .text.__smakebuf_r
                0x08002630       0xe0 c:/users/kuo_hsun/stm32cube/gcc-arm-none-eabi-10.3-2021.10/bin/../lib/gcc/arm-none-eabi/10.3.1/../../../../arm-none-eabi/lib/thumb/v7e-m/nofp\libg.a(lib_a-makebuf.o)
                0x08002630                __smakebuf_r
 .text.__swhatbuf_r
                0x08002710       0x60 c:/users/kuo_hsun/stm32cube/gcc-arm-none-eabi-10.3-2021.10/bin/../lib/gcc/arm-none-eabi/10.3.1/../../../../arm-none-eabi/lib/thumb/v7e-m/nofp\libg.a(lib_a-makebuf.o)
                0x08002710                __swhatbuf_r
 .text.malloc   0x08002770       0x10 c:/users/kuo_hsun/stm32cube/gcc-arm-none-eabi-10.3-2021.10/bin/../lib/gcc/arm-none-eabi/10.3.1/../../../../arm-none-eabi/lib/thumb/v7e-m/nofp\libg.a(lib_a-malloc.o)
                0x08002770                malloc
 .text._malloc_r
                0x08002780      0x560 c:/users/kuo_hsun/stm32cube/gcc-arm-none-eabi-10.3-2021.10/bin/../lib/gcc/arm-none-eabi/10.3.1/../../../../arm-none-eabi/lib/thumb/v7e-m/nofp\libg.a(lib_a-mallocr.o)
                0x08002780                _malloc_r
 .text.memmove  0x08002ce0       0xf8 c:/users/kuo_hsun/stm32cube/gcc-arm-none-eabi-10.3-2021.10/bin/../lib/gcc/arm-none-eabi/10.3.1/../../../../arm-none-eabi/lib/thumb/v7e-m/nofp\libg.a(lib_a-memmove.o)
                0x08002ce0                memmove
 .text.__malloc_lock
                0x08002dd8        0xc c:/users/kuo_hsun/stm32cube/gcc-arm-none-eabi-10.3-2021.10/bin/../lib/gcc/arm-none-eabi/10.3.1/../../../../arm-none-eabi/lib/thumb/v7e-m/nofp\libg.a(lib_a-mlock.o)
                0x08002dd8                __malloc_lock
 .text.__malloc_unlock
                0x08002de4        0xc c:/users/kuo_hsun/stm32cube/gcc-arm-none-eabi-10.3-2021.10/bin/../lib/gcc/arm-none-eabi/10.3.1/../../../../arm-none-eabi/lib/thumb/v7e-m/nofp\libg.a(lib_a-mlock.o)
                0x08002de4                __malloc_unlock
 .text._realloc_r
                0x08002df0      0x3d8 c:/users/kuo_hsun/stm32cube/gcc-arm-none-eabi-10.3-2021.10/bin/../lib/gcc/arm-none-eabi/10.3.1/../../../../arm-none-eabi/lib/thumb/v7e-m/nofp\libg.a(lib_a-reallocr.o)
                0x08002df0                _realloc_r
 .text._sbrk_r  0x080031c8       0x24 c:/users/kuo_hsun/stm32cube/gcc-arm-none-eabi-10.3-2021.10/bin/../lib/gcc/arm-none-eabi/10.3.1/../../../../arm-none-eabi/lib/thumb/v7e-m/nofp\libg.a(lib_a-sbrkr.o)
                0x080031c8                _sbrk_r
 .text.__sread  0x080031ec       0x24 c:/users/kuo_hsun/stm32cube/gcc-arm-none-eabi-10.3-2021.10/bin/../lib/gcc/arm-none-eabi/10.3.1/../../../../arm-none-eabi/lib/thumb/v7e-m/nofp\libg.a(lib_a-stdio.o)
                0x080031ec                __sread
 .text.__swrite
                0x08003210       0x40 c:/users/kuo_hsun/stm32cube/gcc-arm-none-eabi-10.3-2021.10/bin/../lib/gcc/arm-none-eabi/10.3.1/../../../../arm-none-eabi/lib/thumb/v7e-m/nofp\libg.a(lib_a-stdio.o)
                0x08003210                __swrite
 .text.__sseek  0x08003250       0x20 c:/users/kuo_hsun/stm32cube/gcc-arm-none-eabi-10.3-2021.10/bin/../lib/gcc/arm-none-eabi/10.3.1/../../../../arm-none-eabi/lib/thumb/v7e-m/nofp\libg.a(lib_a-stdio.o)
                0x08003250                __sseek
 .text.__sclose
                0x08003270        0x8 c:/users/kuo_hsun/stm32cube/gcc-arm-none-eabi-10.3-2021.10/bin/../lib/gcc/arm-none-eabi/10.3.1/../../../../arm-none-eabi/lib/thumb/v7e-m/nofp\libg.a(lib_a-stdio.o)
                0x08003270                __sclose
 .text._write_r
                0x08003278       0x2c c:/users/kuo_hsun/stm32cube/gcc-arm-none-eabi-10.3-2021.10/bin/../lib/gcc/arm-none-eabi/10.3.1/../../../../arm-none-eabi/lib/thumb/v7e-m/nofp\libg.a(lib_a-writer.o)
                0x08003278                _write_r
 .text.__swsetup_r
                0x080032a4       0xd4 c:/users/kuo_hsun/stm32cube/gcc-arm-none-eabi-10.3-2021.10/bin/../lib/gcc/arm-none-eabi/10.3.1/../../../../arm-none-eabi/lib/thumb/v7e-m/nofp\libg.a(lib_a-wsetup.o)
                0x080032a4                __swsetup_r
 .text.__register_exitproc
                0x08003378       0x8c c:/users/kuo_hsun/stm32cube/gcc-arm-none-eabi-10.3-2021.10/bin/../lib/gcc/arm-none-eabi/10.3.1/../../../../arm-none-eabi/lib/thumb/v7e-m/nofp\libg.a(lib_a-__atexit.o)
                0x08003378                __register_exitproc
 .text._close_r
                0x08003404       0x24 c:/users/kuo_hsun/stm32cube/gcc-arm-none-eabi-10.3-2021.10/bin/../lib/gcc/arm-none-eabi/10.3.1/../../../../arm-none-eabi/lib/thumb/v7e-m/nofp\libg.a(lib_a-closer.o)
                0x08003404                _close_r
 .text._fclose_r
                0x08003428       0xcc c:/users/kuo_hsun/stm32cube/gcc-arm-none-eabi-10.3-2021.10/bin/../lib/gcc/arm-none-eabi/10.3.1/../../../../arm-none-eabi/lib/thumb/v7e-m/nofp\libg.a(lib_a-fclose.o)
                0x08003428                _fclose_r
 .text._fstat_r
                0x080034f4       0x2c c:/users/kuo_hsun/stm32cube/gcc-arm-none-eabi-10.3-2021.10/bin/../lib/gcc/arm-none-eabi/10.3.1/../../../../arm-none-eabi/lib/thumb/v7e-m/nofp\libg.a(lib_a-fstatr.o)
                0x080034f4                _fstat_r
 .text._isatty_r
                0x08003520       0x24 c:/users/kuo_hsun/stm32cube/gcc-arm-none-eabi-10.3-2021.10/bin/../lib/gcc/arm-none-eabi/10.3.1/../../../../arm-none-eabi/lib/thumb/v7e-m/nofp\libg.a(lib_a-isattyr.o)
                0x08003520                _isatty_r
 .text._lseek_r
                0x08003544       0x2c c:/users/kuo_hsun/stm32cube/gcc-arm-none-eabi-10.3-2021.10/bin/../lib/gcc/arm-none-eabi/10.3.1/../../../../arm-none-eabi/lib/thumb/v7e-m/nofp\libg.a(lib_a-lseekr.o)
                0x08003544                _lseek_r
 .text._read_r  0x08003570       0x2c c:/users/kuo_hsun/stm32cube/gcc-arm-none-eabi-10.3-2021.10/bin/../lib/gcc/arm-none-eabi/10.3.1/../../../../arm-none-eabi/lib/thumb/v7e-m/nofp\libg.a(lib_a-readr.o)
                0x08003570                _read_r
 *(.glue_7)
 .glue_7        0x0800359c        0x0 linker stubs
 *(.glue_7t)
 .glue_7t       0x0800359c        0x0 linker stubs
 *(.eh_frame)
 .eh_frame      0x0800359c        0x0 c:/users/kuo_hsun/stm32cube/gcc-arm-none-eabi-10.3-2021.10/bin/../lib/gcc/arm-none-eabi/10.3.1/thumb/v7e-m/nofp/crtbegin.o
 *(.init)
 .init          0x0800359c        0x4 c:/users/kuo_hsun/stm32cube/gcc-arm-none-eabi-10.3-2021.10/bin/../lib/gcc/arm-none-eabi/10.3.1/thumb/v7e-m/nofp/crti.o
                0x0800359c                _init
 .init          0x080035a0        0x8 c:/users/kuo_hsun/stm32cube/gcc-arm-none-eabi-10.3-2021.10/bin/../lib/gcc/arm-none-eabi/10.3.1/thumb/v7e-m/nofp/crtn.o
 *(.fini)
 .fini          0x080035a8        0x4 c:/users/kuo_hsun/stm32cube/gcc-arm-none-eabi-10.3-2021.10/bin/../lib/gcc/arm-none-eabi/10.3.1/thumb/v7e-m/nofp/crti.o
                0x080035a8                _fini
 .fini          0x080035ac        0x8 c:/users/kuo_hsun/stm32cube/gcc-arm-none-eabi-10.3-2021.10/bin/../lib/gcc/arm-none-eabi/10.3.1/thumb/v7e-m/nofp/crtn.o
                0x080035b4                . = ALIGN (0x4)
                0x080035b4                _etext = .

.vfp11_veneer   0x080035b4        0x0
 .vfp11_veneer  0x080035b4        0x0 linker stubs

.v4_bx          0x080035b4        0x0
 .v4_bx         0x080035b4        0x0 linker stubs

.iplt           0x080035b4        0x0
 .iplt          0x080035b4        0x0 c:/users/kuo_hsun/stm32cube/gcc-arm-none-eabi-10.3-2021.10/bin/../lib/gcc/arm-none-eabi/10.3.1/thumb/v7e-m/nofp/crtbegin.o

.rodata         0x080035b4       0x30
                0x080035b4                . = ALIGN (0x4)
 *(.rodata)
 *(.rodata*)
 .rodata.main.str1.4
                0x080035b4        0xe CMakeFiles/F411_HelloWorld.elf.dir/Core/Src/main.c.obj
 *fill*         0x080035c2        0x2 
 .rodata.AHBPrescTable
                0x080035c4       0x10 CMakeFiles/F411_HelloWorld.elf.dir/Core/Src/system_stm32f4xx.c.obj
                0x080035c4                AHBPrescTable
 .rodata.APBPrescTable
                0x080035d4        0x8 CMakeFiles/F411_HelloWorld.elf.dir/Core/Src/system_stm32f4xx.c.obj
                0x080035d4                APBPrescTable
 .rodata._global_impure_ptr
                0x080035dc        0x4 c:/users/kuo_hsun/stm32cube/gcc-arm-none-eabi-10.3-2021.10/bin/../lib/gcc/arm-none-eabi/10.3.1/../../../../arm-none-eabi/lib/thumb/v7e-m/nofp\libg.a(lib_a-impure.o)
                0x080035dc                _global_impure_ptr
 .rodata._puts_r.str1.4
                0x080035e0        0x2 c:/users/kuo_hsun/stm32cube/gcc-arm-none-eabi-10.3-2021.10/bin/../lib/gcc/arm-none-eabi/10.3.1/../../../../arm-none-eabi/lib/thumb/v7e-m/nofp\libg.a(lib_a-puts.o)
                0x080035e4                . = ALIGN (0x4)
 *fill*         0x080035e2        0x2 

.ARM.extab      0x080035e4        0x0
                0x080035e4                . = ALIGN (0x4)
 *(.ARM.extab* .gnu.linkonce.armextab.*)
                0x080035e4                . = ALIGN (0x4)

.ARM            0x080035e4        0x8
                0x080035e4                . = ALIGN (0x4)
                0x080035e4                __exidx_start = .
 *(.ARM.exidx*)
 .ARM.exidx     0x080035e4        0x8 c:/users/kuo_hsun/stm32cube/gcc-arm-none-eabi-10.3-2021.10/bin/../lib/gcc/arm-none-eabi/10.3.1/thumb/v7e-m/nofp\libgcc.a(_udivmoddi4.o)
                0x080035ec                __exidx_end = .
                0x080035ec                . = ALIGN (0x4)

.rel.dyn        0x080035ec        0x0
 .rel.iplt      0x080035ec        0x0 c:/users/kuo_hsun/stm32cube/gcc-arm-none-eabi-10.3-2021.10/bin/../lib/gcc/arm-none-eabi/10.3.1/thumb/v7e-m/nofp/crtbegin.o

.preinit_array  0x080035ec        0x0
                0x080035ec                . = ALIGN (0x4)
                0x080035ec                PROVIDE (__preinit_array_start = .)
 *(.preinit_array*)
                0x080035ec                PROVIDE (__preinit_array_end = .)
                0x080035ec                . = ALIGN (0x4)

.init_array     0x080035ec        0x8
                0x080035ec                . = ALIGN (0x4)
                0x080035ec                PROVIDE (__init_array_start = .)
 *(SORT_BY_NAME(.init_array.*))
 .init_array.00000
                0x080035ec        0x4 c:/users/kuo_hsun/stm32cube/gcc-arm-none-eabi-10.3-2021.10/bin/../lib/gcc/arm-none-eabi/10.3.1/../../../../arm-none-eabi/lib/thumb/v7e-m/nofp\libg.a(lib_a-__call_atexit.o)
 *(.init_array*)
 .init_array    0x080035f0        0x4 c:/users/kuo_hsun/stm32cube/gcc-arm-none-eabi-10.3-2021.10/bin/../lib/gcc/arm-none-eabi/10.3.1/thumb/v7e-m/nofp/crtbegin.o
                0x080035f4                PROVIDE (__init_array_end = .)
                0x080035f4                . = ALIGN (0x4)

.fini_array     0x080035f4        0x4
                0x080035f4                . = ALIGN (0x4)
                0x080035f4                PROVIDE (__fini_array_start = .)
 *(SORT_BY_NAME(.fini_array.*))
 *(.fini_array*)
 .fini_array    0x080035f4        0x4 c:/users/kuo_hsun/stm32cube/gcc-arm-none-eabi-10.3-2021.10/bin/../lib/gcc/arm-none-eabi/10.3.1/thumb/v7e-m/nofp/crtbegin.o
                0x080035f8                PROVIDE (__fini_array_end = .)
                0x080035f8                . = ALIGN (0x4)
                0x080035f8                _sidata = LOADADDR (.data)

.data           0x20000000      0x84c load address 0x080035f8
                0x20000000                . = ALIGN (0x4)
                0x20000000                _sdata = .
 *(.data)
 *(.data*)
 .data.SystemCoreClock
                0x20000000        0x4 CMakeFiles/F411_HelloWorld.elf.dir/Core/Src/system_stm32f4xx.c.obj
                0x20000000                SystemCoreClock
 .data.uwTickFreq
                0x20000004        0x1 CMakeFiles/F411_HelloWorld.elf.dir/Drivers/STM32F4xx_HAL_Driver/Src/stm32f4xx_hal.c.obj
                0x20000004                uwTickFreq
 *fill*         0x20000005        0x3 
 .data.uwTickPrio
                0x20000008        0x4 CMakeFiles/F411_HelloWorld.elf.dir/Drivers/STM32F4xx_HAL_Driver/Src/stm32f4xx_hal.c.obj
                0x20000008                uwTickPrio
 .data._impure_ptr
                0x2000000c        0x4 c:/users/kuo_hsun/stm32cube/gcc-arm-none-eabi-10.3-2021.10/bin/../lib/gcc/arm-none-eabi/10.3.1/../../../../arm-none-eabi/lib/thumb/v7e-m/nofp\libg.a(lib_a-impure.o)
                0x2000000c                _impure_ptr
 .data.impure_data
                0x20000010      0x428 c:/users/kuo_hsun/stm32cube/gcc-arm-none-eabi-10.3-2021.10/bin/../lib/gcc/arm-none-eabi/10.3.1/../../../../arm-none-eabi/lib/thumb/v7e-m/nofp\libg.a(lib_a-impure.o)
 .data.__atexit_recursive_mutex
                0x20000438        0x4 c:/users/kuo_hsun/stm32cube/gcc-arm-none-eabi-10.3-2021.10/bin/../lib/gcc/arm-none-eabi/10.3.1/../../../../arm-none-eabi/lib/thumb/v7e-m/nofp\libg.a(lib_a-__call_atexit.o)
                0x20000438                __atexit_recursive_mutex
 .data.__malloc_av_
                0x2000043c      0x408 c:/users/kuo_hsun/stm32cube/gcc-arm-none-eabi-10.3-2021.10/bin/../lib/gcc/arm-none-eabi/10.3.1/../../../../arm-none-eabi/lib/thumb/v7e-m/nofp\libg.a(lib_a-mallocr.o)
                0x2000043c                __malloc_av_
 .data.__malloc_sbrk_base
                0x20000844        0x4 c:/users/kuo_hsun/stm32cube/gcc-arm-none-eabi-10.3-2021.10/bin/../lib/gcc/arm-none-eabi/10.3.1/../../../../arm-none-eabi/lib/thumb/v7e-m/nofp\libg.a(lib_a-mallocr.o)
                0x20000844                __malloc_sbrk_base
 .data.__malloc_trim_threshold
                0x20000848        0x4 c:/users/kuo_hsun/stm32cube/gcc-arm-none-eabi-10.3-2021.10/bin/../lib/gcc/arm-none-eabi/10.3.1/../../../../arm-none-eabi/lib/thumb/v7e-m/nofp\libg.a(lib_a-mallocr.o)
                0x20000848                __malloc_trim_threshold
 *(.RamFunc)
 *(.RamFunc*)
                0x2000084c                . = ALIGN (0x4)
                0x2000084c                _edata = .

.igot.plt       0x2000084c        0x0 load address 0x08003e44
 .igot.plt      0x2000084c        0x0 c:/users/kuo_hsun/stm32cube/gcc-arm-none-eabi-10.3-2021.10/bin/../lib/gcc/arm-none-eabi/10.3.1/thumb/v7e-m/nofp/crtbegin.o
                0x2000084c                . = ALIGN (0x4)

.bss            0x2000084c       0xf8 load address 0x08003e44
                0x2000084c                _sbss = .
                0x2000084c                __bss_start__ = _sbss
 *(.bss)
 .bss           0x2000084c       0x1c c:/users/kuo_hsun/stm32cube/gcc-arm-none-eabi-10.3-2021.10/bin/../lib/gcc/arm-none-eabi/10.3.1/thumb/v7e-m/nofp/crtbegin.o
 *(.bss*)
 .bss.gHuart    0x20000868        0x4 CMakeFiles/F411_HelloWorld.elf.dir/Core/Src/retarget.c.obj
                0x20000868                gHuart
 .bss.__sbrk_heap_end
                0x2000086c        0x4 CMakeFiles/F411_HelloWorld.elf.dir/Core/Src/sysmem.c.obj
 .bss.huart1    0x20000870       0x44 CMakeFiles/F411_HelloWorld.elf.dir/Core/Src/usart.c.obj
                0x20000870                huart1
 .bss.huart2    0x200008b4       0x44 CMakeFiles/F411_HelloWorld.elf.dir/Core/Src/usart.c.obj
                0x200008b4                huart2
 .bss.uwTick    0x200008f8        0x4 CMakeFiles/F411_HelloWorld.elf.dir/Drivers/STM32F4xx_HAL_Driver/Src/stm32f4xx_hal.c.obj
                0x200008f8                uwTick
 .bss.__lock___atexit_recursive_mutex
                0x200008fc        0x1 c:/users/kuo_hsun/stm32cube/gcc-arm-none-eabi-10.3-2021.10/bin/../lib/gcc/arm-none-eabi/10.3.1/../../../../arm-none-eabi/lib/thumb/v7e-m/nofp\libg.a(lib_a-lock.o)
                0x200008fc                __lock___atexit_recursive_mutex
 *fill*         0x200008fd        0x3 
 .bss.__lock___malloc_recursive_mutex
                0x20000900        0x1 c:/users/kuo_hsun/stm32cube/gcc-arm-none-eabi-10.3-2021.10/bin/../lib/gcc/arm-none-eabi/10.3.1/../../../../arm-none-eabi/lib/thumb/v7e-m/nofp\libg.a(lib_a-lock.o)
                0x20000900                __lock___malloc_recursive_mutex
 *fill*         0x20000901        0x3 
 .bss.__lock___sfp_recursive_mutex
                0x20000904        0x1 c:/users/kuo_hsun/stm32cube/gcc-arm-none-eabi-10.3-2021.10/bin/../lib/gcc/arm-none-eabi/10.3.1/../../../../arm-none-eabi/lib/thumb/v7e-m/nofp\libg.a(lib_a-lock.o)
                0x20000904                __lock___sfp_recursive_mutex
 *fill*         0x20000905        0x3 
 .bss.__lock___sinit_recursive_mutex
                0x20000908        0x1 c:/users/kuo_hsun/stm32cube/gcc-arm-none-eabi-10.3-2021.10/bin/../lib/gcc/arm-none-eabi/10.3.1/../../../../arm-none-eabi/lib/thumb/v7e-m/nofp\libg.a(lib_a-lock.o)
                0x20000908                __lock___sinit_recursive_mutex
 *fill*         0x20000909        0x3 
 .bss.__malloc_current_mallinfo
                0x2000090c       0x28 c:/users/kuo_hsun/stm32cube/gcc-arm-none-eabi-10.3-2021.10/bin/../lib/gcc/arm-none-eabi/10.3.1/../../../../arm-none-eabi/lib/thumb/v7e-m/nofp\libg.a(lib_a-mallocr.o)
                0x2000090c                __malloc_current_mallinfo
 .bss.__malloc_max_sbrked_mem
                0x20000934        0x4 c:/users/kuo_hsun/stm32cube/gcc-arm-none-eabi-10.3-2021.10/bin/../lib/gcc/arm-none-eabi/10.3.1/../../../../arm-none-eabi/lib/thumb/v7e-m/nofp\libg.a(lib_a-mallocr.o)
                0x20000934                __malloc_max_sbrked_mem
 .bss.__malloc_max_total_mem
                0x20000938        0x4 c:/users/kuo_hsun/stm32cube/gcc-arm-none-eabi-10.3-2021.10/bin/../lib/gcc/arm-none-eabi/10.3.1/../../../../arm-none-eabi/lib/thumb/v7e-m/nofp\libg.a(lib_a-mallocr.o)
                0x20000938                __malloc_max_total_mem
 .bss.__malloc_top_pad
                0x2000093c        0x4 c:/users/kuo_hsun/stm32cube/gcc-arm-none-eabi-10.3-2021.10/bin/../lib/gcc/arm-none-eabi/10.3.1/../../../../arm-none-eabi/lib/thumb/v7e-m/nofp\libg.a(lib_a-mallocr.o)
                0x2000093c                __malloc_top_pad
 .bss.errno     0x20000940        0x4 c:/users/kuo_hsun/stm32cube/gcc-arm-none-eabi-10.3-2021.10/bin/../lib/gcc/arm-none-eabi/10.3.1/../../../../arm-none-eabi/lib/thumb/v7e-m/nofp\libg.a(lib_a-reent.o)
                0x20000940                errno
 *(COMMON)
                0x20000944                . = ALIGN (0x4)
                0x20000944                _ebss = .
                0x20000944                __bss_end__ = _ebss

._user_heap_stack
                0x20000944      0x604 load address 0x08003e44
                0x20000948                . = ALIGN (0x8)
 *fill*         0x20000944        0x4 
                [!provide]                PROVIDE (end = .)
                0x20000948                PROVIDE (_end = .)
                0x20000b48                . = (. + _Min_Heap_Size)
 *fill*         0x20000948      0x200 
                0x20000f48                . = (. + _Min_Stack_Size)
 *fill*         0x20000b48      0x400 
                0x20000f48                . = ALIGN (0x8)

/DISCARD/
 libc.a(*)
 libm.a(*)
 libgcc.a(*)

.ARM.attributes
                0x00000000       0x2a
 *(.ARM.attributes)
 .ARM.attributes
                0x00000000       0x1e c:/users/kuo_hsun/stm32cube/gcc-arm-none-eabi-10.3-2021.10/bin/../lib/gcc/arm-none-eabi/10.3.1/thumb/v7e-m/nofp/crti.o
 .ARM.attributes
                0x0000001e       0x2e c:/users/kuo_hsun/stm32cube/gcc-arm-none-eabi-10.3-2021.10/bin/../lib/gcc/arm-none-eabi/10.3.1/thumb/v7e-m/nofp/crtbegin.o
 .ARM.attributes
                0x0000004c       0x2e CMakeFiles/F411_HelloWorld.elf.dir/Core/Src/gpio.c.obj
 .ARM.attributes
                0x0000007a       0x2e CMakeFiles/F411_HelloWorld.elf.dir/Core/Src/main.c.obj
 .ARM.attributes
                0x000000a8       0x2e CMakeFiles/F411_HelloWorld.elf.dir/Core/Src/retarget.c.obj
 .ARM.attributes
                0x000000d6       0x2e CMakeFiles/F411_HelloWorld.elf.dir/Core/Src/stm32f4xx_hal_msp.c.obj
 .ARM.attributes
                0x00000104       0x2e CMakeFiles/F411_HelloWorld.elf.dir/Core/Src/stm32f4xx_it.c.obj
 .ARM.attributes
                0x00000132       0x2e CMakeFiles/F411_HelloWorld.elf.dir/Core/Src/sysmem.c.obj
 .ARM.attributes
                0x00000160       0x2e CMakeFiles/F411_HelloWorld.elf.dir/Core/Src/system_stm32f4xx.c.obj
 .ARM.attributes
                0x0000018e       0x2e CMakeFiles/F411_HelloWorld.elf.dir/Core/Src/usart.c.obj
 .ARM.attributes
                0x000001bc       0x21 CMakeFiles/F411_HelloWorld.elf.dir/Core/Startup/startup_stm32f411retx.s.obj
 .ARM.attributes
                0x000001dd       0x2e CMakeFiles/F411_HelloWorld.elf.dir/Drivers/STM32F4xx_HAL_Driver/Src/stm32f4xx_hal.c.obj
 .ARM.attributes
                0x0000020b       0x2e CMakeFiles/F411_HelloWorld.elf.dir/Drivers/STM32F4xx_HAL_Driver/Src/stm32f4xx_hal_cortex.c.obj
 .ARM.attributes
                0x00000239       0x2e CMakeFiles/F411_HelloWorld.elf.dir/Drivers/STM32F4xx_HAL_Driver/Src/stm32f4xx_hal_gpio.c.obj
 .ARM.attributes
                0x00000267       0x2e CMakeFiles/F411_HelloWorld.elf.dir/Drivers/STM32F4xx_HAL_Driver/Src/stm32f4xx_hal_rcc.c.obj
 .ARM.attributes
                0x00000295       0x2e CMakeFiles/F411_HelloWorld.elf.dir/Drivers/STM32F4xx_HAL_Driver/Src/stm32f4xx_hal_uart.c.obj
 .ARM.attributes
                0x000002c3       0x1e c:/users/kuo_hsun/stm32cube/gcc-arm-none-eabi-10.3-2021.10/bin/../lib/gcc/arm-none-eabi/10.3.1/thumb/v7e-m/nofp\libgcc.a(_aeabi_uldivmod.o)
 .ARM.attributes
                0x000002e1       0x2e c:/users/kuo_hsun/stm32cube/gcc-arm-none-eabi-10.3-2021.10/bin/../lib/gcc/arm-none-eabi/10.3.1/thumb/v7e-m/nofp\libgcc.a(_udivmoddi4.o)
 .ARM.attributes
                0x0000030f       0x1e c:/users/kuo_hsun/stm32cube/gcc-arm-none-eabi-10.3-2021.10/bin/../lib/gcc/arm-none-eabi/10.3.1/thumb/v7e-m/nofp\libgcc.a(_dvmd_tls.o)
 .ARM.attributes
                0x0000032d       0x2e c:/users/kuo_hsun/stm32cube/gcc-arm-none-eabi-10.3-2021.10/bin/../lib/gcc/arm-none-eabi/10.3.1/../../../../arm-none-eabi/lib/thumb/v7e-m/nofp\libg.a(lib_a-errno.o)
 .ARM.attributes
                0x0000035b       0x2e c:/users/kuo_hsun/stm32cube/gcc-arm-none-eabi-10.3-2021.10/bin/../lib/gcc/arm-none-eabi/10.3.1/../../../../arm-none-eabi/lib/thumb/v7e-m/nofp\libg.a(lib_a-impure.o)
 .ARM.attributes
                0x00000389       0x2e c:/users/kuo_hsun/stm32cube/gcc-arm-none-eabi-10.3-2021.10/bin/../lib/gcc/arm-none-eabi/10.3.1/../../../../arm-none-eabi/lib/thumb/v7e-m/nofp\libg.a(lib_a-init.o)
 .ARM.attributes
                0x000003b7       0x2e c:/users/kuo_hsun/stm32cube/gcc-arm-none-eabi-10.3-2021.10/bin/../lib/gcc/arm-none-eabi/10.3.1/../../../../arm-none-eabi/lib/thumb/v7e-m/nofp\libg.a(lib_a-memset.o)
 .ARM.attributes
                0x000003e5       0x2e c:/users/kuo_hsun/stm32cube/gcc-arm-none-eabi-10.3-2021.10/bin/../lib/gcc/arm-none-eabi/10.3.1/../../../../arm-none-eabi/lib/thumb/v7e-m/nofp\libg.a(lib_a-puts.o)
 .ARM.attributes
                0x00000413       0x2e c:/users/kuo_hsun/stm32cube/gcc-arm-none-eabi-10.3-2021.10/bin/../lib/gcc/arm-none-eabi/10.3.1/../../../../arm-none-eabi/lib/thumb/v7e-m/nofp\libg.a(lib_a-setvbuf.o)
 .ARM.attributes
                0x00000441       0x1c c:/users/kuo_hsun/stm32cube/gcc-arm-none-eabi-10.3-2021.10/bin/../lib/gcc/arm-none-eabi/10.3.1/../../../../arm-none-eabi/lib/thumb/v7e-m/nofp\libg.a(lib_a-strlen.o)
 .ARM.attributes
                0x0000045d       0x2e c:/users/kuo_hsun/stm32cube/gcc-arm-none-eabi-10.3-2021.10/bin/../lib/gcc/arm-none-eabi/10.3.1/../../../../arm-none-eabi/lib/thumb/v7e-m/nofp\libg.a(lib_a-__call_atexit.o)
 .ARM.attributes
                0x0000048b       0x2e c:/users/kuo_hsun/stm32cube/gcc-arm-none-eabi-10.3-2021.10/bin/../lib/gcc/arm-none-eabi/10.3.1/../../../../arm-none-eabi/lib/thumb/v7e-m/nofp\libg.a(lib_a-atexit.o)
 .ARM.attributes
                0x000004b9       0x2e c:/users/kuo_hsun/stm32cube/gcc-arm-none-eabi-10.3-2021.10/bin/../lib/gcc/arm-none-eabi/10.3.1/../../../../arm-none-eabi/lib/thumb/v7e-m/nofp\libg.a(lib_a-fflush.o)
 .ARM.attributes
                0x000004e7       0x2e c:/users/kuo_hsun/stm32cube/gcc-arm-none-eabi-10.3-2021.10/bin/../lib/gcc/arm-none-eabi/10.3.1/../../../../arm-none-eabi/lib/thumb/v7e-m/nofp\libg.a(lib_a-findfp.o)
 .ARM.attributes
                0x00000515       0x2e c:/users/kuo_hsun/stm32cube/gcc-arm-none-eabi-10.3-2021.10/bin/../lib/gcc/arm-none-eabi/10.3.1/../../../../arm-none-eabi/lib/thumb/v7e-m/nofp\libg.a(lib_a-fini.o)
 .ARM.attributes
                0x00000543       0x2e c:/users/kuo_hsun/stm32cube/gcc-arm-none-eabi-10.3-2021.10/bin/../lib/gcc/arm-none-eabi/10.3.1/../../../../arm-none-eabi/lib/thumb/v7e-m/nofp\libg.a(lib_a-freer.o)
 .ARM.attributes
                0x00000571       0x2e c:/users/kuo_hsun/stm32cube/gcc-arm-none-eabi-10.3-2021.10/bin/../lib/gcc/arm-none-eabi/10.3.1/../../../../arm-none-eabi/lib/thumb/v7e-m/nofp\libg.a(lib_a-fvwrite.o)
 .ARM.attributes
                0x0000059f       0x2e c:/users/kuo_hsun/stm32cube/gcc-arm-none-eabi-10.3-2021.10/bin/../lib/gcc/arm-none-eabi/10.3.1/../../../../arm-none-eabi/lib/thumb/v7e-m/nofp\libg.a(lib_a-fwalk.o)
 .ARM.attributes
                0x000005cd       0x2e c:/users/kuo_hsun/stm32cube/gcc-arm-none-eabi-10.3-2021.10/bin/../lib/gcc/arm-none-eabi/10.3.1/../../../../arm-none-eabi/lib/thumb/v7e-m/nofp\libg.a(lib_a-lock.o)
 .ARM.attributes
                0x000005fb       0x2e c:/users/kuo_hsun/stm32cube/gcc-arm-none-eabi-10.3-2021.10/bin/../lib/gcc/arm-none-eabi/10.3.1/../../../../arm-none-eabi/lib/thumb/v7e-m/nofp\libg.a(lib_a-makebuf.o)
 .ARM.attributes
                0x00000629       0x2e c:/users/kuo_hsun/stm32cube/gcc-arm-none-eabi-10.3-2021.10/bin/../lib/gcc/arm-none-eabi/10.3.1/../../../../arm-none-eabi/lib/thumb/v7e-m/nofp\libg.a(lib_a-malloc.o)
 .ARM.attributes
                0x00000657       0x2e c:/users/kuo_hsun/stm32cube/gcc-arm-none-eabi-10.3-2021.10/bin/../lib/gcc/arm-none-eabi/10.3.1/../../../../arm-none-eabi/lib/thumb/v7e-m/nofp\libg.a(lib_a-mallocr.o)
 .ARM.attributes
                0x00000685       0x1c c:/users/kuo_hsun/stm32cube/gcc-arm-none-eabi-10.3-2021.10/bin/../lib/gcc/arm-none-eabi/10.3.1/../../../../arm-none-eabi/lib/thumb/v7e-m/nofp\libg.a(lib_a-memchr.o)
 .ARM.attributes
                0x000006a1       0x1c c:/users/kuo_hsun/stm32cube/gcc-arm-none-eabi-10.3-2021.10/bin/../lib/gcc/arm-none-eabi/10.3.1/../../../../arm-none-eabi/lib/thumb/v7e-m/nofp\libg.a(lib_a-memcpy.o)
 .ARM.attributes
                0x000006bd       0x2e c:/users/kuo_hsun/stm32cube/gcc-arm-none-eabi-10.3-2021.10/bin/../lib/gcc/arm-none-eabi/10.3.1/../../../../arm-none-eabi/lib/thumb/v7e-m/nofp\libg.a(lib_a-memmove.o)
 .ARM.attributes
                0x000006eb       0x2e c:/users/kuo_hsun/stm32cube/gcc-arm-none-eabi-10.3-2021.10/bin/../lib/gcc/arm-none-eabi/10.3.1/../../../../arm-none-eabi/lib/thumb/v7e-m/nofp\libg.a(lib_a-mlock.o)
 .ARM.attributes
                0x00000719       0x2e c:/users/kuo_hsun/stm32cube/gcc-arm-none-eabi-10.3-2021.10/bin/../lib/gcc/arm-none-eabi/10.3.1/../../../../arm-none-eabi/lib/thumb/v7e-m/nofp\libg.a(lib_a-reallocr.o)
 .ARM.attributes
                0x00000747       0x2e c:/users/kuo_hsun/stm32cube/gcc-arm-none-eabi-10.3-2021.10/bin/../lib/gcc/arm-none-eabi/10.3.1/../../../../arm-none-eabi/lib/thumb/v7e-m/nofp\libg.a(lib_a-sbrkr.o)
 .ARM.attributes
                0x00000775       0x2e c:/users/kuo_hsun/stm32cube/gcc-arm-none-eabi-10.3-2021.10/bin/../lib/gcc/arm-none-eabi/10.3.1/../../../../arm-none-eabi/lib/thumb/v7e-m/nofp\libg.a(lib_a-stdio.o)
 .ARM.attributes
                0x000007a3       0x2e c:/users/kuo_hsun/stm32cube/gcc-arm-none-eabi-10.3-2021.10/bin/../lib/gcc/arm-none-eabi/10.3.1/../../../../arm-none-eabi/lib/thumb/v7e-m/nofp\libg.a(lib_a-writer.o)
 .ARM.attributes
                0x000007d1       0x2e c:/users/kuo_hsun/stm32cube/gcc-arm-none-eabi-10.3-2021.10/bin/../lib/gcc/arm-none-eabi/10.3.1/../../../../arm-none-eabi/lib/thumb/v7e-m/nofp\libg.a(lib_a-wsetup.o)
 .ARM.attributes
                0x000007ff       0x2e c:/users/kuo_hsun/stm32cube/gcc-arm-none-eabi-10.3-2021.10/bin/../lib/gcc/arm-none-eabi/10.3.1/../../../../arm-none-eabi/lib/thumb/v7e-m/nofp\libg.a(lib_a-__atexit.o)
 .ARM.attributes
                0x0000082d       0x2e c:/users/kuo_hsun/stm32cube/gcc-arm-none-eabi-10.3-2021.10/bin/../lib/gcc/arm-none-eabi/10.3.1/../../../../arm-none-eabi/lib/thumb/v7e-m/nofp\libg.a(lib_a-closer.o)
 .ARM.attributes
                0x0000085b       0x2e c:/users/kuo_hsun/stm32cube/gcc-arm-none-eabi-10.3-2021.10/bin/../lib/gcc/arm-none-eabi/10.3.1/../../../../arm-none-eabi/lib/thumb/v7e-m/nofp\libg.a(lib_a-fclose.o)
 .ARM.attributes
                0x00000889       0x2e c:/users/kuo_hsun/stm32cube/gcc-arm-none-eabi-10.3-2021.10/bin/../lib/gcc/arm-none-eabi/10.3.1/../../../../arm-none-eabi/lib/thumb/v7e-m/nofp\libg.a(lib_a-fstatr.o)
 .ARM.attributes
                0x000008b7       0x2e c:/users/kuo_hsun/stm32cube/gcc-arm-none-eabi-10.3-2021.10/bin/../lib/gcc/arm-none-eabi/10.3.1/../../../../arm-none-eabi/lib/thumb/v7e-m/nofp\libg.a(lib_a-isattyr.o)
 .ARM.attributes
                0x000008e5       0x2e c:/users/kuo_hsun/stm32cube/gcc-arm-none-eabi-10.3-2021.10/bin/../lib/gcc/arm-none-eabi/10.3.1/../../../../arm-none-eabi/lib/thumb/v7e-m/nofp\libg.a(lib_a-lseekr.o)
 .ARM.attributes
                0x00000913       0x2e c:/users/kuo_hsun/stm32cube/gcc-arm-none-eabi-10.3-2021.10/bin/../lib/gcc/arm-none-eabi/10.3.1/../../../../arm-none-eabi/lib/thumb/v7e-m/nofp\libg.a(lib_a-readr.o)
 .ARM.attributes
                0x00000941       0x2e c:/users/kuo_hsun/stm32cube/gcc-arm-none-eabi-10.3-2021.10/bin/../lib/gcc/arm-none-eabi/10.3.1/../../../../arm-none-eabi/lib/thumb/v7e-m/nofp\libg.a(lib_a-reent.o)
 .ARM.attributes
                0x0000096f       0x1e c:/users/kuo_hsun/stm32cube/gcc-arm-none-eabi-10.3-2021.10/bin/../lib/gcc/arm-none-eabi/10.3.1/thumb/v7e-m/nofp/crtn.o
OUTPUT(F411_HelloWorld.elf elf32-littlearm)
LOAD linker stubs
LOAD c:/users/kuo_hsun/stm32cube/gcc-arm-none-eabi-10.3-2021.10/bin/../lib/gcc/arm-none-eabi/10.3.1/../../../../arm-none-eabi/lib/thumb/v7e-m/nofp\libc.a
LOAD c:/users/kuo_hsun/stm32cube/gcc-arm-none-eabi-10.3-2021.10/bin/../lib/gcc/arm-none-eabi/10.3.1/../../../../arm-none-eabi/lib/thumb/v7e-m/nofp\libm.a
LOAD c:/users/kuo_hsun/stm32cube/gcc-arm-none-eabi-10.3-2021.10/bin/../lib/gcc/arm-none-eabi/10.3.1/thumb/v7e-m/nofp\libgcc.a

.debug_info     0x00000000     0xa59c
 .debug_info    0x00000000      0x4c1 CMakeFiles/F411_HelloWorld.elf.dir/Core/Src/gpio.c.obj
 .debug_info    0x000004c1      0xaff CMakeFiles/F411_HelloWorld.elf.dir/Core/Src/main.c.obj
 .debug_info    0x00000fc0     0x12f7 CMakeFiles/F411_HelloWorld.elf.dir/Core/Src/retarget.c.obj
 .debug_info    0x000022b7      0x2f4 CMakeFiles/F411_HelloWorld.elf.dir/Core/Src/stm32f4xx_hal_msp.c.obj
 .debug_info    0x000025ab      0x12f CMakeFiles/F411_HelloWorld.elf.dir/Core/Src/stm32f4xx_it.c.obj
 .debug_info    0x000026da      0x174 CMakeFiles/F411_HelloWorld.elf.dir/Core/Src/sysmem.c.obj
 .debug_info    0x0000284e      0x3a9 CMakeFiles/F411_HelloWorld.elf.dir/Core/Src/system_stm32f4xx.c.obj
 .debug_info    0x00002bf7      0xab6 CMakeFiles/F411_HelloWorld.elf.dir/Core/Src/usart.c.obj
 .debug_info    0x000036ad       0x22 CMakeFiles/F411_HelloWorld.elf.dir/Core/Startup/startup_stm32f411retx.s.obj
 .debug_info    0x000036cf      0x981 CMakeFiles/F411_HelloWorld.elf.dir/Drivers/STM32F4xx_HAL_Driver/Src/stm32f4xx_hal.c.obj
 .debug_info    0x00004050     0x1008 CMakeFiles/F411_HelloWorld.elf.dir/Drivers/STM32F4xx_HAL_Driver/Src/stm32f4xx_hal_cortex.c.obj
 .debug_info    0x00005058      0x7d4 CMakeFiles/F411_HelloWorld.elf.dir/Drivers/STM32F4xx_HAL_Driver/Src/stm32f4xx_hal_gpio.c.obj
 .debug_info    0x0000582c      0xb2a CMakeFiles/F411_HelloWorld.elf.dir/Drivers/STM32F4xx_HAL_Driver/Src/stm32f4xx_hal_rcc.c.obj
 .debug_info    0x00006356     0x4246 CMakeFiles/F411_HelloWorld.elf.dir/Drivers/STM32F4xx_HAL_Driver/Src/stm32f4xx_hal_uart.c.obj

.debug_abbrev   0x00000000     0x18b4
 .debug_abbrev  0x00000000      0x14e CMakeFiles/F411_HelloWorld.elf.dir/Core/Src/gpio.c.obj
 .debug_abbrev  0x0000014e      0x22c CMakeFiles/F411_HelloWorld.elf.dir/Core/Src/main.c.obj
 .debug_abbrev  0x0000037a      0x2b4 CMakeFiles/F411_HelloWorld.elf.dir/Core/Src/retarget.c.obj
 .debug_abbrev  0x0000062e       0xf4 CMakeFiles/F411_HelloWorld.elf.dir/Core/Src/stm32f4xx_hal_msp.c.obj
 .debug_abbrev  0x00000722       0x7e CMakeFiles/F411_HelloWorld.elf.dir/Core/Src/stm32f4xx_it.c.obj
 .debug_abbrev  0x000007a0       0xe7 CMakeFiles/F411_HelloWorld.elf.dir/Core/Src/sysmem.c.obj
 .debug_abbrev  0x00000887      0x119 CMakeFiles/F411_HelloWorld.elf.dir/Core/Src/system_stm32f4xx.c.obj
 .debug_abbrev  0x000009a0      0x1da CMakeFiles/F411_HelloWorld.elf.dir/Core/Src/usart.c.obj
 .debug_abbrev  0x00000b7a       0x12 CMakeFiles/F411_HelloWorld.elf.dir/Core/Startup/startup_stm32f411retx.s.obj
 .debug_abbrev  0x00000b8c      0x237 CMakeFiles/F411_HelloWorld.elf.dir/Drivers/STM32F4xx_HAL_Driver/Src/stm32f4xx_hal.c.obj
 .debug_abbrev  0x00000dc3      0x36a CMakeFiles/F411_HelloWorld.elf.dir/Drivers/STM32F4xx_HAL_Driver/Src/stm32f4xx_hal_cortex.c.obj
 .debug_abbrev  0x0000112d      0x1ef CMakeFiles/F411_HelloWorld.elf.dir/Drivers/STM32F4xx_HAL_Driver/Src/stm32f4xx_hal_gpio.c.obj
 .debug_abbrev  0x0000131c      0x28a CMakeFiles/F411_HelloWorld.elf.dir/Drivers/STM32F4xx_HAL_Driver/Src/stm32f4xx_hal_rcc.c.obj
 .debug_abbrev  0x000015a6      0x30e CMakeFiles/F411_HelloWorld.elf.dir/Drivers/STM32F4xx_HAL_Driver/Src/stm32f4xx_hal_uart.c.obj

.debug_aranges  0x00000000      0x640
 .debug_aranges
                0x00000000       0x20 CMakeFiles/F411_HelloWorld.elf.dir/Core/Src/gpio.c.obj
 .debug_aranges
                0x00000020       0x30 CMakeFiles/F411_HelloWorld.elf.dir/Core/Src/main.c.obj
 .debug_aranges
                0x00000050       0x50 CMakeFiles/F411_HelloWorld.elf.dir/Core/Src/retarget.c.obj
 .debug_aranges
                0x000000a0       0x20 CMakeFiles/F411_HelloWorld.elf.dir/Core/Src/stm32f4xx_hal_msp.c.obj
 .debug_aranges
                0x000000c0       0x60 CMakeFiles/F411_HelloWorld.elf.dir/Core/Src/stm32f4xx_it.c.obj
 .debug_aranges
                0x00000120       0x20 CMakeFiles/F411_HelloWorld.elf.dir/Core/Src/sysmem.c.obj
 .debug_aranges
                0x00000140       0x28 CMakeFiles/F411_HelloWorld.elf.dir/Core/Src/system_stm32f4xx.c.obj
 .debug_aranges
                0x00000168       0x38 CMakeFiles/F411_HelloWorld.elf.dir/Core/Src/usart.c.obj
 .debug_aranges
                0x000001a0       0x28 CMakeFiles/F411_HelloWorld.elf.dir/Core/Startup/startup_stm32f411retx.s.obj
 .debug_aranges
                0x000001c8       0xf0 CMakeFiles/F411_HelloWorld.elf.dir/Drivers/STM32F4xx_HAL_Driver/Src/stm32f4xx_hal.c.obj
 .debug_aranges
                0x000002b8       0xa8 CMakeFiles/F411_HelloWorld.elf.dir/Drivers/STM32F4xx_HAL_Driver/Src/stm32f4xx_hal_cortex.c.obj
 .debug_aranges
                0x00000360       0x58 CMakeFiles/F411_HelloWorld.elf.dir/Drivers/STM32F4xx_HAL_Driver/Src/stm32f4xx_hal_gpio.c.obj
 .debug_aranges
                0x000003b8       0x88 CMakeFiles/F411_HelloWorld.elf.dir/Drivers/STM32F4xx_HAL_Driver/Src/stm32f4xx_hal_rcc.c.obj
 .debug_aranges
                0x00000440      0x200 CMakeFiles/F411_HelloWorld.elf.dir/Drivers/STM32F4xx_HAL_Driver/Src/stm32f4xx_hal_uart.c.obj

.debug_ranges   0x00000000      0x5f8
 .debug_ranges  0x00000000       0x10 CMakeFiles/F411_HelloWorld.elf.dir/Core/Src/gpio.c.obj
 .debug_ranges  0x00000010       0x20 CMakeFiles/F411_HelloWorld.elf.dir/Core/Src/main.c.obj
 .debug_ranges  0x00000030       0x40 CMakeFiles/F411_HelloWorld.elf.dir/Core/Src/retarget.c.obj
 .debug_ranges  0x00000070       0x10 CMakeFiles/F411_HelloWorld.elf.dir/Core/Src/stm32f4xx_hal_msp.c.obj
 .debug_ranges  0x00000080       0x50 CMakeFiles/F411_HelloWorld.elf.dir/Core/Src/stm32f4xx_it.c.obj
 .debug_ranges  0x000000d0       0x10 CMakeFiles/F411_HelloWorld.elf.dir/Core/Src/sysmem.c.obj
 .debug_ranges  0x000000e0       0x18 CMakeFiles/F411_HelloWorld.elf.dir/Core/Src/system_stm32f4xx.c.obj
 .debug_ranges  0x000000f8       0x28 CMakeFiles/F411_HelloWorld.elf.dir/Core/Src/usart.c.obj
 .debug_ranges  0x00000120       0x20 CMakeFiles/F411_HelloWorld.elf.dir/Core/Startup/startup_stm32f411retx.s.obj
 .debug_ranges  0x00000140       0xe0 CMakeFiles/F411_HelloWorld.elf.dir/Drivers/STM32F4xx_HAL_Driver/Src/stm32f4xx_hal.c.obj
 .debug_ranges  0x00000220       0xf8 CMakeFiles/F411_HelloWorld.elf.dir/Drivers/STM32F4xx_HAL_Driver/Src/stm32f4xx_hal_cortex.c.obj
 .debug_ranges  0x00000318       0x48 CMakeFiles/F411_HelloWorld.elf.dir/Drivers/STM32F4xx_HAL_Driver/Src/stm32f4xx_hal_gpio.c.obj
 .debug_ranges  0x00000360       0x90 CMakeFiles/F411_HelloWorld.elf.dir/Drivers/STM32F4xx_HAL_Driver/Src/stm32f4xx_hal_rcc.c.obj
 .debug_ranges  0x000003f0      0x208 CMakeFiles/F411_HelloWorld.elf.dir/Drivers/STM32F4xx_HAL_Driver/Src/stm32f4xx_hal_uart.c.obj

.debug_line     0x00000000     0x81a7
 .debug_line    0x00000000      0x275 CMakeFiles/F411_HelloWorld.elf.dir/Core/Src/gpio.c.obj
 .debug_line    0x00000275      0x45d CMakeFiles/F411_HelloWorld.elf.dir/Core/Src/main.c.obj
 .debug_line    0x000006d2      0x4e2 CMakeFiles/F411_HelloWorld.elf.dir/Core/Src/retarget.c.obj
 .debug_line    0x00000bb4      0x236 CMakeFiles/F411_HelloWorld.elf.dir/Core/Src/stm32f4xx_hal_msp.c.obj
 .debug_line    0x00000dea      0x1d7 CMakeFiles/F411_HelloWorld.elf.dir/Core/Src/stm32f4xx_it.c.obj
 .debug_line    0x00000fc1      0x20a CMakeFiles/F411_HelloWorld.elf.dir/Core/Src/sysmem.c.obj
 .debug_line    0x000011cb      0x293 CMakeFiles/F411_HelloWorld.elf.dir/Core/Src/system_stm32f4xx.c.obj
 .debug_line    0x0000145e      0x446 CMakeFiles/F411_HelloWorld.elf.dir/Core/Src/usart.c.obj
 .debug_line    0x000018a4       0xb5 CMakeFiles/F411_HelloWorld.elf.dir/Core/Startup/startup_stm32f411retx.s.obj
 .debug_line    0x00001959      0x635 CMakeFiles/F411_HelloWorld.elf.dir/Drivers/STM32F4xx_HAL_Driver/Src/stm32f4xx_hal.c.obj
 .debug_line    0x00001f8e      0x848 CMakeFiles/F411_HelloWorld.elf.dir/Drivers/STM32F4xx_HAL_Driver/Src/stm32f4xx_hal_cortex.c.obj
 .debug_line    0x000027d6      0x763 CMakeFiles/F411_HelloWorld.elf.dir/Drivers/STM32F4xx_HAL_Driver/Src/stm32f4xx_hal_gpio.c.obj
 .debug_line    0x00002f39      0xbb0 CMakeFiles/F411_HelloWorld.elf.dir/Drivers/STM32F4xx_HAL_Driver/Src/stm32f4xx_hal_rcc.c.obj
 .debug_line    0x00003ae9     0x46be CMakeFiles/F411_HelloWorld.elf.dir/Drivers/STM32F4xx_HAL_Driver/Src/stm32f4xx_hal_uart.c.obj

.debug_str      0x00000000     0x27f2
 .debug_str     0x00000000      0x37a CMakeFiles/F411_HelloWorld.elf.dir/Core/Src/gpio.c.obj
                                0x3ca (size before relaxing)
 .debug_str     0x0000037a      0x636 CMakeFiles/F411_HelloWorld.elf.dir/Core/Src/main.c.obj
                                0x96e (size before relaxing)
 .debug_str     0x000009b0      0x543 CMakeFiles/F411_HelloWorld.elf.dir/Core/Src/retarget.c.obj
                                0xbe1 (size before relaxing)
 .debug_str     0x00000ef3       0x76 CMakeFiles/F411_HelloWorld.elf.dir/Core/Src/stm32f4xx_hal_msp.c.obj
                                0x336 (size before relaxing)
 .debug_str     0x00000f69       0xe4 CMakeFiles/F411_HelloWorld.elf.dir/Core/Src/stm32f4xx_it.c.obj
                                0x27b (size before relaxing)
 .debug_str     0x0000104d       0xa2 CMakeFiles/F411_HelloWorld.elf.dir/Core/Src/sysmem.c.obj
                                0x271 (size before relaxing)
 .debug_str     0x000010ef       0xb4 CMakeFiles/F411_HelloWorld.elf.dir/Core/Src/system_stm32f4xx.c.obj
                                0x37f (size before relaxing)
 .debug_str     0x000011a3       0x95 CMakeFiles/F411_HelloWorld.elf.dir/Core/Src/usart.c.obj
                                0x875 (size before relaxing)
 .debug_str     0x00001238       0x63 CMakeFiles/F411_HelloWorld.elf.dir/Core/Startup/startup_stm32f411retx.s.obj
                                 0xa5 (size before relaxing)
 .debug_str     0x0000129b      0x700 CMakeFiles/F411_HelloWorld.elf.dir/Drivers/STM32F4xx_HAL_Driver/Src/stm32f4xx_hal.c.obj
                                0xa60 (size before relaxing)
 .debug_str     0x0000199b      0x4df CMakeFiles/F411_HelloWorld.elf.dir/Drivers/STM32F4xx_HAL_Driver/Src/stm32f4xx_hal_cortex.c.obj
                                0xb20 (size before relaxing)
 .debug_str     0x00001e7a      0x155 CMakeFiles/F411_HelloWorld.elf.dir/Drivers/STM32F4xx_HAL_Driver/Src/stm32f4xx_hal_gpio.c.obj
                                0x53e (size before relaxing)
 .debug_str     0x00001fcf      0x1d1 CMakeFiles/F411_HelloWorld.elf.dir/Drivers/STM32F4xx_HAL_Driver/Src/stm32f4xx_hal_rcc.c.obj
                                0x764 (size before relaxing)
 .debug_str     0x000021a0      0x652 CMakeFiles/F411_HelloWorld.elf.dir/Drivers/STM32F4xx_HAL_Driver/Src/stm32f4xx_hal_uart.c.obj
                                0xda5 (size before relaxing)

.comment        0x00000000       0x49
 .comment       0x00000000       0x49 CMakeFiles/F411_HelloWorld.elf.dir/Core/Src/gpio.c.obj
                                 0x4a (size before relaxing)
 .comment       0x00000049       0x4a CMakeFiles/F411_HelloWorld.elf.dir/Core/Src/main.c.obj
 .comment       0x00000049       0x4a CMakeFiles/F411_HelloWorld.elf.dir/Core/Src/retarget.c.obj
 .comment       0x00000049       0x4a CMakeFiles/F411_HelloWorld.elf.dir/Core/Src/stm32f4xx_hal_msp.c.obj
 .comment       0x00000049       0x4a CMakeFiles/F411_HelloWorld.elf.dir/Core/Src/stm32f4xx_it.c.obj
 .comment       0x00000049       0x4a CMakeFiles/F411_HelloWorld.elf.dir/Core/Src/sysmem.c.obj
 .comment       0x00000049       0x4a CMakeFiles/F411_HelloWorld.elf.dir/Core/Src/system_stm32f4xx.c.obj
 .comment       0x00000049       0x4a CMakeFiles/F411_HelloWorld.elf.dir/Core/Src/usart.c.obj
 .comment       0x00000049       0x4a CMakeFiles/F411_HelloWorld.elf.dir/Drivers/STM32F4xx_HAL_Driver/Src/stm32f4xx_hal.c.obj
 .comment       0x00000049       0x4a CMakeFiles/F411_HelloWorld.elf.dir/Drivers/STM32F4xx_HAL_Driver/Src/stm32f4xx_hal_cortex.c.obj
 .comment       0x00000049       0x4a CMakeFiles/F411_HelloWorld.elf.dir/Drivers/STM32F4xx_HAL_Driver/Src/stm32f4xx_hal_gpio.c.obj
 .comment       0x00000049       0x4a CMakeFiles/F411_HelloWorld.elf.dir/Drivers/STM32F4xx_HAL_Driver/Src/stm32f4xx_hal_rcc.c.obj
 .comment       0x00000049       0x4a CMakeFiles/F411_HelloWorld.elf.dir/Drivers/STM32F4xx_HAL_Driver/Src/stm32f4xx_hal_uart.c.obj

.debug_frame    0x00000000     0x1860
 .debug_frame   0x00000000       0x30 CMakeFiles/F411_HelloWorld.elf.dir/Core/Src/gpio.c.obj
 .debug_frame   0x00000030       0x58 CMakeFiles/F411_HelloWorld.elf.dir/Core/Src/main.c.obj
 .debug_frame   0x00000088       0xb8 CMakeFiles/F411_HelloWorld.elf.dir/Core/Src/retarget.c.obj
 .debug_frame   0x00000140       0x2c CMakeFiles/F411_HelloWorld.elf.dir/Core/Src/stm32f4xx_hal_msp.c.obj
 .debug_frame   0x0000016c       0xa8 CMakeFiles/F411_HelloWorld.elf.dir/Core/Src/stm32f4xx_it.c.obj
 .debug_frame   0x00000214       0x28 CMakeFiles/F411_HelloWorld.elf.dir/Core/Src/sysmem.c.obj
 .debug_frame   0x0000023c       0x30 CMakeFiles/F411_HelloWorld.elf.dir/Core/Src/system_stm32f4xx.c.obj
 .debug_frame   0x0000026c       0x78 CMakeFiles/F411_HelloWorld.elf.dir/Core/Src/usart.c.obj
 .debug_frame   0x000002e4      0x1ec CMakeFiles/F411_HelloWorld.elf.dir/Drivers/STM32F4xx_HAL_Driver/Src/stm32f4xx_hal.c.obj
 .debug_frame   0x000004d0      0x148 CMakeFiles/F411_HelloWorld.elf.dir/Drivers/STM32F4xx_HAL_Driver/Src/stm32f4xx_hal_cortex.c.obj
 .debug_frame   0x00000618       0xd8 CMakeFiles/F411_HelloWorld.elf.dir/Drivers/STM32F4xx_HAL_Driver/Src/stm32f4xx_hal_gpio.c.obj
 .debug_frame   0x000006f0      0x16c CMakeFiles/F411_HelloWorld.elf.dir/Drivers/STM32F4xx_HAL_Driver/Src/stm32f4xx_hal_rcc.c.obj
 .debug_frame   0x0000085c      0x5cc CMakeFiles/F411_HelloWorld.elf.dir/Drivers/STM32F4xx_HAL_Driver/Src/stm32f4xx_hal_uart.c.obj
 .debug_frame   0x00000e28       0x2c c:/users/kuo_hsun/stm32cube/gcc-arm-none-eabi-10.3-2021.10/bin/../lib/gcc/arm-none-eabi/10.3.1/thumb/v7e-m/nofp\libgcc.a(_aeabi_uldivmod.o)
 .debug_frame   0x00000e54       0x34 c:/users/kuo_hsun/stm32cube/gcc-arm-none-eabi-10.3-2021.10/bin/../lib/gcc/arm-none-eabi/10.3.1/thumb/v7e-m/nofp\libgcc.a(_udivmoddi4.o)
 .debug_frame   0x00000e88       0x20 c:/users/kuo_hsun/stm32cube/gcc-arm-none-eabi-10.3-2021.10/bin/../lib/gcc/arm-none-eabi/10.3.1/../../../../arm-none-eabi/lib/thumb/v7e-m/nofp\libg.a(lib_a-errno.o)
 .debug_frame   0x00000ea8       0x2c c:/users/kuo_hsun/stm32cube/gcc-arm-none-eabi-10.3-2021.10/bin/../lib/gcc/arm-none-eabi/10.3.1/../../../../arm-none-eabi/lib/thumb/v7e-m/nofp\libg.a(lib_a-init.o)
 .debug_frame   0x00000ed4       0x2c c:/users/kuo_hsun/stm32cube/gcc-arm-none-eabi-10.3-2021.10/bin/../lib/gcc/arm-none-eabi/10.3.1/../../../../arm-none-eabi/lib/thumb/v7e-m/nofp\libg.a(lib_a-memset.o)
 .debug_frame   0x00000f00       0x4c c:/users/kuo_hsun/stm32cube/gcc-arm-none-eabi-10.3-2021.10/bin/../lib/gcc/arm-none-eabi/10.3.1/../../../../arm-none-eabi/lib/thumb/v7e-m/nofp\libg.a(lib_a-puts.o)
 .debug_frame   0x00000f4c       0x48 c:/users/kuo_hsun/stm32cube/gcc-arm-none-eabi-10.3-2021.10/bin/../lib/gcc/arm-none-eabi/10.3.1/../../../../arm-none-eabi/lib/thumb/v7e-m/nofp\libg.a(lib_a-setvbuf.o)
 .debug_frame   0x00000f94       0x5c c:/users/kuo_hsun/stm32cube/gcc-arm-none-eabi-10.3-2021.10/bin/../lib/gcc/arm-none-eabi/10.3.1/../../../../arm-none-eabi/lib/thumb/v7e-m/nofp\libg.a(lib_a-__call_atexit.o)
 .debug_frame   0x00000ff0       0x20 c:/users/kuo_hsun/stm32cube/gcc-arm-none-eabi-10.3-2021.10/bin/../lib/gcc/arm-none-eabi/10.3.1/../../../../arm-none-eabi/lib/thumb/v7e-m/nofp\libg.a(lib_a-atexit.o)
 .debug_frame   0x00001010       0x70 c:/users/kuo_hsun/stm32cube/gcc-arm-none-eabi-10.3-2021.10/bin/../lib/gcc/arm-none-eabi/10.3.1/../../../../arm-none-eabi/lib/thumb/v7e-m/nofp\libg.a(lib_a-fflush.o)
 .debug_frame   0x00001080      0x154 c:/users/kuo_hsun/stm32cube/gcc-arm-none-eabi-10.3-2021.10/bin/../lib/gcc/arm-none-eabi/10.3.1/../../../../arm-none-eabi/lib/thumb/v7e-m/nofp\libg.a(lib_a-findfp.o)
 .debug_frame   0x000011d4       0x34 c:/users/kuo_hsun/stm32cube/gcc-arm-none-eabi-10.3-2021.10/bin/../lib/gcc/arm-none-eabi/10.3.1/../../../../arm-none-eabi/lib/thumb/v7e-m/nofp\libg.a(lib_a-fini.o)
 .debug_frame   0x00001208       0x8c c:/users/kuo_hsun/stm32cube/gcc-arm-none-eabi-10.3-2021.10/bin/../lib/gcc/arm-none-eabi/10.3.1/../../../../arm-none-eabi/lib/thumb/v7e-m/nofp\libg.a(lib_a-freer.o)
 .debug_frame   0x00001294       0x64 c:/users/kuo_hsun/stm32cube/gcc-arm-none-eabi-10.3-2021.10/bin/../lib/gcc/arm-none-eabi/10.3.1/../../../../arm-none-eabi/lib/thumb/v7e-m/nofp\libg.a(lib_a-fvwrite.o)
 .debug_frame   0x000012f8       0x54 c:/users/kuo_hsun/stm32cube/gcc-arm-none-eabi-10.3-2021.10/bin/../lib/gcc/arm-none-eabi/10.3.1/../../../../arm-none-eabi/lib/thumb/v7e-m/nofp\libg.a(lib_a-fwalk.o)
 .debug_frame   0x0000134c       0xb0 c:/users/kuo_hsun/stm32cube/gcc-arm-none-eabi-10.3-2021.10/bin/../lib/gcc/arm-none-eabi/10.3.1/../../../../arm-none-eabi/lib/thumb/v7e-m/nofp\libg.a(lib_a-lock.o)
 .debug_frame   0x000013fc       0x70 c:/users/kuo_hsun/stm32cube/gcc-arm-none-eabi-10.3-2021.10/bin/../lib/gcc/arm-none-eabi/10.3.1/../../../../arm-none-eabi/lib/thumb/v7e-m/nofp\libg.a(lib_a-makebuf.o)
 .debug_frame   0x0000146c       0x30 c:/users/kuo_hsun/stm32cube/gcc-arm-none-eabi-10.3-2021.10/bin/../lib/gcc/arm-none-eabi/10.3.1/../../../../arm-none-eabi/lib/thumb/v7e-m/nofp\libg.a(lib_a-malloc.o)
 .debug_frame   0x0000149c       0x4c c:/users/kuo_hsun/stm32cube/gcc-arm-none-eabi-10.3-2021.10/bin/../lib/gcc/arm-none-eabi/10.3.1/../../../../arm-none-eabi/lib/thumb/v7e-m/nofp\libg.a(lib_a-mallocr.o)
 .debug_frame   0x000014e8       0x40 c:/users/kuo_hsun/stm32cube/gcc-arm-none-eabi-10.3-2021.10/bin/../lib/gcc/arm-none-eabi/10.3.1/../../../../arm-none-eabi/lib/thumb/v7e-m/nofp\libg.a(lib_a-memmove.o)
 .debug_frame   0x00001528       0x30 c:/users/kuo_hsun/stm32cube/gcc-arm-none-eabi-10.3-2021.10/bin/../lib/gcc/arm-none-eabi/10.3.1/../../../../arm-none-eabi/lib/thumb/v7e-m/nofp\libg.a(lib_a-mlock.o)
 .debug_frame   0x00001558       0x48 c:/users/kuo_hsun/stm32cube/gcc-arm-none-eabi-10.3-2021.10/bin/../lib/gcc/arm-none-eabi/10.3.1/../../../../arm-none-eabi/lib/thumb/v7e-m/nofp\libg.a(lib_a-reallocr.o)
 .debug_frame   0x000015a0       0x2c c:/users/kuo_hsun/stm32cube/gcc-arm-none-eabi-10.3-2021.10/bin/../lib/gcc/arm-none-eabi/10.3.1/../../../../arm-none-eabi/lib/thumb/v7e-m/nofp\libg.a(lib_a-sbrkr.o)
 .debug_frame   0x000015cc       0x8c c:/users/kuo_hsun/stm32cube/gcc-arm-none-eabi-10.3-2021.10/bin/../lib/gcc/arm-none-eabi/10.3.1/../../../../arm-none-eabi/lib/thumb/v7e-m/nofp\libg.a(lib_a-stdio.o)
 .debug_frame   0x00001658       0x2c c:/users/kuo_hsun/stm32cube/gcc-arm-none-eabi-10.3-2021.10/bin/../lib/gcc/arm-none-eabi/10.3.1/../../../../arm-none-eabi/lib/thumb/v7e-m/nofp\libg.a(lib_a-writer.o)
 .debug_frame   0x00001684       0x2c c:/users/kuo_hsun/stm32cube/gcc-arm-none-eabi-10.3-2021.10/bin/../lib/gcc/arm-none-eabi/10.3.1/../../../../arm-none-eabi/lib/thumb/v7e-m/nofp\libg.a(lib_a-wsetup.o)
 .debug_frame   0x000016b0       0x34 c:/users/kuo_hsun/stm32cube/gcc-arm-none-eabi-10.3-2021.10/bin/../lib/gcc/arm-none-eabi/10.3.1/../../../../arm-none-eabi/lib/thumb/v7e-m/nofp\libg.a(lib_a-__atexit.o)
 .debug_frame   0x000016e4       0x2c c:/users/kuo_hsun/stm32cube/gcc-arm-none-eabi-10.3-2021.10/bin/../lib/gcc/arm-none-eabi/10.3.1/../../../../arm-none-eabi/lib/thumb/v7e-m/nofp\libg.a(lib_a-closer.o)
 .debug_frame   0x00001710       0x3c c:/users/kuo_hsun/stm32cube/gcc-arm-none-eabi-10.3-2021.10/bin/../lib/gcc/arm-none-eabi/10.3.1/../../../../arm-none-eabi/lib/thumb/v7e-m/nofp\libg.a(lib_a-fclose.o)
 .debug_frame   0x0000174c       0x2c c:/users/kuo_hsun/stm32cube/gcc-arm-none-eabi-10.3-2021.10/bin/../lib/gcc/arm-none-eabi/10.3.1/../../../../arm-none-eabi/lib/thumb/v7e-m/nofp\libg.a(lib_a-fstatr.o)
 .debug_frame   0x00001778       0x2c c:/users/kuo_hsun/stm32cube/gcc-arm-none-eabi-10.3-2021.10/bin/../lib/gcc/arm-none-eabi/10.3.1/../../../../arm-none-eabi/lib/thumb/v7e-m/nofp\libg.a(lib_a-isattyr.o)
 .debug_frame   0x000017a4       0x2c c:/users/kuo_hsun/stm32cube/gcc-arm-none-eabi-10.3-2021.10/bin/../lib/gcc/arm-none-eabi/10.3.1/../../../../arm-none-eabi/lib/thumb/v7e-m/nofp\libg.a(lib_a-lseekr.o)
 .debug_frame   0x000017d0       0x2c c:/users/kuo_hsun/stm32cube/gcc-arm-none-eabi-10.3-2021.10/bin/../lib/gcc/arm-none-eabi/10.3.1/../../../../arm-none-eabi/lib/thumb/v7e-m/nofp\libg.a(lib_a-readr.o)
 .debug_frame   0x000017fc       0x64 c:/users/kuo_hsun/stm32cube/gcc-arm-none-eabi-10.3-2021.10/bin/../lib/gcc/arm-none-eabi/10.3.1/../../../../arm-none-eabi/lib/thumb/v7e-m/nofp\libg.a(lib_a-reent.o)

.debug_loc      0x00000000     0x62df
 .debug_loc     0x00000000      0x389 CMakeFiles/F411_HelloWorld.elf.dir/Core/Src/retarget.c.obj
 .debug_loc     0x00000389       0x64 CMakeFiles/F411_HelloWorld.elf.dir/Core/Src/sysmem.c.obj
 .debug_loc     0x000003ed      0x158 CMakeFiles/F411_HelloWorld.elf.dir/Core/Src/system_stm32f4xx.c.obj
 .debug_loc     0x00000545       0xbe CMakeFiles/F411_HelloWorld.elf.dir/Core/Src/usart.c.obj
 .debug_loc     0x00000603      0x141 CMakeFiles/F411_HelloWorld.elf.dir/Drivers/STM32F4xx_HAL_Driver/Src/stm32f4xx_hal.c.obj
 .debug_loc     0x00000744      0x744 CMakeFiles/F411_HelloWorld.elf.dir/Drivers/STM32F4xx_HAL_Driver/Src/stm32f4xx_hal_cortex.c.obj
 .debug_loc     0x00000e88      0x520 CMakeFiles/F411_HelloWorld.elf.dir/Drivers/STM32F4xx_HAL_Driver/Src/stm32f4xx_hal_gpio.c.obj
 .debug_loc     0x000013a8      0x58c CMakeFiles/F411_HelloWorld.elf.dir/Drivers/STM32F4xx_HAL_Driver/Src/stm32f4xx_hal_rcc.c.obj
 .debug_loc     0x00001934     0x49ab CMakeFiles/F411_HelloWorld.elf.dir/Drivers/STM32F4xx_HAL_Driver/Src/stm32f4xx_hal_uart.c.obj
