Archive member included to satisfy reference by file (symbol)

c:/users/kuo_hsun/stm32cube/gcc-arm-none-eabi-10.3-2021.10/bin/../lib/gcc/arm-none-eabi/10.3.1/thumb/v7e-m+fp/hard\libgcc.a(_aeabi_uldivmod.o)
                              CMakeFiles/F411_FreeRTOS_SensorwithButton.elf.dir/Drivers/STM32F4xx_HAL_Driver/Src/stm32f4xx_hal_rcc.c.obj (__aeabi_uldivmod)
c:/users/kuo_hsun/stm32cube/gcc-arm-none-eabi-10.3-2021.10/bin/../lib/gcc/arm-none-eabi/10.3.1/thumb/v7e-m+fp/hard\libgcc.a(_udivmoddi4.o)
                              c:/users/kuo_hsun/stm32cube/gcc-arm-none-eabi-10.3-2021.10/bin/../lib/gcc/arm-none-eabi/10.3.1/thumb/v7e-m+fp/hard\libgcc.a(_aeabi_uldivmod.o) (__udivmoddi4)
c:/users/kuo_hsun/stm32cube/gcc-arm-none-eabi-10.3-2021.10/bin/../lib/gcc/arm-none-eabi/10.3.1/thumb/v7e-m+fp/hard\libgcc.a(_dvmd_tls.o)
                              c:/users/kuo_hsun/stm32cube/gcc-arm-none-eabi-10.3-2021.10/bin/../lib/gcc/arm-none-eabi/10.3.1/thumb/v7e-m+fp/hard\libgcc.a(_aeabi_uldivmod.o) (__aeabi_ldiv0)
c:/users/kuo_hsun/stm32cube/gcc-arm-none-eabi-10.3-2021.10/bin/../lib/gcc/arm-none-eabi/10.3.1/../../../../arm-none-eabi/lib/thumb/v7e-m+fp/hard\libg.a(lib_a-errno.o)
                              CMakeFiles/F411_FreeRTOS_SensorwithButton.elf.dir/Core/Src/syscalls.c.obj (__errno)
c:/users/kuo_hsun/stm32cube/gcc-arm-none-eabi-10.3-2021.10/bin/../lib/gcc/arm-none-eabi/10.3.1/../../../../arm-none-eabi/lib/thumb/v7e-m+fp/hard\libg.a(lib_a-exit.o)
                              c:/users/kuo_hsun/stm32cube/gcc-arm-none-eabi-10.3-2021.10/bin/../lib/gcc/arm-none-eabi/10.3.1/../../../../arm-none-eabi/lib/thumb/v7e-m+fp/hard/crt0.o (exit)
c:/users/kuo_hsun/stm32cube/gcc-arm-none-eabi-10.3-2021.10/bin/../lib/gcc/arm-none-eabi/10.3.1/../../../../arm-none-eabi/lib/thumb/v7e-m+fp/hard\libg.a(lib_a-impure.o)
                              c:/users/kuo_hsun/stm32cube/gcc-arm-none-eabi-10.3-2021.10/bin/../lib/gcc/arm-none-eabi/10.3.1/../../../../arm-none-eabi/lib/thumb/v7e-m+fp/hard\libg.a(lib_a-exit.o) (_global_impure_ptr)
c:/users/kuo_hsun/stm32cube/gcc-arm-none-eabi-10.3-2021.10/bin/../lib/gcc/arm-none-eabi/10.3.1/../../../../arm-none-eabi/lib/thumb/v7e-m+fp/hard\libg.a(lib_a-init.o)
                              c:/users/kuo_hsun/stm32cube/gcc-arm-none-eabi-10.3-2021.10/bin/../lib/gcc/arm-none-eabi/10.3.1/../../../../arm-none-eabi/lib/thumb/v7e-m+fp/hard/crt0.o (__libc_init_array)
c:/users/kuo_hsun/stm32cube/gcc-arm-none-eabi-10.3-2021.10/bin/../lib/gcc/arm-none-eabi/10.3.1/../../../../arm-none-eabi/lib/thumb/v7e-m+fp/hard\libg.a(lib_a-memcpy.o)
                              CMakeFiles/F411_FreeRTOS_SensorwithButton.elf.dir/Middlewares/Third_Party/FreeRTOS/Source/queue.c.obj (memcpy)
c:/users/kuo_hsun/stm32cube/gcc-arm-none-eabi-10.3-2021.10/bin/../lib/gcc/arm-none-eabi/10.3.1/../../../../arm-none-eabi/lib/thumb/v7e-m+fp/hard\libg.a(lib_a-memset.o)
                              c:/users/kuo_hsun/stm32cube/gcc-arm-none-eabi-10.3-2021.10/bin/../lib/gcc/arm-none-eabi/10.3.1/../../../../arm-none-eabi/lib/thumb/v7e-m+fp/hard/crt0.o (memset)
c:/users/kuo_hsun/stm32cube/gcc-arm-none-eabi-10.3-2021.10/bin/../lib/gcc/arm-none-eabi/10.3.1/../../../../arm-none-eabi/lib/thumb/v7e-m+fp/hard\libg.a(lib_a-strlen.o)
                              CMakeFiles/F411_FreeRTOS_SensorwithButton.elf.dir/Core/Src/freertos.c.obj (strlen)
c:/users/kuo_hsun/stm32cube/gcc-arm-none-eabi-10.3-2021.10/bin/../lib/gcc/arm-none-eabi/10.3.1/../../../../arm-none-eabi/lib/thumb/v7e-m+fp/hard\libg.a(lib_a-strtok.o)
                              CMakeFiles/F411_FreeRTOS_SensorwithButton.elf.dir/Core/Src/freertos.c.obj (strtok)
c:/users/kuo_hsun/stm32cube/gcc-arm-none-eabi-10.3-2021.10/bin/../lib/gcc/arm-none-eabi/10.3.1/../../../../arm-none-eabi/lib/thumb/v7e-m+fp/hard\libg.a(lib_a-strtok_r.o)
                              c:/users/kuo_hsun/stm32cube/gcc-arm-none-eabi-10.3-2021.10/bin/../lib/gcc/arm-none-eabi/10.3.1/../../../../arm-none-eabi/lib/thumb/v7e-m+fp/hard\libg.a(lib_a-strtok.o) (__strtok_r)
c:/users/kuo_hsun/stm32cube/gcc-arm-none-eabi-10.3-2021.10/bin/../lib/gcc/arm-none-eabi/10.3.1/../../../../arm-none-eabi/lib/thumb/v7e-m+fp/hard\libg.a(lib_a-__call_atexit.o)
                              c:/users/kuo_hsun/stm32cube/gcc-arm-none-eabi-10.3-2021.10/bin/../lib/gcc/arm-none-eabi/10.3.1/../../../../arm-none-eabi/lib/thumb/v7e-m+fp/hard\libg.a(lib_a-exit.o) (__call_exitprocs)
c:/users/kuo_hsun/stm32cube/gcc-arm-none-eabi-10.3-2021.10/bin/../lib/gcc/arm-none-eabi/10.3.1/../../../../arm-none-eabi/lib/thumb/v7e-m+fp/hard\libg.a(lib_a-atexit.o)
                              c:/users/kuo_hsun/stm32cube/gcc-arm-none-eabi-10.3-2021.10/bin/../lib/gcc/arm-none-eabi/10.3.1/../../../../arm-none-eabi/lib/thumb/v7e-m+fp/hard\libg.a(lib_a-__call_atexit.o) (atexit)
c:/users/kuo_hsun/stm32cube/gcc-arm-none-eabi-10.3-2021.10/bin/../lib/gcc/arm-none-eabi/10.3.1/../../../../arm-none-eabi/lib/thumb/v7e-m+fp/hard\libg.a(lib_a-fini.o)
[...]
Memory Configuration

Name             Origin             Length             Attributes
RAM              0x20000000         0x00020000         xrw
FLASH            0x08000000         0x00080000         xr
*default*        0x00000000         0xffffffff

Linker script and memory map

LOAD c:/users/kuo_hsun/stm32cube/gcc-arm-none-eabi-10.3-2021.10/bin/../lib/gcc/arm-none-eabi/10.3.1/thumb/v7e-m+fp/hard/crti.o
LOAD c:/users/kuo_hsun/stm32cube/gcc-arm-none-eabi-10.3-2021.10/bin/../lib/gcc/arm-none-eabi/10.3.1/thumb/v7e-m+fp/hard/crtbegin.o
LOAD c:/users/kuo_hsun/stm32cube/gcc-arm-none-eabi-10.3-2021.10/bin/../lib/gcc/arm-none-eabi/10.3.1/../../../../arm-none-eabi/lib/thumb/v7e-m+fp/hard/crt0.o
LOAD CMakeFiles/F411_FreeRTOS_SensorwithButton.elf.dir/Core/Src/DHT11.c.obj
LOAD CMakeFiles/F411_FreeRTOS_SensorwithButton.elf.dir/Core/Src/freertos.c.obj
LOAD CMakeFiles/F411_FreeRTOS_SensorwithButton.elf.dir/Core/Src/gpio.c.obj
LOAD CMakeFiles/F411_FreeRTOS_SensorwithButton.elf.dir/Core/Src/main.c.obj
LOAD CMakeFiles/F411_FreeRTOS_SensorwithButton.elf.dir/Core/Src/stm32f4xx_hal_msp.c.obj
LOAD CMakeFiles/F411_FreeRTOS_SensorwithButton.elf.dir/Core/Src/stm32f4xx_hal_timebase_tim.c.obj
LOAD CMakeFiles/F411_FreeRTOS_SensorwithButton.elf.dir/Core/Src/stm32f4xx_it.c.obj
LOAD CMakeFiles/F411_FreeRTOS_SensorwithButton.elf.dir/Core/Src/syscalls.c.obj
LOAD CMakeFiles/F411_FreeRTOS_SensorwithButton.elf.dir/Core/Src/sysmem.c.obj
LOAD CMakeFiles/F411_FreeRTOS_SensorwithButton.elf.dir/Core/Src/system_stm32f4xx.c.obj
LOAD CMakeFiles/F411_FreeRTOS_SensorwithButton.elf.dir/Core/Src/tim.c.obj
LOAD CMakeFiles/F411_FreeRTOS_SensorwithButton.elf.dir/Core/Src/usart.c.obj
LOAD CMakeFiles/F411_FreeRTOS_SensorwithButton.elf.dir/Core/Startup/startup_stm32f411retx.s.obj
LOAD CMakeFiles/F411_FreeRTOS_SensorwithButton.elf.dir/Drivers/STM32F4xx_HAL_Driver/Src/stm32f4xx_hal.c.obj
LOAD CMakeFiles/F411_FreeRTOS_SensorwithButton.elf.dir/Drivers/STM32F4xx_HAL_Driver/Src/stm32f4xx_hal_cortex.c.obj
LOAD CMakeFiles/F411_FreeRTOS_SensorwithButton.elf.dir/Drivers/STM32F4xx_HAL_Driver/Src/stm32f4xx_hal_dma.c.obj
LOAD CMakeFiles/F411_FreeRTOS_SensorwithButton.elf.dir/Drivers/STM32F4xx_HAL_Driver/Src/stm32f4xx_hal_dma_ex.c.obj
LOAD CMakeFiles/F411_FreeRTOS_SensorwithButton.elf.dir/Drivers/STM32F4xx_HAL_Driver/Src/stm32f4xx_hal_exti.c.obj
LOAD CMakeFiles/F411_FreeRTOS_SensorwithButton.elf.dir/Drivers/STM32F4xx_HAL_Driver/Src/stm32f4xx_hal_flash.c.obj
LOAD CMakeFiles/F411_FreeRTOS_SensorwithButton.elf.dir/Drivers/STM32F4xx_HAL_Driver/Src/stm32f4xx_hal_flash_ex.c.obj
LOAD CMakeFiles/F411_FreeRTOS_SensorwithButton.elf.dir/Drivers/STM32F4xx_HAL_Driver/Src/stm32f4xx_hal_flash_ramfunc.c.obj
LOAD CMakeFiles/F411_FreeRTOS_SensorwithButton.elf.dir/Drivers/STM32F4xx_HAL_Driver/Src/stm32f4xx_hal_gpio.c.obj
LOAD CMakeFiles/F411_FreeRTOS_SensorwithButton.elf.dir/Drivers/STM32F4xx_HAL_Driver/Src/stm32f4xx_hal_pwr.c.obj
LOAD CMakeFiles/F411_FreeRTOS_SensorwithButton.elf.dir/Drivers/STM32F4xx_HAL_Driver/Src/stm32f4xx_hal_pwr_ex.c.obj
LOAD CMakeFiles/F411_FreeRTOS_SensorwithButton.elf.dir/Drivers/STM32F4xx_HAL_Driver/Src/stm32f4xx_hal_rcc.c.obj
LOAD CMakeFiles/F411_FreeRTOS_SensorwithButton.elf.dir/Drivers/STM32F4xx_HAL_Driver/Src/stm32f4xx_hal_rcc_ex.c.obj
LOAD CMakeFiles/F411_FreeRTOS_SensorwithButton.elf.dir/Drivers/STM32F4xx_HAL_Driver/Src/stm32f4xx_hal_tim.c.obj
LOAD CMakeFiles/F411_FreeRTOS_SensorwithButton.elf.dir/Drivers/STM32F4xx_HAL_Driver/Src/stm32f4xx_hal_tim_ex.c.obj
LOAD CMakeFiles/F411_FreeRTOS_SensorwithButton.elf.dir/Drivers/STM32F4xx_HAL_Driver/Src/stm32f4xx_hal_uart.c.obj
LOAD CMakeFiles/F411_FreeRTOS_SensorwithButton.elf.dir/Middlewares/Third_Party/FreeRTOS/Source/CMSIS_RTOS/cmsis_os.c.obj
LOAD CMakeFiles/F411_FreeRTOS_SensorwithButton.elf.dir/Middlewares/Third_Party/FreeRTOS/Source/croutine.c.obj
LOAD CMakeFiles/F411_FreeRTOS_SensorwithButton.elf.dir/Middlewares/Third_Party/FreeRTOS/Source/event_groups.c.obj
LOAD CMakeFiles/F411_FreeRTOS_SensorwithButton.elf.dir/Middlewares/Third_Party/FreeRTOS/Source/list.c.obj
LOAD CMakeFiles/F411_FreeRTOS_SensorwithButton.elf.dir/Middlewares/Third_Party/FreeRTOS/Source/portable/GCC/ARM_CM4F/port.c.obj
LOAD CMakeFiles/F411_FreeRTOS_SensorwithButton.elf.dir/Middlewares/Third_Party/FreeRTOS/Source/portable/MemMang/heap_4.c.obj
LOAD CMakeFiles/F411_FreeRTOS_SensorwithButton.elf.dir/Middlewares/Third_Party/FreeRTOS/Source/queue.c.obj
LOAD CMakeFiles/F411_FreeRTOS_SensorwithButton.elf.dir/Middlewares/Third_Party/FreeRTOS/Source/stream_buffer.c.obj
LOAD CMakeFiles/F411_FreeRTOS_SensorwithButton.elf.dir/Middlewares/Third_Party/FreeRTOS/Source/tasks.c.obj
LOAD CMakeFiles/F411_FreeRTOS_SensorwithButton.elf.dir/Middlewares/Third_Party/FreeRTOS/Source/timers.c.obj
START GROUP
LOAD c:/users/kuo_hsun/stm32cube/gcc-arm-none-eabi-10.3-2021.10/bin/../lib/gcc/arm-none-eabi/10.3.1/thumb/v7e-m+fp/hard\libgcc.a
LOAD c:/users/kuo_hsun/stm32cube/gcc-arm-none-eabi-10.3-2021.10/bin/../lib/gcc/arm-none-eabi/10.3.1/../../../../arm-none-eabi/lib/thumb/v7e-m+fp/hard\libg.a
LOAD c:/users/kuo_hsun/stm32cube/gcc-arm-none-eabi-10.3-2021.10/bin/../lib/gcc/arm-none-eabi/10.3.1/../../../../arm-none-eabi/lib/thumb/v7e-m+fp/hard\libc.a
END GROUP
LOAD c:/users/kuo_hsun/stm32cube/gcc-arm-none-eabi-10.3-2021.10/bin/../lib/gcc/arm-none-eabi/10.3.1/thumb/v7e-m+fp/hard/crtend.o
LOAD c:/users/kuo_hsun/stm32cube/gcc-arm-none-eabi-10.3-2021.10/bin/../lib/gcc/arm-none-eabi/10.3.1/thumb/v7e-m+fp/hard/crtn.o
                0x20020000                _estack = (ORIGIN (RAM) + LENGTH (RAM))
                0x00000200                _Min_Heap_Size = 0x200
                0x00000400                _Min_Stack_Size = 0x400

.isr_vector     0x08000000      0x198
                0x08000000                . = ALIGN (0x4)
 *(.isr_vector)
 .isr_vector    0x08000000      0x198 CMakeFiles/F411_FreeRTOS_SensorwithButton.elf.dir/Core/Startup/startup_stm32f411retx.s.obj
                0x08000000                g_pfnVectors
                0x08000198                . = ALIGN (0x4)

.text           0x080001c0     0x3be4
                0x080001c0                . = ALIGN (0x4)
 *(.text)
 .text          0x080001c0       0x40 c:/users/kuo_hsun/stm32cube/gcc-arm-none-eabi-10.3-2021.10/bin/../lib/gcc/arm-none-eabi/10.3.1/thumb/v7e-m+fp/hard/crtbegin.o
 .text          0x08000200       0x30 c:/users/kuo_hsun/stm32cube/gcc-arm-none-eabi-10.3-2021.10/bin/../lib/gcc/arm-none-eabi/10.3.1/thumb/v7e-m+fp/hard\libgcc.a(_aeabi_uldivmod.o)
                0x08000200                __aeabi_uldivmod
 .text          0x08000230      0x2d0 c:/users/kuo_hsun/stm32cube/gcc-arm-none-eabi-10.3-2021.10/bin/../lib/gcc/arm-none-eabi/10.3.1/thumb/v7e-m+fp/hard\libgcc.a(_udivmoddi4.o)
                0x08000230                __udivmoddi4
 .text          0x08000500        0x4 c:/users/kuo_hsun/stm32cube/gcc-arm-none-eabi-10.3-2021.10/bin/../lib/gcc/arm-none-eabi/10.3.1/thumb/v7e-m+fp/hard\libgcc.a(_dvmd_tls.o)
                0x08000500                __aeabi_idiv0
                0x08000500                __aeabi_ldiv0
 *fill*         0x08000504       0x3c 
 .text          0x08000540       0xdc c:/users/kuo_hsun/stm32cube/gcc-arm-none-eabi-10.3-2021.10/bin/../lib/gcc/arm-none-eabi/10.3.1/../../../../arm-none-eabi/lib/thumb/v7e-m+fp/hard\libg.a(lib_a-strlen.o)
                0x08000540                strlen
 *(.text*)
 .text.HAL_Delay_us
                0x0800061c        0xa CMakeFiles/F411_FreeRTOS_SensorwithButton.elf.dir/Core/Src/DHT11.c.obj
                0x0800061c                HAL_Delay_us
 *fill*         0x08000626        0x2 
 .text.GPIO_mode_out
                0x08000628       0x28 CMakeFiles/F411_FreeRTOS_SensorwithButton.elf.dir/Core/Src/DHT11.c.obj
                0x08000628                GPIO_mode_out
 .text.GPIO_mode_in
                0x08000650       0x28 CMakeFiles/F411_FreeRTOS_SensorwithButton.elf.dir/Core/Src/DHT11.c.obj
                0x08000650                GPIO_mode_in
 .text.DHT11_Rst
                0x08000678       0x30 CMakeFiles/F411_FreeRTOS_SensorwithButton.elf.dir/Core/Src/DHT11.c.obj
                0x08000678                DHT11_Rst
 .text.DHT11_Check
                0x080006a8       0x58 CMakeFiles/F411_FreeRTOS_SensorwithButton.elf.dir/Core/Src/DHT11.c.obj
                0x080006a8                DHT11_Check
 .text.DHT11_Read_Bit
                0x08000700       0x54 CMakeFiles/F411_FreeRTOS_SensorwithButton.elf.dir/Core/Src/DHT11.c.obj
                0x08000700                DHT11_Read_Bit
 .text.DHT11_Read_Byte
                0x08000754       0x1e CMakeFiles/F411_FreeRTOS_SensorwithButton.elf.dir/Core/Src/DHT11.c.obj
                0x08000754                DHT11_Read_Byte
 .text.DHT11_Read_Data
                0x08000772       0x5a CMakeFiles/F411_FreeRTOS_SensorwithButton.elf.dir/Core/Src/DHT11.c.obj
                0x08000772                DHT11_Read_Data
 .text.Button_Task
                0x080007cc       0x50 CMakeFiles/F411_FreeRTOS_SensorwithButton.elf.dir/Core/Src/freertos.c.obj
                0x080007cc                Button_Task
 .text.DHT11_Task
                0x0800081c       0xe8 CMakeFiles/F411_FreeRTOS_SensorwithButton.elf.dir/Core/Src/freertos.c.obj
                0x0800081c                DHT11_Task
 .text.vApplicationGetIdleTaskMemory
                0x08000904       0x18 CMakeFiles/F411_FreeRTOS_SensorwithButton.elf.dir/Core/Src/freertos.c.obj
                0x08000904                vApplicationGetIdleTaskMemory
 .text.MX_FREERTOS_Init
                0x0800091c       0x84 CMakeFiles/F411_FreeRTOS_SensorwithButton.elf.dir/Core/Src/freertos.c.obj
                0x0800091c                MX_FREERTOS_Init
 .text.LED_Display
                0x080009a0      0x3dc CMakeFiles/F411_FreeRTOS_SensorwithButton.elf.dir/Core/Src/freertos.c.obj
                0x080009a0                LED_Display
 .text.Four_LED_Display
                0x08000d7c      0x2a8 CMakeFiles/F411_FreeRTOS_SensorwithButton.elf.dir/Core/Src/freertos.c.obj
                0x08000d7c                Four_LED_Display
 .text.LED_Display_Task
                0x08001024       0xc0 CMakeFiles/F411_FreeRTOS_SensorwithButton.elf.dir/Core/Src/freertos.c.obj
                0x08001024                LED_Display_Task
 .text.MX_GPIO_Init
                0x080010e4      0x10c CMakeFiles/F411_FreeRTOS_SensorwithButton.elf.dir/Core/Src/gpio.c.obj
                0x080010e4                MX_GPIO_Init
 .text.HAL_TIM_PeriodElapsedCallback
                0x080011f0       0x18 CMakeFiles/F411_FreeRTOS_SensorwithButton.elf.dir/Core/Src/main.c.obj
                0x080011f0                HAL_TIM_PeriodElapsedCallback
 .text.Error_Handler
                0x08001208        0x4 CMakeFiles/F411_FreeRTOS_SensorwithButton.elf.dir/Core/Src/main.c.obj
                0x08001208                Error_Handler
 .text.SystemClock_Config
                0x0800120c       0xa0 CMakeFiles/F411_FreeRTOS_SensorwithButton.elf.dir/Core/Src/main.c.obj
                0x0800120c                SystemClock_Config
 .text.main     0x080012ac       0x24 CMakeFiles/F411_FreeRTOS_SensorwithButton.elf.dir/Core/Src/main.c.obj
                0x080012ac                main
 .text.HAL_MspInit
                0x080012d0       0x44 CMakeFiles/F411_FreeRTOS_SensorwithButton.elf.dir/Core/Src/stm32f4xx_hal_msp.c.obj
                0x080012d0                HAL_MspInit
 .text.HAL_InitTick
                0x08001314       0x98 CMakeFiles/F411_FreeRTOS_SensorwithButton.elf.dir/Core/Src/stm32f4xx_hal_timebase_tim.c.obj
                0x08001314                HAL_InitTick
 .text.NMI_Handler
                0x080013ac        0x2 CMakeFiles/F411_FreeRTOS_SensorwithButton.elf.dir/Core/Src/stm32f4xx_it.c.obj
                0x080013ac                NMI_Handler
 .text.HardFault_Handler
                0x080013ae        0x2 CMakeFiles/F411_FreeRTOS_SensorwithButton.elf.dir/Core/Src/stm32f4xx_it.c.obj
                0x080013ae                HardFault_Handler
 .text.MemManage_Handler
                0x080013b0        0x2 CMakeFiles/F411_FreeRTOS_SensorwithButton.elf.dir/Core/Src/stm32f4xx_it.c.obj
                0x080013b0                MemManage_Handler
 .text.BusFault_Handler
                0x080013b2        0x2 CMakeFiles/F411_FreeRTOS_SensorwithButton.elf.dir/Core/Src/stm32f4xx_it.c.obj
                0x080013b2                BusFault_Handler
 .text.UsageFault_Handler
                0x080013b4        0x2 CMakeFiles/F411_FreeRTOS_SensorwithButton.elf.dir/Core/Src/stm32f4xx_it.c.obj
                0x080013b4                UsageFault_Handler
 .text.DebugMon_Handler
                0x080013b6        0x2 CMakeFiles/F411_FreeRTOS_SensorwithButton.elf.dir/Core/Src/stm32f4xx_it.c.obj
                0x080013b6                DebugMon_Handler
 .text.TIM1_UP_TIM10_IRQHandler
                0x080013b8       0x10 CMakeFiles/F411_FreeRTOS_SensorwithButton.elf.dir/Core/Src/stm32f4xx_it.c.obj
                0x080013b8                TIM1_UP_TIM10_IRQHandler
 .text.USART1_IRQHandler
                0x080013c8       0x10 CMakeFiles/F411_FreeRTOS_SensorwithButton.elf.dir/Core/Src/stm32f4xx_it.c.obj
                0x080013c8                USART1_IRQHandler
 .text.SystemInit
                0x080013d8       0x14 CMakeFiles/F411_FreeRTOS_SensorwithButton.elf.dir/Core/Src/system_stm32f4xx.c.obj
                0x080013d8                SystemInit
 .text.MX_TIM2_Init
                0x080013ec       0x6c CMakeFiles/F411_FreeRTOS_SensorwithButton.elf.dir/Core/Src/tim.c.obj
                0x080013ec                MX_TIM2_Init
 .text.HAL_TIM_Base_MspInit
                0x08001458       0x2c CMakeFiles/F411_FreeRTOS_SensorwithButton.elf.dir/Core/Src/tim.c.obj
                0x08001458                HAL_TIM_Base_MspInit
 .text.delayXus
                0x08001484       0x34 CMakeFiles/F411_FreeRTOS_SensorwithButton.elf.dir/Core/Src/tim.c.obj
                0x08001484                delayXus
 .text.MX_USART1_UART_Init
                0x080014b8       0x34 CMakeFiles/F411_FreeRTOS_SensorwithButton.elf.dir/Core/Src/usart.c.obj
                0x080014b8                MX_USART1_UART_Init
 .text.MX_USART2_UART_Init
                0x080014ec       0x34 CMakeFiles/F411_FreeRTOS_SensorwithButton.elf.dir/Core/Src/usart.c.obj
                0x080014ec                MX_USART2_UART_Init
 .text.HAL_UART_MspInit
                0x08001520       0xd0 CMakeFiles/F411_FreeRTOS_SensorwithButton.elf.dir/Core/Src/usart.c.obj
                0x08001520                HAL_UART_MspInit
 .text.Reset_Handler
                0x080015f0       0x50 CMakeFiles/F411_FreeRTOS_SensorwithButton.elf.dir/Core/Startup/startup_stm32f411retx.s.obj
                0x080015f0                Reset_Handler
 .text.Default_Handler
                0x08001640        0x2 CMakeFiles/F411_FreeRTOS_SensorwithButton.elf.dir/Core/Startup/startup_stm32f411retx.s.obj
                0x08001640                RTC_Alarm_IRQHandler
                0x08001640                EXTI2_IRQHandler
                0x08001640                SPI4_IRQHandler
                0x08001640                TIM1_CC_IRQHandler
                0x08001640                DMA2_Stream5_IRQHandler
                0x08001640                DMA1_Stream5_IRQHandler
                0x08001640                PVD_IRQHandler
                0x08001640                SDIO_IRQHandler
                0x08001640                TAMP_STAMP_IRQHandler
                0x08001640                EXTI3_IRQHandler
                0x08001640                I2C3_ER_IRQHandler
                0x08001640                EXTI0_IRQHandler
                0x08001640                I2C2_EV_IRQHandler
                0x08001640                DMA1_Stream2_IRQHandler
                0x08001640                FPU_IRQHandler
                0x08001640                DMA2_Stream2_IRQHandler
                0x08001640                SPI1_IRQHandler
                0x08001640                TIM1_BRK_TIM9_IRQHandler
                0x08001640                DMA2_Stream3_IRQHandler
                0x08001640                USART6_IRQHandler
                0x08001640                DMA2_Stream0_IRQHandler
                0x08001640                TIM4_IRQHandler
                0x08001640                I2C1_EV_IRQHandler
                0x08001640                DMA1_Stream6_IRQHandler
                0x08001640                DMA1_Stream1_IRQHandler
                0x08001640                TIM3_IRQHandler
                0x08001640                RCC_IRQHandler
                0x08001640                Default_Handler
                0x08001640                EXTI15_10_IRQHandler
                0x08001640                ADC_IRQHandler
                0x08001640                DMA1_Stream7_IRQHandler
                0x08001640                SPI5_IRQHandler
                0x08001640                TIM5_IRQHandler
                0x08001640                DMA2_Stream7_IRQHandler
                0x08001640                I2C3_EV_IRQHandler
                0x08001640                EXTI9_5_IRQHandler
                0x08001640                RTC_WKUP_IRQHandler
                0x08001640                SPI2_IRQHandler
                0x08001640                DMA1_Stream0_IRQHandler
                0x08001640                EXTI4_IRQHandler
                0x08001640                WWDG_IRQHandler
                0x08001640                TIM2_IRQHandler
                0x08001640                OTG_FS_WKUP_IRQHandler
                0x08001640                TIM1_TRG_COM_TIM11_IRQHandler
                0x08001640                EXTI1_IRQHandler
                0x08001640                USART2_IRQHandler
                0x08001640                I2C2_ER_IRQHandler
                0x08001640                DMA2_Stream1_IRQHandler
                0x08001640                FLASH_IRQHandler
                0x08001640                DMA2_Stream4_IRQHandler
                0x08001640                OTG_FS_IRQHandler
                0x08001640                SPI3_IRQHandler
                0x08001640                DMA1_Stream4_IRQHandler
                0x08001640                I2C1_ER_IRQHandler
                0x08001640                DMA2_Stream6_IRQHandler
                0x08001640                DMA1_Stream3_IRQHandler
 *fill*         0x08001642        0x2 
 .text.HAL_Init
                0x08001644       0x34 CMakeFiles/F411_FreeRTOS_SensorwithButton.elf.dir/Drivers/STM32F4xx_HAL_Driver/Src/stm32f4xx_hal.c.obj
                0x08001644                HAL_Init
 .text.HAL_IncTick
                0x08001678       0x18 CMakeFiles/F411_FreeRTOS_SensorwithButton.elf.dir/Drivers/STM32F4xx_HAL_Driver/Src/stm32f4xx_hal.c.obj
                0x08001678                HAL_IncTick
 .text.HAL_GetTick
                0x08001690        0xc CMakeFiles/F411_FreeRTOS_SensorwithButton.elf.dir/Drivers/STM32F4xx_HAL_Driver/Src/stm32f4xx_hal.c.obj
                0x08001690                HAL_GetTick
 .text.HAL_Delay
                0x0800169c       0x28 CMakeFiles/F411_FreeRTOS_SensorwithButton.elf.dir/Drivers/STM32F4xx_HAL_Driver/Src/stm32f4xx_hal.c.obj
                0x0800169c                HAL_Delay
 .text.HAL_NVIC_SetPriorityGrouping
                0x080016c4       0x24 CMakeFiles/F411_FreeRTOS_SensorwithButton.elf.dir/Drivers/STM32F4xx_HAL_Driver/Src/stm32f4xx_hal_cortex.c.obj
                0x080016c4                HAL_NVIC_SetPriorityGrouping
 .text.HAL_NVIC_SetPriority
                0x080016e8       0x70 CMakeFiles/F411_FreeRTOS_SensorwithButton.elf.dir/Drivers/STM32F4xx_HAL_Driver/Src/stm32f4xx_hal_cortex.c.obj
                0x080016e8                HAL_NVIC_SetPriority
 .text.HAL_NVIC_EnableIRQ
                0x08001758       0x1c CMakeFiles/F411_FreeRTOS_SensorwithButton.elf.dir/Drivers/STM32F4xx_HAL_Driver/Src/stm32f4xx_hal_cortex.c.obj
                0x08001758                HAL_NVIC_EnableIRQ
 .text.HAL_DMA_Abort
                0x08001774       0x94 CMakeFiles/F411_FreeRTOS_SensorwithButton.elf.dir/Drivers/STM32F4xx_HAL_Driver/Src/stm32f4xx_hal_dma.c.obj
                0x08001774                HAL_DMA_Abort
 .text.HAL_DMA_Abort_IT
                0x08001808       0x26 CMakeFiles/F411_FreeRTOS_SensorwithButton.elf.dir/Drivers/STM32F4xx_HAL_Driver/Src/stm32f4xx_hal_dma.c.obj
                0x08001808                HAL_DMA_Abort_IT
 *fill*         0x0800182e        0x2 
 .text.HAL_GPIO_Init
                0x08001830      0x1c0 CMakeFiles/F411_FreeRTOS_SensorwithButton.elf.dir/Drivers/STM32F4xx_HAL_Driver/Src/stm32f4xx_hal_gpio.c.obj
                0x08001830                HAL_GPIO_Init
 .text.HAL_GPIO_ReadPin
                0x080019f0        0xe CMakeFiles/F411_FreeRTOS_SensorwithButton.elf.dir/Drivers/STM32F4xx_HAL_Driver/Src/stm32f4xx_hal_gpio.c.obj
                0x080019f0                HAL_GPIO_ReadPin
 .text.HAL_GPIO_WritePin
                0x080019fe        0xc CMakeFiles/F411_FreeRTOS_SensorwithButton.elf.dir/Drivers/STM32F4xx_HAL_Driver/Src/stm32f4xx_hal_gpio.c.obj
                0x080019fe                HAL_GPIO_WritePin
 *fill*         0x08001a0a        0x2 
 .text.HAL_RCC_OscConfig
                0x08001a0c      0x3f8 CMakeFiles/F411_FreeRTOS_SensorwithButton.elf.dir/Drivers/STM32F4xx_HAL_Driver/Src/stm32f4xx_hal_rcc.c.obj
                0x08001a0c                HAL_RCC_OscConfig
 .text.HAL_RCC_GetSysClockFreq
                0x08001e04       0xd4 CMakeFiles/F411_FreeRTOS_SensorwithButton.elf.dir/Drivers/STM32F4xx_HAL_Driver/Src/stm32f4xx_hal_rcc.c.obj
                0x08001e04                HAL_RCC_GetSysClockFreq
 .text.HAL_RCC_ClockConfig
                0x08001ed8      0x160 CMakeFiles/F411_FreeRTOS_SensorwithButton.elf.dir/Drivers/STM32F4xx_HAL_Driver/Src/stm32f4xx_hal_rcc.c.obj
                0x08001ed8                HAL_RCC_ClockConfig
 .text.HAL_RCC_GetHCLKFreq
                0x08002038        0xc CMakeFiles/F411_FreeRTOS_SensorwithButton.elf.dir/Drivers/STM32F4xx_HAL_Driver/Src/stm32f4xx_hal_rcc.c.obj
                0x08002038                HAL_RCC_GetHCLKFreq
 .text.HAL_RCC_GetPCLK1Freq
                0x08002044       0x20 CMakeFiles/F411_FreeRTOS_SensorwithButton.elf.dir/Drivers/STM32F4xx_HAL_Driver/Src/stm32f4xx_hal_rcc.c.obj
                0x08002044                HAL_RCC_GetPCLK1Freq
 .text.HAL_RCC_GetPCLK2Freq
                0x08002064       0x20 CMakeFiles/F411_FreeRTOS_SensorwithButton.elf.dir/Drivers/STM32F4xx_HAL_Driver/Src/stm32f4xx_hal_rcc.c.obj
                0x08002064                HAL_RCC_GetPCLK2Freq
 .text.HAL_RCC_GetClockConfig
                0x08002084       0x3c CMakeFiles/F411_FreeRTOS_SensorwithButton.elf.dir/Drivers/STM32F4xx_HAL_Driver/Src/stm32f4xx_hal_rcc.c.obj
                0x08002084                HAL_RCC_GetClockConfig
 .text.TIM_TI1_ConfigInputStage
                0x080020c0       0x26 CMakeFiles/F411_FreeRTOS_SensorwithButton.elf.dir/Drivers/STM32F4xx_HAL_Driver/Src/stm32f4xx_hal_tim.c.obj
 .text.TIM_TI2_ConfigInputStage
                0x080020e6       0x28 CMakeFiles/F411_FreeRTOS_SensorwithButton.elf.dir/Drivers/STM32F4xx_HAL_Driver/Src/stm32f4xx_hal_tim.c.obj
 .text.TIM_ITRx_SetConfig
                0x0800210e       0x10 CMakeFiles/F411_FreeRTOS_SensorwithButton.elf.dir/Drivers/STM32F4xx_HAL_Driver/Src/stm32f4xx_hal_tim.c.obj
 *fill*         0x0800211e        0x2 
 .text.HAL_TIM_Base_Start
                0x08002120       0x6c CMakeFiles/F411_FreeRTOS_SensorwithButton.elf.dir/Drivers/STM32F4xx_HAL_Driver/Src/stm32f4xx_hal_tim.c.obj
                0x08002120                HAL_TIM_Base_Start
 .text.HAL_TIM_Base_Stop
                0x0800218c       0x28 CMakeFiles/F411_FreeRTOS_SensorwithButton.elf.dir/Drivers/STM32F4xx_HAL_Driver/Src/stm32f4xx_hal_tim.c.obj
                0x0800218c                HAL_TIM_Base_Stop
 .text.HAL_TIM_Base_Start_IT
                0x080021b4       0x78 CMakeFiles/F411_FreeRTOS_SensorwithButton.elf.dir/Drivers/STM32F4xx_HAL_Driver/Src/stm32f4xx_hal_tim.c.obj
                0x080021b4                HAL_TIM_Base_Start_IT
 .text.HAL_TIM_OC_DelayElapsedCallback
                0x0800222c        0x2 CMakeFiles/F411_FreeRTOS_SensorwithButton.elf.dir/Drivers/STM32F4xx_HAL_Driver/Src/stm32f4xx_hal_tim.c.obj
                0x0800222c                HAL_TIM_OC_DelayElapsedCallback
 .text.HAL_TIM_IC_CaptureCallback
                0x0800222e        0x2 CMakeFiles/F411_FreeRTOS_SensorwithButton.elf.dir/Drivers/STM32F4xx_HAL_Driver/Src/stm32f4xx_hal_tim.c.obj
                0x0800222e                HAL_TIM_IC_CaptureCallback
 .text.HAL_TIM_PWM_PulseFinishedCallback
                0x08002230        0x2 CMakeFiles/F411_FreeRTOS_SensorwithButton.elf.dir/Drivers/STM32F4xx_HAL_Driver/Src/stm32f4xx_hal_tim.c.obj
                0x08002230                HAL_TIM_PWM_PulseFinishedCallback
 .text.HAL_TIM_TriggerCallback
                0x08002232        0x2 CMakeFiles/F411_FreeRTOS_SensorwithButton.elf.dir/Drivers/STM32F4xx_HAL_Driver/Src/stm32f4xx_hal_tim.c.obj
                0x08002232                HAL_TIM_TriggerCallback
 .text.HAL_TIM_IRQHandler
                0x08002234      0x17a CMakeFiles/F411_FreeRTOS_SensorwithButton.elf.dir/Drivers/STM32F4xx_HAL_Driver/Src/stm32f4xx_hal_tim.c.obj
                0x08002234                HAL_TIM_IRQHandler
 *fill*         0x080023ae        0x2 
 .text.TIM_Base_SetConfig
                0x080023b0       0x9c CMakeFiles/F411_FreeRTOS_SensorwithButton.elf.dir/Drivers/STM32F4xx_HAL_Driver/Src/stm32f4xx_hal_tim.c.obj
                0x080023b0                TIM_Base_SetConfig
 .text.HAL_TIM_Base_Init
                0x0800244c       0x58 CMakeFiles/F411_FreeRTOS_SensorwithButton.elf.dir/Drivers/STM32F4xx_HAL_Driver/Src/stm32f4xx_hal_tim.c.obj
                0x0800244c                HAL_TIM_Base_Init
 .text.TIM_ETR_SetConfig
                0x080024a4       0x1a CMakeFiles/F411_FreeRTOS_SensorwithButton.elf.dir/Drivers/STM32F4xx_HAL_Driver/Src/stm32f4xx_hal_tim.c.obj
                0x080024a4                TIM_ETR_SetConfig
 .text.HAL_TIM_ConfigClockSource
                0x080024be       0xfe CMakeFiles/F411_FreeRTOS_SensorwithButton.elf.dir/Drivers/STM32F4xx_HAL_Driver/Src/stm32f4xx_hal_tim.c.obj
                0x080024be                HAL_TIM_ConfigClockSource
 .text.HAL_TIMEx_MasterConfigSynchronization
                0x080025bc       0x7c CMakeFiles/F411_FreeRTOS_SensorwithButton.elf.dir/Drivers/STM32F4xx_HAL_Driver/Src/stm32f4xx_hal_tim_ex.c.obj
                0x080025bc                HAL_TIMEx_MasterConfigSynchronization
 .text.HAL_TIMEx_CommutCallback
                0x08002638        0x2 CMakeFiles/F411_FreeRTOS_SensorwithButton.elf.dir/Drivers/STM32F4xx_HAL_Driver/Src/stm32f4xx_hal_tim_ex.c.obj
                0x08002638                HAL_TIMEx_CommutCallback
 .text.HAL_TIMEx_BreakCallback
                0x0800263a        0x2 CMakeFiles/F411_FreeRTOS_SensorwithButton.elf.dir/Drivers/STM32F4xx_HAL_Driver/Src/stm32f4xx_hal_tim_ex.c.obj
                0x0800263a                HAL_TIMEx_BreakCallback
 .text.UART_EndRxTransfer
                0x0800263c       0x5c CMakeFiles/F411_FreeRTOS_SensorwithButton.elf.dir/Drivers/STM32F4xx_HAL_Driver/Src/stm32f4xx_hal_uart.c.obj
 .text.UART_Transmit_IT
                0x08002698       0x60 CMakeFiles/F411_FreeRTOS_SensorwithButton.elf.dir/Drivers/STM32F4xx_HAL_Driver/Src/stm32f4xx_hal_uart.c.obj
 .text.UART_SetConfig
                0x080026f8      0x110 CMakeFiles/F411_FreeRTOS_SensorwithButton.elf.dir/Drivers/STM32F4xx_HAL_Driver/Src/stm32f4xx_hal_uart.c.obj
 .text.UART_WaitOnFlagUntilTimeout
                0x08002808       0x88 CMakeFiles/F411_FreeRTOS_SensorwithButton.elf.dir/Drivers/STM32F4xx_HAL_Driver/Src/stm32f4xx_hal_uart.c.obj
 .text.HAL_UART_Init
                0x08002890       0x5e CMakeFiles/F411_FreeRTOS_SensorwithButton.elf.dir/Drivers/STM32F4xx_HAL_Driver/Src/stm32f4xx_hal_uart.c.obj
                0x08002890                HAL_UART_Init
 .text.HAL_UART_Transmit
                0x080028ee       0xd8 CMakeFiles/F411_FreeRTOS_SensorwithButton.elf.dir/Drivers/STM32F4xx_HAL_Driver/Src/stm32f4xx_hal_uart.c.obj
                0x080028ee                HAL_UART_Transmit
 .text.HAL_UART_TxCpltCallback
                0x080029c6        0x2 CMakeFiles/F411_FreeRTOS_SensorwithButton.elf.dir/Drivers/STM32F4xx_HAL_Driver/Src/stm32f4xx_hal_uart.c.obj
                0x080029c6                HAL_UART_TxCpltCallback
 .text.UART_EndTransmit_IT
                0x080029c8       0x1a CMakeFiles/F411_FreeRTOS_SensorwithButton.elf.dir/Drivers/STM32F4xx_HAL_Driver/Src/stm32f4xx_hal_uart.c.obj
 .text.HAL_UART_RxCpltCallback
                0x080029e2        0x2 CMakeFiles/F411_FreeRTOS_SensorwithButton.elf.dir/Drivers/STM32F4xx_HAL_Driver/Src/stm32f4xx_hal_uart.c.obj
                0x080029e2                HAL_UART_RxCpltCallback
 .text.HAL_UART_ErrorCallback
                0x080029e4        0x2 CMakeFiles/F411_FreeRTOS_SensorwithButton.elf.dir/Drivers/STM32F4xx_HAL_Driver/Src/stm32f4xx_hal_uart.c.obj
                0x080029e4                HAL_UART_ErrorCallback
 .text.UART_DMAAbortOnError
                0x080029e6       0x10 CMakeFiles/F411_FreeRTOS_SensorwithButton.elf.dir/Drivers/STM32F4xx_HAL_Driver/Src/stm32f4xx_hal_uart.c.obj
 .text.HAL_UARTEx_RxEventCallback
                0x080029f6        0x2 CMakeFiles/F411_FreeRTOS_SensorwithButton.elf.dir/Drivers/STM32F4xx_HAL_Driver/Src/stm32f4xx_hal_uart.c.obj
                0x080029f6                HAL_UARTEx_RxEventCallback
 .text.UART_Receive_IT
                0x080029f8       0xe2 CMakeFiles/F411_FreeRTOS_SensorwithButton.elf.dir/Drivers/STM32F4xx_HAL_Driver/Src/stm32f4xx_hal_uart.c.obj
 *fill*         0x08002ada        0x2 
 .text.HAL_UART_IRQHandler
                0x08002adc      0x280 CMakeFiles/F411_FreeRTOS_SensorwithButton.elf.dir/Drivers/STM32F4xx_HAL_Driver/Src/stm32f4xx_hal_uart.c.obj
                0x08002adc                HAL_UART_IRQHandler
 .text.makeFreeRtosPriority
                0x08002d5c        0xc CMakeFiles/F411_FreeRTOS_SensorwithButton.elf.dir/Middlewares/Third_Party/FreeRTOS/Source/CMSIS_RTOS/cmsis_os.c.obj
 .text.osKernelStart
                0x08002d68        0xa CMakeFiles/F411_FreeRTOS_SensorwithButton.elf.dir/Middlewares/Third_Party/FreeRTOS/Source/CMSIS_RTOS/cmsis_os.c.obj
                0x08002d68                osKernelStart
 .text.osThreadCreate
                0x08002d72       0x6a CMakeFiles/F411_FreeRTOS_SensorwithButton.elf.dir/Middlewares/Third_Party/FreeRTOS/Source/CMSIS_RTOS/cmsis_os.c.obj
                0x08002d72                osThreadCreate
 .text.osDelay  0x08002ddc        0xe CMakeFiles/F411_FreeRTOS_SensorwithButton.elf.dir/Middlewares/Third_Party/FreeRTOS/Source/CMSIS_RTOS/cmsis_os.c.obj
                0x08002ddc                osDelay
 .text.vListInitialise
                0x08002dea       0x16 CMakeFiles/F411_FreeRTOS_SensorwithButton.elf.dir/Middlewares/Third_Party/FreeRTOS/Source/list.c.obj
                0x08002dea                vListInitialise
 .text.vListInitialiseItem
                0x08002e00        0x6 CMakeFiles/F411_FreeRTOS_SensorwithButton.elf.dir/Middlewares/Third_Party/FreeRTOS/Source/list.c.obj
                0x08002e00                vListInitialiseItem
 .text.vListInsertEnd
                0x08002e06       0x16 CMakeFiles/F411_FreeRTOS_SensorwithButton.elf.dir/Middlewares/Third_Party/FreeRTOS/Source/list.c.obj
                0x08002e06                vListInsertEnd
 .text.vListInsert
                0x08002e1c       0x32 CMakeFiles/F411_FreeRTOS_SensorwithButton.elf.dir/Middlewares/Third_Party/FreeRTOS/Source/list.c.obj
                0x08002e1c                vListInsert
 .text.uxListRemove
                0x08002e4e       0x26 CMakeFiles/F411_FreeRTOS_SensorwithButton.elf.dir/Middlewares/Third_Party/FreeRTOS/Source/list.c.obj
                0x08002e4e                uxListRemove
 .text.prvTaskExitError
                0x08002e74       0x40 CMakeFiles/F411_FreeRTOS_SensorwithButton.elf.dir/Middlewares/Third_Party/FreeRTOS/Source/portable/GCC/ARM_CM4F/port.c.obj
 .text.prvPortStartFirstTask
                0x08002eb4       0x28 CMakeFiles/F411_FreeRTOS_SensorwithButton.elf.dir/Middlewares/Third_Party/FreeRTOS/Source/portable/GCC/ARM_CM4F/port.c.obj
 .text.vPortEnableVFP
                0x08002edc       0x14 CMakeFiles/F411_FreeRTOS_SensorwithButton.elf.dir/Middlewares/Third_Party/FreeRTOS/Source/portable/GCC/ARM_CM4F/port.c.obj
 .text.pxPortInitialiseStack
                0x08002ef0       0x2c CMakeFiles/F411_FreeRTOS_SensorwithButton.elf.dir/Middlewares/Third_Party/FreeRTOS/Source/portable/GCC/ARM_CM4F/port.c.obj
                0x08002ef0                pxPortInitialiseStack
 *fill*         0x08002f1c        0x4 
 .text.SVC_Handler
                0x08002f20       0x24 CMakeFiles/F411_FreeRTOS_SensorwithButton.elf.dir/Middlewares/Third_Party/FreeRTOS/Source/portable/GCC/ARM_CM4F/port.c.obj
                0x08002f20                SVC_Handler
 .text.vPortEnterCritical
                0x08002f44       0x44 CMakeFiles/F411_FreeRTOS_SensorwithButton.elf.dir/Middlewares/Third_Party/FreeRTOS/Source/portable/GCC/ARM_CM4F/port.c.obj
                0x08002f44                vPortEnterCritical
 .text.vPortExitCritical
                0x08002f88       0x2c CMakeFiles/F411_FreeRTOS_SensorwithButton.elf.dir/Middlewares/Third_Party/FreeRTOS/Source/portable/GCC/ARM_CM4F/port.c.obj
                0x08002f88                vPortExitCritical
 *fill*         0x08002fb4        0xc 
 .text.PendSV_Handler
                0x08002fc0       0x64 CMakeFiles/F411_FreeRTOS_SensorwithButton.elf.dir/Middlewares/Third_Party/FreeRTOS/Source/portable/GCC/ARM_CM4F/port.c.obj
                0x08002fc0                PendSV_Handler
 .text.SysTick_Handler
                0x08003024       0x2c CMakeFiles/F411_FreeRTOS_SensorwithButton.elf.dir/Middlewares/Third_Party/FreeRTOS/Source/portable/GCC/ARM_CM4F/port.c.obj
                0x08003024                SysTick_Handler
 .text.vPortSetupTimerInterrupt
                0x08003050       0x28 CMakeFiles/F411_FreeRTOS_SensorwithButton.elf.dir/Middlewares/Third_Party/FreeRTOS/Source/portable/GCC/ARM_CM4F/port.c.obj
                0x08003050                vPortSetupTimerInterrupt
 .text.xPortStartScheduler
                0x08003078      0x118 CMakeFiles/F411_FreeRTOS_SensorwithButton.elf.dir/Middlewares/Third_Party/FreeRTOS/Source/portable/GCC/ARM_CM4F/port.c.obj
                0x08003078                xPortStartScheduler
 .text.prvHeapInit
                0x08003190       0x64 CMakeFiles/F411_FreeRTOS_SensorwithButton.elf.dir/Middlewares/Third_Party/FreeRTOS/Source/portable/MemMang/heap_4.c.obj
 .text.prvInsertBlockIntoFreeList
                0x080031f4       0x64 CMakeFiles/F411_FreeRTOS_SensorwithButton.elf.dir/Middlewares/Third_Party/FreeRTOS/Source/portable/MemMang/heap_4.c.obj
 .text.pvPortMalloc
                0x08003258       0xfc CMakeFiles/F411_FreeRTOS_SensorwithButton.elf.dir/Middlewares/Third_Party/FreeRTOS/Source/portable/MemMang/heap_4.c.obj
                0x08003258                pvPortMalloc
 .text.vPortFree
                0x08003354       0x7c CMakeFiles/F411_FreeRTOS_SensorwithButton.elf.dir/Middlewares/Third_Party/FreeRTOS/Source/portable/MemMang/heap_4.c.obj
                0x08003354                vPortFree
 .text.prvResetNextTaskUnblockTime
                0x080033d0       0x2c CMakeFiles/F411_FreeRTOS_SensorwithButton.elf.dir/Middlewares/Third_Party/FreeRTOS/Source/tasks.c.obj
 .text.prvInitialiseNewTask
                0x080033fc       0xa2 CMakeFiles/F411_FreeRTOS_SensorwithButton.elf.dir/Middlewares/Third_Party/FreeRTOS/Source/tasks.c.obj
 *fill*         0x0800349e        0x2 
 .text.prvInitialiseTaskLists
                0x080034a0       0x68 CMakeFiles/F411_FreeRTOS_SensorwithButton.elf.dir/Middlewares/Third_Party/FreeRTOS/Source/tasks.c.obj
 .text.prvAddNewTaskToReadyList
                0x08003508       0xa8 CMakeFiles/F411_FreeRTOS_SensorwithButton.elf.dir/Middlewares/Third_Party/FreeRTOS/Source/tasks.c.obj
 .text.prvDeleteTCB
                0x080035b0       0x38 CMakeFiles/F411_FreeRTOS_SensorwithButton.elf.dir/Middlewares/Third_Party/FreeRTOS/Source/tasks.c.obj
 .text.prvCheckTasksWaitingTermination
                0x080035e8       0x4c CMakeFiles/F411_FreeRTOS_SensorwithButton.elf.dir/Middlewares/Third_Party/FreeRTOS/Source/tasks.c.obj
 .text.prvIdleTask
                0x08003634       0x28 CMakeFiles/F411_FreeRTOS_SensorwithButton.elf.dir/Middlewares/Third_Party/FreeRTOS/Source/tasks.c.obj
 .text.prvAddCurrentTaskToDelayedList
                0x0800365c       0x98 CMakeFiles/F411_FreeRTOS_SensorwithButton.elf.dir/Middlewares/Third_Party/FreeRTOS/Source/tasks.c.obj
 .text.xTaskCreateStatic
                0x080036f4       0x76 CMakeFiles/F411_FreeRTOS_SensorwithButton.elf.dir/Middlewares/Third_Party/FreeRTOS/Source/tasks.c.obj
                0x080036f4                xTaskCreateStatic
 .text.xTaskCreate
                0x0800376a       0x68 CMakeFiles/F411_FreeRTOS_SensorwithButton.elf.dir/Middlewares/Third_Party/FreeRTOS/Source/tasks.c.obj
                0x0800376a                xTaskCreate
 *fill*         0x080037d2        0x2 
 .text.vTaskStartScheduler
                0x080037d4       0x74 CMakeFiles/F411_FreeRTOS_SensorwithButton.elf.dir/Middlewares/Third_Party/FreeRTOS/Source/tasks.c.obj
                0x080037d4                vTaskStartScheduler
 .text.vTaskSuspendAll
                0x08003848       0x10 CMakeFiles/F411_FreeRTOS_SensorwithButton.elf.dir/Middlewares/Third_Party/FreeRTOS/Source/tasks.c.obj
                0x08003848                vTaskSuspendAll
 .text.xTaskIncrementTick
                0x08003858      0x118 CMakeFiles/F411_FreeRTOS_SensorwithButton.elf.dir/Middlewares/Third_Party/FreeRTOS/Source/tasks.c.obj
                0x08003858                xTaskIncrementTick
 .text.xTaskResumeAll
                0x08003970       0xf8 CMakeFiles/F411_FreeRTOS_SensorwithButton.elf.dir/Middlewares/Third_Party/FreeRTOS/Source/tasks.c.obj
                0x08003970                xTaskResumeAll
 .text.vTaskDelay
                0x08003a68       0x4c CMakeFiles/F411_FreeRTOS_SensorwithButton.elf.dir/Middlewares/Third_Party/FreeRTOS/Source/tasks.c.obj
                0x08003a68                vTaskDelay
 .text.vTaskSwitchContext
                0x08003ab4       0x98 CMakeFiles/F411_FreeRTOS_SensorwithButton.elf.dir/Middlewares/Third_Party/FreeRTOS/Source/tasks.c.obj
                0x08003ab4                vTaskSwitchContext
 .text.__libc_init_array
                0x08003b4c       0x48 c:/users/kuo_hsun/stm32cube/gcc-arm-none-eabi-10.3-2021.10/bin/../lib/gcc/arm-none-eabi/10.3.1/../../../../arm-none-eabi/lib/thumb/v7e-m+fp/hard\libg.a(lib_a-init.o)
                0x08003b4c                __libc_init_array
 .text.memset   0x08003b94       0xa4 c:/users/kuo_hsun/stm32cube/gcc-arm-none-eabi-10.3-2021.10/bin/../lib/gcc/arm-none-eabi/10.3.1/../../../../arm-none-eabi/lib/thumb/v7e-m+fp/hard\libg.a(lib_a-memset.o)
                0x08003b94                memset
 .text.strtok   0x08003c38       0x10 c:/users/kuo_hsun/stm32cube/gcc-arm-none-eabi-10.3-2021.10/bin/../lib/gcc/arm-none-eabi/10.3.1/../../../../arm-none-eabi/lib/thumb/v7e-m+fp/hard\libg.a(lib_a-strtok.o)
                0x08003c38                strtok
 .text.__strtok_r
                0x08003c48       0x64 c:/users/kuo_hsun/stm32cube/gcc-arm-none-eabi-10.3-2021.10/bin/../lib/gcc/arm-none-eabi/10.3.1/../../../../arm-none-eabi/lib/thumb/v7e-m+fp/hard\libg.a(lib_a-strtok_r.o)
                0x08003c48                __strtok_r
 .text.startup.register_fini
                0x08003cac       0x14 c:/users/kuo_hsun/stm32cube/gcc-arm-none-eabi-10.3-2021.10/bin/../lib/gcc/arm-none-eabi/10.3.1/../../../../arm-none-eabi/lib/thumb/v7e-m+fp/hard\libg.a(lib_a-__call_atexit.o)
 .text.atexit   0x08003cc0        0xc c:/users/kuo_hsun/stm32cube/gcc-arm-none-eabi-10.3-2021.10/bin/../lib/gcc/arm-none-eabi/10.3.1/../../../../arm-none-eabi/lib/thumb/v7e-m+fp/hard\libg.a(lib_a-atexit.o)
                0x08003cc0                atexit
 .text.__libc_fini_array
                0x08003ccc       0x2c c:/users/kuo_hsun/stm32cube/gcc-arm-none-eabi-10.3-2021.10/bin/../lib/gcc/arm-none-eabi/10.3.1/../../../../arm-none-eabi/lib/thumb/v7e-m+fp/hard\libg.a(lib_a-fini.o)
                0x08003ccc                __libc_fini_array
 .text.__retarget_lock_acquire_recursive
                0x08003cf8        0x4 c:/users/kuo_hsun/stm32cube/gcc-arm-none-eabi-10.3-2021.10/bin/../lib/gcc/arm-none-eabi/10.3.1/../../../../arm-none-eabi/lib/thumb/v7e-m+fp/hard\libg.a(lib_a-lock.o)
                0x08003cf8                __retarget_lock_acquire_recursive
 .text.__retarget_lock_release_recursive
                0x08003cfc        0x4 c:/users/kuo_hsun/stm32cube/gcc-arm-none-eabi-10.3-2021.10/bin/../lib/gcc/arm-none-eabi/10.3.1/../../../../arm-none-eabi/lib/thumb/v7e-m+fp/hard\libg.a(lib_a-lock.o)
                0x08003cfc                __retarget_lock_release_recursive
 .text.__register_exitproc
                0x08003d00       0x8c c:/users/kuo_hsun/stm32cube/gcc-arm-none-eabi-10.3-2021.10/bin/../lib/gcc/arm-none-eabi/10.3.1/../../../../arm-none-eabi/lib/thumb/v7e-m+fp/hard\libg.a(lib_a-__atexit.o)
                0x08003d00                __register_exitproc
 *(.glue_7)
 .glue_7        0x08003d8c        0x0 linker stubs
 *(.glue_7t)
 .glue_7t       0x08003d8c        0x0 linker stubs
 *(.eh_frame)
 .eh_frame      0x08003d8c        0x0 c:/users/kuo_hsun/stm32cube/gcc-arm-none-eabi-10.3-2021.10/bin/../lib/gcc/arm-none-eabi/10.3.1/thumb/v7e-m+fp/hard/crtbegin.o
 *(.init)
 .init          0x08003d8c        0x4 c:/users/kuo_hsun/stm32cube/gcc-arm-none-eabi-10.3-2021.10/bin/../lib/gcc/arm-none-eabi/10.3.1/thumb/v7e-m+fp/hard/crti.o
                0x08003d8c                _init
 .init          0x08003d90        0x8 c:/users/kuo_hsun/stm32cube/gcc-arm-none-eabi-10.3-2021.10/bin/../lib/gcc/arm-none-eabi/10.3.1/thumb/v7e-m+fp/hard/crtn.o
 *(.fini)
 .fini          0x08003d98        0x4 c:/users/kuo_hsun/stm32cube/gcc-arm-none-eabi-10.3-2021.10/bin/../lib/gcc/arm-none-eabi/10.3.1/thumb/v7e-m+fp/hard/crti.o
                0x08003d98                _fini
 .fini          0x08003d9c        0x8 c:/users/kuo_hsun/stm32cube/gcc-arm-none-eabi-10.3-2021.10/bin/../lib/gcc/arm-none-eabi/10.3.1/thumb/v7e-m+fp/hard/crtn.o
                0x08003da4                . = ALIGN (0x4)
                0x08003da4                _etext = .

.vfp11_veneer   0x08003da4        0x0
 .vfp11_veneer  0x08003da4        0x0 linker stubs

.v4_bx          0x08003da4        0x0
 .v4_bx         0x08003da4        0x0 linker stubs

.iplt           0x08003da4        0x0
 .iplt          0x08003da4        0x0 c:/users/kuo_hsun/stm32cube/gcc-arm-none-eabi-10.3-2021.10/bin/../lib/gcc/arm-none-eabi/10.3.1/thumb/v7e-m+fp/hard/crtbegin.o

.rodata         0x08003da4       0x98
                0x08003da4                . = ALIGN (0x4)
 *(.rodata)
 .rodata        0x08003da4       0x54 CMakeFiles/F411_FreeRTOS_SensorwithButton.elf.dir/Core/Src/freertos.c.obj
 *(.rodata*)
 .rodata.str1.4
                0x08003df8       0x1a CMakeFiles/F411_FreeRTOS_SensorwithButton.elf.dir/Core/Src/freertos.c.obj
 *fill*         0x08003e12        0x2 
 .rodata.Four_LED_Display.str1.4
                0x08003e14        0x2 CMakeFiles/F411_FreeRTOS_SensorwithButton.elf.dir/Core/Src/freertos.c.obj
 *fill*         0x08003e16        0x2 
 .rodata.AHBPrescTable
                0x08003e18       0x10 CMakeFiles/F411_FreeRTOS_SensorwithButton.elf.dir/Core/Src/system_stm32f4xx.c.obj
                0x08003e18                AHBPrescTable
 .rodata.APBPrescTable
                0x08003e28        0x8 CMakeFiles/F411_FreeRTOS_SensorwithButton.elf.dir/Core/Src/system_stm32f4xx.c.obj
                0x08003e28                APBPrescTable
 .rodata.vTaskStartScheduler.str1.4
                0x08003e30        0x5 CMakeFiles/F411_FreeRTOS_SensorwithButton.elf.dir/Middlewares/Third_Party/FreeRTOS/Source/tasks.c.obj
 *fill*         0x08003e35        0x3 
 .rodata._global_impure_ptr
                0x08003e38        0x4 c:/users/kuo_hsun/stm32cube/gcc-arm-none-eabi-10.3-2021.10/bin/../lib/gcc/arm-none-eabi/10.3.1/../../../../arm-none-eabi/lib/thumb/v7e-m+fp/hard\libg.a(lib_a-impure.o)
                0x08003e38                _global_impure_ptr
                0x08003e3c                . = ALIGN (0x4)

.ARM.extab      0x08003e3c        0x0
                0x08003e3c                . = ALIGN (0x4)
 *(.ARM.extab* .gnu.linkonce.armextab.*)
                0x08003e3c                . = ALIGN (0x4)

.ARM            0x08003e3c        0x8
                0x08003e3c                . = ALIGN (0x4)
                0x08003e3c                __exidx_start = .
 *(.ARM.exidx*)
 .ARM.exidx     0x08003e3c        0x8 c:/users/kuo_hsun/stm32cube/gcc-arm-none-eabi-10.3-2021.10/bin/../lib/gcc/arm-none-eabi/10.3.1/thumb/v7e-m+fp/hard\libgcc.a(_udivmoddi4.o)
                0x08003e44                __exidx_end = .
                0x08003e44                . = ALIGN (0x4)

.rel.dyn        0x08003e44        0x0
 .rel.iplt      0x08003e44        0x0 c:/users/kuo_hsun/stm32cube/gcc-arm-none-eabi-10.3-2021.10/bin/../lib/gcc/arm-none-eabi/10.3.1/thumb/v7e-m+fp/hard/crtbegin.o

.preinit_array  0x08003e44        0x0
                0x08003e44                . = ALIGN (0x4)
                0x08003e44                PROVIDE (__preinit_array_start = .)
 *(.preinit_array*)
                0x08003e44                PROVIDE (__preinit_array_end = .)
                0x08003e44                . = ALIGN (0x4)

.init_array     0x08003e44        0x8
                0x08003e44                . = ALIGN (0x4)
                0x08003e44                PROVIDE (__init_array_start = .)
 *(SORT_BY_NAME(.init_array.*))
 .init_array.00000
                0x08003e44        0x4 c:/users/kuo_hsun/stm32cube/gcc-arm-none-eabi-10.3-2021.10/bin/../lib/gcc/arm-none-eabi/10.3.1/../../../../arm-none-eabi/lib/thumb/v7e-m+fp/hard\libg.a(lib_a-__call_atexit.o)
 *(.init_array*)
 .init_array    0x08003e48        0x4 c:/users/kuo_hsun/stm32cube/gcc-arm-none-eabi-10.3-2021.10/bin/../lib/gcc/arm-none-eabi/10.3.1/thumb/v7e-m+fp/hard/crtbegin.o
                0x08003e4c                PROVIDE (__init_array_end = .)
                0x08003e4c                . = ALIGN (0x4)

.fini_array     0x08003e4c        0x4
                0x08003e4c                . = ALIGN (0x4)
                0x08003e4c                PROVIDE (__fini_array_start = .)
 *(SORT_BY_NAME(.fini_array.*))
 *(.fini_array*)
 .fini_array    0x08003e4c        0x4 c:/users/kuo_hsun/stm32cube/gcc-arm-none-eabi-10.3-2021.10/bin/../lib/gcc/arm-none-eabi/10.3.1/thumb/v7e-m+fp/hard/crtbegin.o
                0x08003e50                PROVIDE (__fini_array_end = .)
                0x08003e50                . = ALIGN (0x4)
                0x08003e50                _sidata = LOADADDR (.data)

.data           0x20000000      0x444 load address 0x08003e50
                0x20000000                . = ALIGN (0x4)
                0x20000000                _sdata = .
 *(.data)
 *(.data*)
 .data.Mode     0x20000000        0x1 CMakeFiles/F411_FreeRTOS_SensorwithButton.elf.dir/Core/Src/freertos.c.obj
                0x20000000                Mode
 *fill*         0x20000001        0x3 
 .data.SystemCoreClock
                0x20000004        0x4 CMakeFiles/F411_FreeRTOS_SensorwithButton.elf.dir/Core/Src/system_stm32f4xx.c.obj
                0x20000004                SystemCoreClock
 .data.uwTickFreq
                0x20000008        0x1 CMakeFiles/F411_FreeRTOS_SensorwithButton.elf.dir/Drivers/STM32F4xx_HAL_Driver/Src/stm32f4xx_hal.c.obj
                0x20000008                uwTickFreq
 *fill*         0x20000009        0x3 
 .data.uwTickPrio
                0x2000000c        0x4 CMakeFiles/F411_FreeRTOS_SensorwithButton.elf.dir/Drivers/STM32F4xx_HAL_Driver/Src/stm32f4xx_hal.c.obj
                0x2000000c                uwTickPrio
 .data.uxCriticalNesting
                0x20000010        0x4 CMakeFiles/F411_FreeRTOS_SensorwithButton.elf.dir/Middlewares/Third_Party/FreeRTOS/Source/portable/GCC/ARM_CM4F/port.c.obj
 .data._impure_ptr
                0x20000014        0x4 c:/users/kuo_hsun/stm32cube/gcc-arm-none-eabi-10.3-2021.10/bin/../lib/gcc/arm-none-eabi/10.3.1/../../../../arm-none-eabi/lib/thumb/v7e-m+fp/hard\libg.a(lib_a-impure.o)
                0x20000014                _impure_ptr
 .data.impure_data
                0x20000018      0x428 c:/users/kuo_hsun/stm32cube/gcc-arm-none-eabi-10.3-2021.10/bin/../lib/gcc/arm-none-eabi/10.3.1/../../../../arm-none-eabi/lib/thumb/v7e-m+fp/hard\libg.a(lib_a-impure.o)
 .data.__atexit_recursive_mutex
                0x20000440        0x4 c:/users/kuo_hsun/stm32cube/gcc-arm-none-eabi-10.3-2021.10/bin/../lib/gcc/arm-none-eabi/10.3.1/../../../../arm-none-eabi/lib/thumb/v7e-m+fp/hard\libg.a(lib_a-__call_atexit.o)
                0x20000440                __atexit_recursive_mutex
 *(.RamFunc)
 *(.RamFunc*)
                0x20000444                . = ALIGN (0x4)
                0x20000444                _edata = .

.igot.plt       0x20000444        0x0 load address 0x08004294
 .igot.plt      0x20000444        0x0 c:/users/kuo_hsun/stm32cube/gcc-arm-none-eabi-10.3-2021.10/bin/../lib/gcc/arm-none-eabi/10.3.1/thumb/v7e-m+fp/hard/crtbegin.o
                0x20000444                . = ALIGN (0x4)

.bss            0x20000444     0x40f8 load address 0x08004294
                0x20000444                _sbss = .
                0x20000444                __bss_start__ = _sbss
 *(.bss)
 .bss           0x20000444       0x1c c:/users/kuo_hsun/stm32cube/gcc-arm-none-eabi-10.3-2021.10/bin/../lib/gcc/arm-none-eabi/10.3.1/thumb/v7e-m+fp/hard/crtbegin.o
 *(.bss*)
 .bss.ButtonHandle
                0x20000460        0x4 CMakeFiles/F411_FreeRTOS_SensorwithButton.elf.dir/Core/Src/freertos.c.obj
                0x20000460                ButtonHandle
 .bss.DHT11Handle
                0x20000464        0x4 CMakeFiles/F411_FreeRTOS_SensorwithButton.elf.dir/Core/Src/freertos.c.obj
                0x20000464                DHT11Handle
 .bss.Data      0x20000468        0x5 CMakeFiles/F411_FreeRTOS_SensorwithButton.elf.dir/Core/Src/freertos.c.obj
                0x20000468                Data
 *fill*         0x2000046d        0x3 
 .bss.LED_DisplayHandle
                0x20000470        0x4 CMakeFiles/F411_FreeRTOS_SensorwithButton.elf.dir/Core/Src/freertos.c.obj
                0x20000470                LED_DisplayHandle
 .bss.xIdleStack
                0x20000474      0x200 CMakeFiles/F411_FreeRTOS_SensorwithButton.elf.dir/Core/Src/freertos.c.obj
 .bss.xIdleTaskTCBBuffer
                0x20000674       0x54 CMakeFiles/F411_FreeRTOS_SensorwithButton.elf.dir/Core/Src/freertos.c.obj
 .bss.htim1     0x200006c8       0x48 CMakeFiles/F411_FreeRTOS_SensorwithButton.elf.dir/Core/Src/stm32f4xx_hal_timebase_tim.c.obj
                0x200006c8                htim1
 .bss.htim2     0x20000710       0x48 CMakeFiles/F411_FreeRTOS_SensorwithButton.elf.dir/Core/Src/tim.c.obj
                0x20000710                htim2
 .bss.huart1    0x20000758       0x44 CMakeFiles/F411_FreeRTOS_SensorwithButton.elf.dir/Core/Src/usart.c.obj
                0x20000758                huart1
 .bss.huart2    0x2000079c       0x44 CMakeFiles/F411_FreeRTOS_SensorwithButton.elf.dir/Core/Src/usart.c.obj
                0x2000079c                huart2
 .bss.uwTick    0x200007e0        0x4 CMakeFiles/F411_FreeRTOS_SensorwithButton.elf.dir/Drivers/STM32F4xx_HAL_Driver/Src/stm32f4xx_hal.c.obj
                0x200007e0                uwTick
 .bss.ucMaxSysCallPriority
                0x200007e4        0x1 CMakeFiles/F411_FreeRTOS_SensorwithButton.elf.dir/Middlewares/Third_Party/FreeRTOS/Source/portable/GCC/ARM_CM4F/port.c.obj
 *fill*         0x200007e5        0x3 
 .bss.ulMaxPRIGROUPValue
                0x200007e8        0x4 CMakeFiles/F411_FreeRTOS_SensorwithButton.elf.dir/Middlewares/Third_Party/FreeRTOS/Source/portable/GCC/ARM_CM4F/port.c.obj
 .bss.pxEnd     0x200007ec        0x4 CMakeFiles/F411_FreeRTOS_SensorwithButton.elf.dir/Middlewares/Third_Party/FreeRTOS/Source/portable/MemMang/heap_4.c.obj
 .bss.ucHeap    0x200007f0     0x3c00 CMakeFiles/F411_FreeRTOS_SensorwithButton.elf.dir/Middlewares/Third_Party/FreeRTOS/Source/portable/MemMang/heap_4.c.obj
 .bss.xBlockAllocatedBit
                0x200043f0        0x4 CMakeFiles/F411_FreeRTOS_SensorwithButton.elf.dir/Middlewares/Third_Party/FreeRTOS/Source/portable/MemMang/heap_4.c.obj
 .bss.xFreeBytesRemaining
                0x200043f4        0x4 CMakeFiles/F411_FreeRTOS_SensorwithButton.elf.dir/Middlewares/Third_Party/FreeRTOS/Source/portable/MemMang/heap_4.c.obj
 .bss.xMinimumEverFreeBytesRemaining
                0x200043f8        0x4 CMakeFiles/F411_FreeRTOS_SensorwithButton.elf.dir/Middlewares/Third_Party/FreeRTOS/Source/portable/MemMang/heap_4.c.obj
 .bss.xNumberOfSuccessfulAllocations
                0x200043fc        0x4 CMakeFiles/F411_FreeRTOS_SensorwithButton.elf.dir/Middlewares/Third_Party/FreeRTOS/Source/portable/MemMang/heap_4.c.obj
 .bss.xNumberOfSuccessfulFrees
                0x20004400        0x4 CMakeFiles/F411_FreeRTOS_SensorwithButton.elf.dir/Middlewares/Third_Party/FreeRTOS/Source/portable/MemMang/heap_4.c.obj
 .bss.xStart    0x20004404        0x8 CMakeFiles/F411_FreeRTOS_SensorwithButton.elf.dir/Middlewares/Third_Party/FreeRTOS/Source/portable/MemMang/heap_4.c.obj
 .bss.pxCurrentTCB
                0x2000440c        0x4 CMakeFiles/F411_FreeRTOS_SensorwithButton.elf.dir/Middlewares/Third_Party/FreeRTOS/Source/tasks.c.obj
                0x2000440c                pxCurrentTCB
 .bss.pxDelayedTaskList
                0x20004410        0x4 CMakeFiles/F411_FreeRTOS_SensorwithButton.elf.dir/Middlewares/Third_Party/FreeRTOS/Source/tasks.c.obj
 .bss.pxOverflowDelayedTaskList
                0x20004414        0x4 CMakeFiles/F411_FreeRTOS_SensorwithButton.elf.dir/Middlewares/Third_Party/FreeRTOS/Source/tasks.c.obj
 .bss.pxReadyTasksLists
                0x20004418       0x8c CMakeFiles/F411_FreeRTOS_SensorwithButton.elf.dir/Middlewares/Third_Party/FreeRTOS/Source/tasks.c.obj
 .bss.uxCurrentNumberOfTasks
                0x200044a4        0x4 CMakeFiles/F411_FreeRTOS_SensorwithButton.elf.dir/Middlewares/Third_Party/FreeRTOS/Source/tasks.c.obj
 .bss.uxDeletedTasksWaitingCleanUp
                0x200044a8        0x4 CMakeFiles/F411_FreeRTOS_SensorwithButton.elf.dir/Middlewares/Third_Party/FreeRTOS/Source/tasks.c.obj
 .bss.uxSchedulerSuspended
                0x200044ac        0x4 CMakeFiles/F411_FreeRTOS_SensorwithButton.elf.dir/Middlewares/Third_Party/FreeRTOS/Source/tasks.c.obj
 .bss.uxTaskNumber
                0x200044b0        0x4 CMakeFiles/F411_FreeRTOS_SensorwithButton.elf.dir/Middlewares/Third_Party/FreeRTOS/Source/tasks.c.obj
 .bss.uxTopReadyPriority
                0x200044b4        0x4 CMakeFiles/F411_FreeRTOS_SensorwithButton.elf.dir/Middlewares/Third_Party/FreeRTOS/Source/tasks.c.obj
 .bss.xDelayedTaskList1
                0x200044b8       0x14 CMakeFiles/F411_FreeRTOS_SensorwithButton.elf.dir/Middlewares/Third_Party/FreeRTOS/Source/tasks.c.obj
 .bss.xDelayedTaskList2
                0x200044cc       0x14 CMakeFiles/F411_FreeRTOS_SensorwithButton.elf.dir/Middlewares/Third_Party/FreeRTOS/Source/tasks.c.obj
 .bss.xIdleTaskHandle
                0x200044e0        0x4 CMakeFiles/F411_FreeRTOS_SensorwithButton.elf.dir/Middlewares/Third_Party/FreeRTOS/Source/tasks.c.obj
 .bss.xNextTaskUnblockTime
                0x200044e4        0x4 CMakeFiles/F411_FreeRTOS_SensorwithButton.elf.dir/Middlewares/Third_Party/FreeRTOS/Source/tasks.c.obj
 .bss.xNumOfOverflows
                0x200044e8        0x4 CMakeFiles/F411_FreeRTOS_SensorwithButton.elf.dir/Middlewares/Third_Party/FreeRTOS/Source/tasks.c.obj
 .bss.xPendedTicks
                0x200044ec        0x4 CMakeFiles/F411_FreeRTOS_SensorwithButton.elf.dir/Middlewares/Third_Party/FreeRTOS/Source/tasks.c.obj
 .bss.xPendingReadyList
                0x200044f0       0x14 CMakeFiles/F411_FreeRTOS_SensorwithButton.elf.dir/Middlewares/Third_Party/FreeRTOS/Source/tasks.c.obj
 .bss.xSchedulerRunning
                0x20004504        0x4 CMakeFiles/F411_FreeRTOS_SensorwithButton.elf.dir/Middlewares/Third_Party/FreeRTOS/Source/tasks.c.obj
 .bss.xSuspendedTaskList
                0x20004508       0x14 CMakeFiles/F411_FreeRTOS_SensorwithButton.elf.dir/Middlewares/Third_Party/FreeRTOS/Source/tasks.c.obj
 .bss.xTasksWaitingTermination
                0x2000451c       0x14 CMakeFiles/F411_FreeRTOS_SensorwithButton.elf.dir/Middlewares/Third_Party/FreeRTOS/Source/tasks.c.obj
 .bss.xTickCount
                0x20004530        0x4 CMakeFiles/F411_FreeRTOS_SensorwithButton.elf.dir/Middlewares/Third_Party/FreeRTOS/Source/tasks.c.obj
 .bss.xYieldPending
                0x20004534        0x4 CMakeFiles/F411_FreeRTOS_SensorwithButton.elf.dir/Middlewares/Third_Party/FreeRTOS/Source/tasks.c.obj
 .bss.__lock___atexit_recursive_mutex
                0x20004538        0x1 c:/users/kuo_hsun/stm32cube/gcc-arm-none-eabi-10.3-2021.10/bin/../lib/gcc/arm-none-eabi/10.3.1/../../../../arm-none-eabi/lib/thumb/v7e-m+fp/hard\libg.a(lib_a-lock.o)
                0x20004538                __lock___atexit_recursive_mutex
 *(COMMON)
                0x2000453c                . = ALIGN (0x4)
 *fill*         0x20004539        0x3 
                0x2000453c                _ebss = .
                0x2000453c                __bss_end__ = _ebss

._user_heap_stack
                0x2000453c      0x604 load address 0x08004294
                0x20004540                . = ALIGN (0x8)
 *fill*         0x2000453c        0x4 
                [!provide]                PROVIDE (end = .)
                0x20004540                PROVIDE (_end = .)
                0x20004740                . = (. + _Min_Heap_Size)
 *fill*         0x20004540      0x200 
                0x20004b40                . = (. + _Min_Stack_Size)
 *fill*         0x20004740      0x400 
                0x20004b40                . = ALIGN (0x8)

/DISCARD/
 libc.a(*)
 libm.a(*)
 libgcc.a(*)

.ARM.attributes
                0x00000000       0x30
 *(.ARM.attributes)
 .ARM.attributes
                0x00000000       0x1e c:/users/kuo_hsun/stm32cube/gcc-arm-none-eabi-10.3-2021.10/bin/../lib/gcc/arm-none-eabi/10.3.1/thumb/v7e-m+fp/hard/crti.o
 .ARM.attributes
                0x0000001e       0x34 c:/users/kuo_hsun/stm32cube/gcc-arm-none-eabi-10.3-2021.10/bin/../lib/gcc/arm-none-eabi/10.3.1/thumb/v7e-m+fp/hard/crtbegin.o
 .ARM.attributes
                0x00000052       0x34 CMakeFiles/F411_FreeRTOS_SensorwithButton.elf.dir/Core/Src/DHT11.c.obj
 .ARM.attributes
                0x00000086       0x34 CMakeFiles/F411_FreeRTOS_SensorwithButton.elf.dir/Core/Src/freertos.c.obj
 .ARM.attributes
                0x000000ba       0x34 CMakeFiles/F411_FreeRTOS_SensorwithButton.elf.dir/Core/Src/gpio.c.obj
 .ARM.attributes
                0x000000ee       0x34 CMakeFiles/F411_FreeRTOS_SensorwithButton.elf.dir/Core/Src/main.c.obj
 .ARM.attributes
                0x00000122       0x34 CMakeFiles/F411_FreeRTOS_SensorwithButton.elf.dir/Core/Src/stm32f4xx_hal_msp.c.obj
 .ARM.attributes
                0x00000156       0x34 CMakeFiles/F411_FreeRTOS_SensorwithButton.elf.dir/Core/Src/stm32f4xx_hal_timebase_tim.c.obj
 .ARM.attributes
                0x0000018a       0x34 CMakeFiles/F411_FreeRTOS_SensorwithButton.elf.dir/Core/Src/stm32f4xx_it.c.obj
 .ARM.attributes
                0x000001be       0x34 CMakeFiles/F411_FreeRTOS_SensorwithButton.elf.dir/Core/Src/system_stm32f4xx.c.obj
 .ARM.attributes
                0x000001f2       0x34 CMakeFiles/F411_FreeRTOS_SensorwithButton.elf.dir/Core/Src/tim.c.obj
 .ARM.attributes
                0x00000226       0x34 CMakeFiles/F411_FreeRTOS_SensorwithButton.elf.dir/Core/Src/usart.c.obj
 .ARM.attributes
                0x0000025a       0x21 CMakeFiles/F411_FreeRTOS_SensorwithButton.elf.dir/Core/Startup/startup_stm32f411retx.s.obj
 .ARM.attributes
                0x0000027b       0x34 CMakeFiles/F411_FreeRTOS_SensorwithButton.elf.dir/Drivers/STM32F4xx_HAL_Driver/Src/stm32f4xx_hal.c.obj
 .ARM.attributes
                0x000002af       0x34 CMakeFiles/F411_FreeRTOS_SensorwithButton.elf.dir/Drivers/STM32F4xx_HAL_Driver/Src/stm32f4xx_hal_cortex.c.obj
 .ARM.attributes
                0x000002e3       0x34 CMakeFiles/F411_FreeRTOS_SensorwithButton.elf.dir/Drivers/STM32F4xx_HAL_Driver/Src/stm32f4xx_hal_dma.c.obj
 .ARM.attributes
                0x00000317       0x34 CMakeFiles/F411_FreeRTOS_SensorwithButton.elf.dir/Drivers/STM32F4xx_HAL_Driver/Src/stm32f4xx_hal_gpio.c.obj
 .ARM.attributes
                0x0000034b       0x34 CMakeFiles/F411_FreeRTOS_SensorwithButton.elf.dir/Drivers/STM32F4xx_HAL_Driver/Src/stm32f4xx_hal_rcc.c.obj
 .ARM.attributes
                0x0000037f       0x34 CMakeFiles/F411_FreeRTOS_SensorwithButton.elf.dir/Drivers/STM32F4xx_HAL_Driver/Src/stm32f4xx_hal_tim.c.obj
 .ARM.attributes
                0x000003b3       0x34 CMakeFiles/F411_FreeRTOS_SensorwithButton.elf.dir/Drivers/STM32F4xx_HAL_Driver/Src/stm32f4xx_hal_tim_ex.c.obj
 .ARM.attributes
                0x000003e7       0x34 CMakeFiles/F411_FreeRTOS_SensorwithButton.elf.dir/Drivers/STM32F4xx_HAL_Driver/Src/stm32f4xx_hal_uart.c.obj
 .ARM.attributes
                0x0000041b       0x34 CMakeFiles/F411_FreeRTOS_SensorwithButton.elf.dir/Middlewares/Third_Party/FreeRTOS/Source/CMSIS_RTOS/cmsis_os.c.obj
 .ARM.attributes
                0x0000044f       0x34 CMakeFiles/F411_FreeRTOS_SensorwithButton.elf.dir/Middlewares/Third_Party/FreeRTOS/Source/list.c.obj
 .ARM.attributes
                0x00000483       0x34 CMakeFiles/F411_FreeRTOS_SensorwithButton.elf.dir/Middlewares/Third_Party/FreeRTOS/Source/portable/GCC/ARM_CM4F/port.c.obj
 .ARM.attributes
                0x000004b7       0x34 CMakeFiles/F411_FreeRTOS_SensorwithButton.elf.dir/Middlewares/Third_Party/FreeRTOS/Source/portable/MemMang/heap_4.c.obj
 .ARM.attributes
                0x000004eb       0x34 CMakeFiles/F411_FreeRTOS_SensorwithButton.elf.dir/Middlewares/Third_Party/FreeRTOS/Source/tasks.c.obj
 .ARM.attributes
                0x0000051f       0x1e c:/users/kuo_hsun/stm32cube/gcc-arm-none-eabi-10.3-2021.10/bin/../lib/gcc/arm-none-eabi/10.3.1/thumb/v7e-m+fp/hard\libgcc.a(_aeabi_uldivmod.o)
 .ARM.attributes
                0x0000053d       0x34 c:/users/kuo_hsun/stm32cube/gcc-arm-none-eabi-10.3-2021.10/bin/../lib/gcc/arm-none-eabi/10.3.1/thumb/v7e-m+fp/hard\libgcc.a(_udivmoddi4.o)
 .ARM.attributes
                0x00000571       0x1e c:/users/kuo_hsun/stm32cube/gcc-arm-none-eabi-10.3-2021.10/bin/../lib/gcc/arm-none-eabi/10.3.1/thumb/v7e-m+fp/hard\libgcc.a(_dvmd_tls.o)
 .ARM.attributes
                0x0000058f       0x34 c:/users/kuo_hsun/stm32cube/gcc-arm-none-eabi-10.3-2021.10/bin/../lib/gcc/arm-none-eabi/10.3.1/../../../../arm-none-eabi/lib/thumb/v7e-m+fp/hard\libg.a(lib_a-impure.o)
 .ARM.attributes
                0x000005c3       0x34 c:/users/kuo_hsun/stm32cube/gcc-arm-none-eabi-10.3-2021.10/bin/../lib/gcc/arm-none-eabi/10.3.1/../../../../arm-none-eabi/lib/thumb/v7e-m+fp/hard\libg.a(lib_a-init.o)
 .ARM.attributes
                0x000005f7       0x34 c:/users/kuo_hsun/stm32cube/gcc-arm-none-eabi-10.3-2021.10/bin/../lib/gcc/arm-none-eabi/10.3.1/../../../../arm-none-eabi/lib/thumb/v7e-m+fp/hard\libg.a(lib_a-memset.o)
 .ARM.attributes
                0x0000062b       0x1c c:/users/kuo_hsun/stm32cube/gcc-arm-none-eabi-10.3-2021.10/bin/../lib/gcc/arm-none-eabi/10.3.1/../../../../arm-none-eabi/lib/thumb/v7e-m+fp/hard\libg.a(lib_a-strlen.o)
 .ARM.attributes
                0x00000647       0x34 c:/users/kuo_hsun/stm32cube/gcc-arm-none-eabi-10.3-2021.10/bin/../lib/gcc/arm-none-eabi/10.3.1/../../../../arm-none-eabi/lib/thumb/v7e-m+fp/hard\libg.a(lib_a-strtok.o)
 .ARM.attributes
                0x0000067b       0x34 c:/users/kuo_hsun/stm32cube/gcc-arm-none-eabi-10.3-2021.10/bin/../lib/gcc/arm-none-eabi/10.3.1/../../../../arm-none-eabi/lib/thumb/v7e-m+fp/hard\libg.a(lib_a-strtok_r.o)
 .ARM.attributes
                0x000006af       0x34 c:/users/kuo_hsun/stm32cube/gcc-arm-none-eabi-10.3-2021.10/bin/../lib/gcc/arm-none-eabi/10.3.1/../../../../arm-none-eabi/lib/thumb/v7e-m+fp/hard\libg.a(lib_a-__call_atexit.o)
 .ARM.attributes
                0x000006e3       0x34 c:/users/kuo_hsun/stm32cube/gcc-arm-none-eabi-10.3-2021.10/bin/../lib/gcc/arm-none-eabi/10.3.1/../../../../arm-none-eabi/lib/thumb/v7e-m+fp/hard\libg.a(lib_a-atexit.o)
 .ARM.attributes
                0x00000717       0x34 c:/users/kuo_hsun/stm32cube/gcc-arm-none-eabi-10.3-2021.10/bin/../lib/gcc/arm-none-eabi/10.3.1/../../../../arm-none-eabi/lib/thumb/v7e-m+fp/hard\libg.a(lib_a-fini.o)
 .ARM.attributes
                0x0000074b       0x34 c:/users/kuo_hsun/stm32cube/gcc-arm-none-eabi-10.3-2021.10/bin/../lib/gcc/arm-none-eabi/10.3.1/../../../../arm-none-eabi/lib/thumb/v7e-m+fp/hard\libg.a(lib_a-lock.o)
 .ARM.attributes
                0x0000077f       0x34 c:/users/kuo_hsun/stm32cube/gcc-arm-none-eabi-10.3-2021.10/bin/../lib/gcc/arm-none-eabi/10.3.1/../../../../arm-none-eabi/lib/thumb/v7e-m+fp/hard\libg.a(lib_a-__atexit.o)
 .ARM.attributes
                0x000007b3       0x1e c:/users/kuo_hsun/stm32cube/gcc-arm-none-eabi-10.3-2021.10/bin/../lib/gcc/arm-none-eabi/10.3.1/thumb/v7e-m+fp/hard/crtn.o
OUTPUT(F411_FreeRTOS_SensorwithButton.elf elf32-littlearm)
LOAD linker stubs
LOAD c:/users/kuo_hsun/stm32cube/gcc-arm-none-eabi-10.3-2021.10/bin/../lib/gcc/arm-none-eabi/10.3.1/../../../../arm-none-eabi/lib/thumb/v7e-m+fp/hard\libc.a
LOAD c:/users/kuo_hsun/stm32cube/gcc-arm-none-eabi-10.3-2021.10/bin/../lib/gcc/arm-none-eabi/10.3.1/../../../../arm-none-eabi/lib/thumb/v7e-m+fp/hard\libm.a
LOAD c:/users/kuo_hsun/stm32cube/gcc-arm-none-eabi-10.3-2021.10/bin/../lib/gcc/arm-none-eabi/10.3.1/thumb/v7e-m+fp/hard\libgcc.a

.debug_info     0x00000000    0x19600
 .debug_info    0x00000000      0x56e CMakeFiles/F411_FreeRTOS_SensorwithButton.elf.dir/Core/Src/DHT11.c.obj
 .debug_info    0x0000056e     0x1bda CMakeFiles/F411_FreeRTOS_SensorwithButton.elf.dir/Core/Src/freertos.c.obj
 .debug_info    0x00002148      0x54f CMakeFiles/F411_FreeRTOS_SensorwithButton.elf.dir/Core/Src/gpio.c.obj
 .debug_info    0x00002697      0xc0e CMakeFiles/F411_FreeRTOS_SensorwithButton.elf.dir/Core/Src/main.c.obj
 .debug_info    0x000032a5      0x494 CMakeFiles/F411_FreeRTOS_SensorwithButton.elf.dir/Core/Src/stm32f4xx_hal_msp.c.obj
 .debug_info    0x00003739      0xc13 CMakeFiles/F411_FreeRTOS_SensorwithButton.elf.dir/Core/Src/stm32f4xx_hal_timebase_tim.c.obj
 .debug_info    0x0000434c      0x99a CMakeFiles/F411_FreeRTOS_SensorwithButton.elf.dir/Core/Src/stm32f4xx_it.c.obj
 .debug_info    0x00004ce6      0x564 CMakeFiles/F411_FreeRTOS_SensorwithButton.elf.dir/Core/Src/system_stm32f4xx.c.obj
 .debug_info    0x0000524a      0xad2 CMakeFiles/F411_FreeRTOS_SensorwithButton.elf.dir/Core/Src/tim.c.obj
 .debug_info    0x00005d1c      0xcb9 CMakeFiles/F411_FreeRTOS_SensorwithButton.elf.dir/Core/Src/usart.c.obj
 .debug_info    0x000069d5       0x22 CMakeFiles/F411_FreeRTOS_SensorwithButton.elf.dir/Core/Startup/startup_stm32f411retx.s.obj
 .debug_info    0x000069f7      0x981 CMakeFiles/F411_FreeRTOS_SensorwithButton.elf.dir/Drivers/STM32F4xx_HAL_Driver/Src/stm32f4xx_hal.c.obj
 .debug_info    0x00007378     0x1008 CMakeFiles/F411_FreeRTOS_SensorwithButton.elf.dir/Drivers/STM32F4xx_HAL_Driver/Src/stm32f4xx_hal_cortex.c.obj
 .debug_info    0x00008380      0xb37 CMakeFiles/F411_FreeRTOS_SensorwithButton.elf.dir/Drivers/STM32F4xx_HAL_Driver/Src/stm32f4xx_hal_dma.c.obj
 .debug_info    0x00008eb7      0x7d4 CMakeFiles/F411_FreeRTOS_SensorwithButton.elf.dir/Drivers/STM32F4xx_HAL_Driver/Src/stm32f4xx_hal_gpio.c.obj
 .debug_info    0x0000968b      0xb2a CMakeFiles/F411_FreeRTOS_SensorwithButton.elf.dir/Drivers/STM32F4xx_HAL_Driver/Src/stm32f4xx_hal_rcc.c.obj
 .debug_info    0x0000a1b5     0x3d53 CMakeFiles/F411_FreeRTOS_SensorwithButton.elf.dir/Drivers/STM32F4xx_HAL_Driver/Src/stm32f4xx_hal_tim.c.obj
 .debug_info    0x0000df08     0x1ad6 CMakeFiles/F411_FreeRTOS_SensorwithButton.elf.dir/Drivers/STM32F4xx_HAL_Driver/Src/stm32f4xx_hal_tim_ex.c.obj
 .debug_info    0x0000f9de     0x4246 CMakeFiles/F411_FreeRTOS_SensorwithButton.elf.dir/Drivers/STM32F4xx_HAL_Driver/Src/stm32f4xx_hal_uart.c.obj
 .debug_info    0x00013c24     0x222b CMakeFiles/F411_FreeRTOS_SensorwithButton.elf.dir/Middlewares/Third_Party/FreeRTOS/Source/CMSIS_RTOS/cmsis_os.c.obj
 .debug_info    0x00015e4f      0x2e0 CMakeFiles/F411_FreeRTOS_SensorwithButton.elf.dir/Middlewares/Third_Party/FreeRTOS/Source/list.c.obj
 .debug_info    0x0001612f      0x587 CMakeFiles/F411_FreeRTOS_SensorwithButton.elf.dir/Middlewares/Third_Party/FreeRTOS/Source/portable/GCC/ARM_CM4F/port.c.obj
 .debug_info    0x000166b6      0x5d9 CMakeFiles/F411_FreeRTOS_SensorwithButton.elf.dir/Middlewares/Third_Party/FreeRTOS/Source/portable/MemMang/heap_4.c.obj
 .debug_info    0x00016c8f     0x2971 CMakeFiles/F411_FreeRTOS_SensorwithButton.elf.dir/Middlewares/Third_Party/FreeRTOS/Source/tasks.c.obj

.debug_abbrev   0x00000000     0x31f1
 .debug_abbrev  0x00000000      0x1f0 CMakeFiles/F411_FreeRTOS_SensorwithButton.elf.dir/Core/Src/DHT11.c.obj
 .debug_abbrev  0x000001f0      0x271 CMakeFiles/F411_FreeRTOS_SensorwithButton.elf.dir/Core/Src/freertos.c.obj
 .debug_abbrev  0x00000461      0x14e CMakeFiles/F411_FreeRTOS_SensorwithButton.elf.dir/Core/Src/gpio.c.obj
 .debug_abbrev  0x000005af      0x20f CMakeFiles/F411_FreeRTOS_SensorwithButton.elf.dir/Core/Src/main.c.obj
 .debug_abbrev  0x000007be      0x119 CMakeFiles/F411_FreeRTOS_SensorwithButton.elf.dir/Core/Src/stm32f4xx_hal_msp.c.obj
 .debug_abbrev  0x000008d7      0x210 CMakeFiles/F411_FreeRTOS_SensorwithButton.elf.dir/Core/Src/stm32f4xx_hal_timebase_tim.c.obj
 .debug_abbrev  0x00000ae7      0x191 CMakeFiles/F411_FreeRTOS_SensorwithButton.elf.dir/Core/Src/stm32f4xx_it.c.obj
 .debug_abbrev  0x00000c78      0x119 CMakeFiles/F411_FreeRTOS_SensorwithButton.elf.dir/Core/Src/system_stm32f4xx.c.obj
 .debug_abbrev  0x00000d91      0x209 CMakeFiles/F411_FreeRTOS_SensorwithButton.elf.dir/Core/Src/tim.c.obj
 .debug_abbrev  0x00000f9a      0x1e3 CMakeFiles/F411_FreeRTOS_SensorwithButton.elf.dir/Core/Src/usart.c.obj
 .debug_abbrev  0x0000117d       0x12 CMakeFiles/F411_FreeRTOS_SensorwithButton.elf.dir/Core/Startup/startup_stm32f411retx.s.obj
 .debug_abbrev  0x0000118f      0x237 CMakeFiles/F411_FreeRTOS_SensorwithButton.elf.dir/Drivers/STM32F4xx_HAL_Driver/Src/stm32f4xx_hal.c.obj
 .debug_abbrev  0x000013c6      0x36a CMakeFiles/F411_FreeRTOS_SensorwithButton.elf.dir/Drivers/STM32F4xx_HAL_Driver/Src/stm32f4xx_hal_cortex.c.obj
 .debug_abbrev  0x00001730      0x282 CMakeFiles/F411_FreeRTOS_SensorwithButton.elf.dir/Drivers/STM32F4xx_HAL_Driver/Src/stm32f4xx_hal_dma.c.obj
 .debug_abbrev  0x000019b2      0x1ef CMakeFiles/F411_FreeRTOS_SensorwithButton.elf.dir/Drivers/STM32F4xx_HAL_Driver/Src/stm32f4xx_hal_gpio.c.obj
 .debug_abbrev  0x00001ba1      0x28a CMakeFiles/F411_FreeRTOS_SensorwithButton.elf.dir/Drivers/STM32F4xx_HAL_Driver/Src/stm32f4xx_hal_rcc.c.obj
 .debug_abbrev  0x00001e2b      0x23c CMakeFiles/F411_FreeRTOS_SensorwithButton.elf.dir/Drivers/STM32F4xx_HAL_Driver/Src/stm32f4xx_hal_tim.c.obj
 .debug_abbrev  0x00002067      0x252 CMakeFiles/F411_FreeRTOS_SensorwithButton.elf.dir/Drivers/STM32F4xx_HAL_Driver/Src/stm32f4xx_hal_tim_ex.c.obj
 .debug_abbrev  0x000022b9      0x30e CMakeFiles/F411_FreeRTOS_SensorwithButton.elf.dir/Drivers/STM32F4xx_HAL_Driver/Src/stm32f4xx_hal_uart.c.obj
 .debug_abbrev  0x000025c7      0x35b CMakeFiles/F411_FreeRTOS_SensorwithButton.elf.dir/Middlewares/Third_Party/FreeRTOS/Source/CMSIS_RTOS/cmsis_os.c.obj
 .debug_abbrev  0x00002922      0x106 CMakeFiles/F411_FreeRTOS_SensorwithButton.elf.dir/Middlewares/Third_Party/FreeRTOS/Source/list.c.obj
 .debug_abbrev  0x00002a28      0x26b CMakeFiles/F411_FreeRTOS_SensorwithButton.elf.dir/Middlewares/Third_Party/FreeRTOS/Source/portable/GCC/ARM_CM4F/port.c.obj
 .debug_abbrev  0x00002c93      0x24b CMakeFiles/F411_FreeRTOS_SensorwithButton.elf.dir/Middlewares/Third_Party/FreeRTOS/Source/portable/MemMang/heap_4.c.obj
 .debug_abbrev  0x00002ede      0x313 CMakeFiles/F411_FreeRTOS_SensorwithButton.elf.dir/Middlewares/Third_Party/FreeRTOS/Source/tasks.c.obj

.debug_loc      0x00000000    0x11b1d
 .debug_loc     0x00000000      0x16a CMakeFiles/F411_FreeRTOS_SensorwithButton.elf.dir/Core/Src/DHT11.c.obj
 .debug_loc     0x0000016a      0x82d CMakeFiles/F411_FreeRTOS_SensorwithButton.elf.dir/Core/Src/freertos.c.obj
 .debug_loc     0x00000997       0x42 CMakeFiles/F411_FreeRTOS_SensorwithButton.elf.dir/Core/Src/main.c.obj
 .debug_loc     0x000009d9       0xb1 CMakeFiles/F411_FreeRTOS_SensorwithButton.elf.dir/Core/Src/stm32f4xx_hal_timebase_tim.c.obj
 .debug_loc     0x00000a8a      0x158 CMakeFiles/F411_FreeRTOS_SensorwithButton.elf.dir/Core/Src/system_stm32f4xx.c.obj
 .debug_loc     0x00000be2       0x47 CMakeFiles/F411_FreeRTOS_SensorwithButton.elf.dir/Core/Src/tim.c.obj
 .debug_loc     0x00000c29       0xbe CMakeFiles/F411_FreeRTOS_SensorwithButton.elf.dir/Core/Src/usart.c.obj
 .debug_loc     0x00000ce7      0x141 CMakeFiles/F411_FreeRTOS_SensorwithButton.elf.dir/Drivers/STM32F4xx_HAL_Driver/Src/stm32f4xx_hal.c.obj
 .debug_loc     0x00000e28      0x744 CMakeFiles/F411_FreeRTOS_SensorwithButton.elf.dir/Drivers/STM32F4xx_HAL_Driver/Src/stm32f4xx_hal_cortex.c.obj
 .debug_loc     0x0000156c      0xbf9 CMakeFiles/F411_FreeRTOS_SensorwithButton.elf.dir/Drivers/STM32F4xx_HAL_Driver/Src/stm32f4xx_hal_dma.c.obj
 .debug_loc     0x00002165      0x520 CMakeFiles/F411_FreeRTOS_SensorwithButton.elf.dir/Drivers/STM32F4xx_HAL_Driver/Src/stm32f4xx_hal_gpio.c.obj
 .debug_loc     0x00002685      0x58c CMakeFiles/F411_FreeRTOS_SensorwithButton.elf.dir/Drivers/STM32F4xx_HAL_Driver/Src/stm32f4xx_hal_rcc.c.obj
 .debug_loc     0x00002c11     0x511c CMakeFiles/F411_FreeRTOS_SensorwithButton.elf.dir/Drivers/STM32F4xx_HAL_Driver/Src/stm32f4xx_hal_tim.c.obj
 .debug_loc     0x00007d2d     0x1cd7 CMakeFiles/F411_FreeRTOS_SensorwithButton.elf.dir/Drivers/STM32F4xx_HAL_Driver/Src/stm32f4xx_hal_tim_ex.c.obj
 .debug_loc     0x00009a04     0x49ab CMakeFiles/F411_FreeRTOS_SensorwithButton.elf.dir/Drivers/STM32F4xx_HAL_Driver/Src/stm32f4xx_hal_uart.c.obj
 .debug_loc     0x0000e3af     0x12e6 CMakeFiles/F411_FreeRTOS_SensorwithButton.elf.dir/Middlewares/Third_Party/FreeRTOS/Source/CMSIS_RTOS/cmsis_os.c.obj
 .debug_loc     0x0000f695       0xad CMakeFiles/F411_FreeRTOS_SensorwithButton.elf.dir/Middlewares/Third_Party/FreeRTOS/Source/list.c.obj
 .debug_loc     0x0000f742      0x124 CMakeFiles/F411_FreeRTOS_SensorwithButton.elf.dir/Middlewares/Third_Party/FreeRTOS/Source/portable/GCC/ARM_CM4F/port.c.obj
 .debug_loc     0x0000f866      0x434 CMakeFiles/F411_FreeRTOS_SensorwithButton.elf.dir/Middlewares/Third_Party/FreeRTOS/Source/portable/MemMang/heap_4.c.obj
 .debug_loc     0x0000fc9a     0x1e83 CMakeFiles/F411_FreeRTOS_SensorwithButton.elf.dir/Middlewares/Third_Party/FreeRTOS/Source/tasks.c.obj

.debug_aranges  0x00000000     0x1150
 .debug_aranges
                0x00000000       0x58 CMakeFiles/F411_FreeRTOS_SensorwithButton.elf.dir/Core/Src/DHT11.c.obj
 .debug_aranges
                0x00000058       0x50 CMakeFiles/F411_FreeRTOS_SensorwithButton.elf.dir/Core/Src/freertos.c.obj
 .debug_aranges
                0x000000a8       0x20 CMakeFiles/F411_FreeRTOS_SensorwithButton.elf.dir/Core/Src/gpio.c.obj
 .debug_aranges
                0x000000c8       0x38 CMakeFiles/F411_FreeRTOS_SensorwithButton.elf.dir/Core/Src/main.c.obj
 .debug_aranges
                0x00000100       0x20 CMakeFiles/F411_FreeRTOS_SensorwithButton.elf.dir/Core/Src/stm32f4xx_hal_msp.c.obj
 .debug_aranges
                0x00000120       0x30 CMakeFiles/F411_FreeRTOS_SensorwithButton.elf.dir/Core/Src/stm32f4xx_hal_timebase_tim.c.obj
 .debug_aranges
                0x00000150       0x58 CMakeFiles/F411_FreeRTOS_SensorwithButton.elf.dir/Core/Src/stm32f4xx_it.c.obj
 .debug_aranges
                0x000001a8       0x28 CMakeFiles/F411_FreeRTOS_SensorwithButton.elf.dir/Core/Src/system_stm32f4xx.c.obj
 .debug_aranges
                0x000001d0       0x38 CMakeFiles/F411_FreeRTOS_SensorwithButton.elf.dir/Core/Src/tim.c.obj
 .debug_aranges
                0x00000208       0x38 CMakeFiles/F411_FreeRTOS_SensorwithButton.elf.dir/Core/Src/usart.c.obj
 .debug_aranges
                0x00000240       0x28 CMakeFiles/F411_FreeRTOS_SensorwithButton.elf.dir/Core/Startup/startup_stm32f411retx.s.obj
 .debug_aranges
                0x00000268       0xf0 CMakeFiles/F411_FreeRTOS_SensorwithButton.elf.dir/Drivers/STM32F4xx_HAL_Driver/Src/stm32f4xx_hal.c.obj
 .debug_aranges
                0x00000358       0xa8 CMakeFiles/F411_FreeRTOS_SensorwithButton.elf.dir/Drivers/STM32F4xx_HAL_Driver/Src/stm32f4xx_hal_cortex.c.obj
 .debug_aranges
                0x00000400       0x90 CMakeFiles/F411_FreeRTOS_SensorwithButton.elf.dir/Drivers/STM32F4xx_HAL_Driver/Src/stm32f4xx_hal_dma.c.obj
 .debug_aranges
                0x00000490       0x58 CMakeFiles/F411_FreeRTOS_SensorwithButton.elf.dir/Drivers/STM32F4xx_HAL_Driver/Src/stm32f4xx_hal_gpio.c.obj
 .debug_aranges
                0x000004e8       0x88 CMakeFiles/F411_FreeRTOS_SensorwithButton.elf.dir/Drivers/STM32F4xx_HAL_Driver/Src/stm32f4xx_hal_rcc.c.obj
 .debug_aranges
                0x00000570      0x3d0 CMakeFiles/F411_FreeRTOS_SensorwithButton.elf.dir/Drivers/STM32F4xx_HAL_Driver/Src/stm32f4xx_hal_tim.c.obj
 .debug_aranges
                0x00000940      0x168 CMakeFiles/F411_FreeRTOS_SensorwithButton.elf.dir/Drivers/STM32F4xx_HAL_Driver/Src/stm32f4xx_hal_tim_ex.c.obj
 .debug_aranges
                0x00000aa8      0x200 CMakeFiles/F411_FreeRTOS_SensorwithButton.elf.dir/Drivers/STM32F4xx_HAL_Driver/Src/stm32f4xx_hal_uart.c.obj
 .debug_aranges
                0x00000ca8      0x1d8 CMakeFiles/F411_FreeRTOS_SensorwithButton.elf.dir/Middlewares/Third_Party/FreeRTOS/Source/CMSIS_RTOS/cmsis_os.c.obj
 .debug_aranges
                0x00000e80       0x40 CMakeFiles/F411_FreeRTOS_SensorwithButton.elf.dir/Middlewares/Third_Party/FreeRTOS/Source/list.c.obj
 .debug_aranges
                0x00000ec0       0x80 CMakeFiles/F411_FreeRTOS_SensorwithButton.elf.dir/Middlewares/Third_Party/FreeRTOS/Source/portable/GCC/ARM_CM4F/port.c.obj
 .debug_aranges
                0x00000f40       0x58 CMakeFiles/F411_FreeRTOS_SensorwithButton.elf.dir/Middlewares/Third_Party/FreeRTOS/Source/portable/MemMang/heap_4.c.obj
 .debug_aranges
                0x00000f98      0x1b8 CMakeFiles/F411_FreeRTOS_SensorwithButton.elf.dir/Middlewares/Third_Party/FreeRTOS/Source/tasks.c.obj

.debug_ranges   0x00000000     0x1188
 .debug_ranges  0x00000000       0x48 CMakeFiles/F411_FreeRTOS_SensorwithButton.elf.dir/Core/Src/DHT11.c.obj
 .debug_ranges  0x00000048       0x70 CMakeFiles/F411_FreeRTOS_SensorwithButton.elf.dir/Core/Src/freertos.c.obj
 .debug_ranges  0x000000b8       0x10 CMakeFiles/F411_FreeRTOS_SensorwithButton.elf.dir/Core/Src/gpio.c.obj
 .debug_ranges  0x000000c8       0x28 CMakeFiles/F411_FreeRTOS_SensorwithButton.elf.dir/Core/Src/main.c.obj
 .debug_ranges  0x000000f0       0x10 CMakeFiles/F411_FreeRTOS_SensorwithButton.elf.dir/Core/Src/stm32f4xx_hal_msp.c.obj
 .debug_ranges  0x00000100       0x20 CMakeFiles/F411_FreeRTOS_SensorwithButton.elf.dir/Core/Src/stm32f4xx_hal_timebase_tim.c.obj
 .debug_ranges  0x00000120       0x48 CMakeFiles/F411_FreeRTOS_SensorwithButton.elf.dir/Core/Src/stm32f4xx_it.c.obj
 .debug_ranges  0x00000168       0x18 CMakeFiles/F411_FreeRTOS_SensorwithButton.elf.dir/Core/Src/system_stm32f4xx.c.obj
 .debug_ranges  0x00000180       0x28 CMakeFiles/F411_FreeRTOS_SensorwithButton.elf.dir/Core/Src/tim.c.obj
 .debug_ranges  0x000001a8       0x28 CMakeFiles/F411_FreeRTOS_SensorwithButton.elf.dir/Core/Src/usart.c.obj
 .debug_ranges  0x000001d0       0x20 CMakeFiles/F411_FreeRTOS_SensorwithButton.elf.dir/Core/Startup/startup_stm32f411retx.s.obj
 .debug_ranges  0x000001f0       0xe0 CMakeFiles/F411_FreeRTOS_SensorwithButton.elf.dir/Drivers/STM32F4xx_HAL_Driver/Src/stm32f4xx_hal.c.obj
 .debug_ranges  0x000002d0       0xf8 CMakeFiles/F411_FreeRTOS_SensorwithButton.elf.dir/Drivers/STM32F4xx_HAL_Driver/Src/stm32f4xx_hal_cortex.c.obj
 .debug_ranges  0x000003c8       0x80 CMakeFiles/F411_FreeRTOS_SensorwithButton.elf.dir/Drivers/STM32F4xx_HAL_Driver/Src/stm32f4xx_hal_dma.c.obj
 .debug_ranges  0x00000448       0x48 CMakeFiles/F411_FreeRTOS_SensorwithButton.elf.dir/Drivers/STM32F4xx_HAL_Driver/Src/stm32f4xx_hal_gpio.c.obj
 .debug_ranges  0x00000490       0x90 CMakeFiles/F411_FreeRTOS_SensorwithButton.elf.dir/Drivers/STM32F4xx_HAL_Driver/Src/stm32f4xx_hal_rcc.c.obj
 .debug_ranges  0x00000520      0x3c0 CMakeFiles/F411_FreeRTOS_SensorwithButton.elf.dir/Drivers/STM32F4xx_HAL_Driver/Src/stm32f4xx_hal_tim.c.obj
 .debug_ranges  0x000008e0      0x158 CMakeFiles/F411_FreeRTOS_SensorwithButton.elf.dir/Drivers/STM32F4xx_HAL_Driver/Src/stm32f4xx_hal_tim_ex.c.obj
 .debug_ranges  0x00000a38      0x208 CMakeFiles/F411_FreeRTOS_SensorwithButton.elf.dir/Drivers/STM32F4xx_HAL_Driver/Src/stm32f4xx_hal_uart.c.obj
 .debug_ranges  0x00000c40      0x1c8 CMakeFiles/F411_FreeRTOS_SensorwithButton.elf.dir/Middlewares/Third_Party/FreeRTOS/Source/CMSIS_RTOS/cmsis_os.c.obj
 .debug_ranges  0x00000e08       0x30 CMakeFiles/F411_FreeRTOS_SensorwithButton.elf.dir/Middlewares/Third_Party/FreeRTOS/Source/list.c.obj
 .debug_ranges  0x00000e38       0x88 CMakeFiles/F411_FreeRTOS_SensorwithButton.elf.dir/Middlewares/Third_Party/FreeRTOS/Source/portable/GCC/ARM_CM4F/port.c.obj
 .debug_ranges  0x00000ec0       0x48 CMakeFiles/F411_FreeRTOS_SensorwithButton.elf.dir/Middlewares/Third_Party/FreeRTOS/Source/portable/MemMang/heap_4.c.obj
 .debug_ranges  0x00000f08      0x280 CMakeFiles/F411_FreeRTOS_SensorwithButton.elf.dir/Middlewares/Third_Party/FreeRTOS/Source/tasks.c.obj

.debug_line     0x00000000    0x159ac
 .debug_line    0x00000000      0x53a CMakeFiles/F411_FreeRTOS_SensorwithButton.elf.dir/Core/Src/DHT11.c.obj
 .debug_line    0x0000053a      0x9ed CMakeFiles/F411_FreeRTOS_SensorwithButton.elf.dir/Core/Src/freertos.c.obj
 .debug_line    0x00000f27      0x2ff CMakeFiles/F411_FreeRTOS_SensorwithButton.elf.dir/Core/Src/gpio.c.obj
 .debug_line    0x00001226      0x543 CMakeFiles/F411_FreeRTOS_SensorwithButton.elf.dir/Core/Src/main.c.obj
 .debug_line    0x00001769      0x263 CMakeFiles/F411_FreeRTOS_SensorwithButton.elf.dir/Core/Src/stm32f4xx_hal_msp.c.obj
 .debug_line    0x000019cc      0x39b CMakeFiles/F411_FreeRTOS_SensorwithButton.elf.dir/Core/Src/stm32f4xx_hal_timebase_tim.c.obj
 .debug_line    0x00001d67      0x37b CMakeFiles/F411_FreeRTOS_SensorwithButton.elf.dir/Core/Src/stm32f4xx_it.c.obj
 .debug_line    0x000020e2      0x31d CMakeFiles/F411_FreeRTOS_SensorwithButton.elf.dir/Core/Src/system_stm32f4xx.c.obj
 .debug_line    0x000023ff      0x3fe CMakeFiles/F411_FreeRTOS_SensorwithButton.elf.dir/Core/Src/tim.c.obj
 .debug_line    0x000027fd      0x4a7 CMakeFiles/F411_FreeRTOS_SensorwithButton.elf.dir/Core/Src/usart.c.obj
 .debug_line    0x00002ca4       0xc4 CMakeFiles/F411_FreeRTOS_SensorwithButton.elf.dir/Core/Startup/startup_stm32f411retx.s.obj
 .debug_line    0x00002d68      0x671 CMakeFiles/F411_FreeRTOS_SensorwithButton.elf.dir/Drivers/STM32F4xx_HAL_Driver/Src/stm32f4xx_hal.c.obj
 .debug_line    0x000033d9      0x884 CMakeFiles/F411_FreeRTOS_SensorwithButton.elf.dir/Drivers/STM32F4xx_HAL_Driver/Src/stm32f4xx_hal_cortex.c.obj
 .debug_line    0x00003c5d      0xef2 CMakeFiles/F411_FreeRTOS_SensorwithButton.elf.dir/Drivers/STM32F4xx_HAL_Driver/Src/stm32f4xx_hal_dma.c.obj
 .debug_line    0x00004b4f      0x790 CMakeFiles/F411_FreeRTOS_SensorwithButton.elf.dir/Drivers/STM32F4xx_HAL_Driver/Src/stm32f4xx_hal_gpio.c.obj
 .debug_line    0x000052df      0xbdd CMakeFiles/F411_FreeRTOS_SensorwithButton.elf.dir/Drivers/STM32F4xx_HAL_Driver/Src/stm32f4xx_hal_rcc.c.obj
 .debug_line    0x00005ebc     0x4a84 CMakeFiles/F411_FreeRTOS_SensorwithButton.elf.dir/Drivers/STM32F4xx_HAL_Driver/Src/stm32f4xx_hal_tim.c.obj
 .debug_line    0x0000a940     0x1d2f CMakeFiles/F411_FreeRTOS_SensorwithButton.elf.dir/Drivers/STM32F4xx_HAL_Driver/Src/stm32f4xx_hal_tim_ex.c.obj
 .debug_line    0x0000c66f     0x46fa CMakeFiles/F411_FreeRTOS_SensorwithButton.elf.dir/Drivers/STM32F4xx_HAL_Driver/Src/stm32f4xx_hal_uart.c.obj
 .debug_line    0x00010d69     0x1296 CMakeFiles/F411_FreeRTOS_SensorwithButton.elf.dir/Middlewares/Third_Party/FreeRTOS/Source/CMSIS_RTOS/cmsis_os.c.obj
 .debug_line    0x00011fff      0x426 CMakeFiles/F411_FreeRTOS_SensorwithButton.elf.dir/Middlewares/Third_Party/FreeRTOS/Source/list.c.obj
 .debug_line    0x00012425      0x7d7 CMakeFiles/F411_FreeRTOS_SensorwithButton.elf.dir/Middlewares/Third_Party/FreeRTOS/Source/portable/GCC/ARM_CM4F/port.c.obj
 .debug_line    0x00012bfc      0x807 CMakeFiles/F411_FreeRTOS_SensorwithButton.elf.dir/Middlewares/Third_Party/FreeRTOS/Source/portable/MemMang/heap_4.c.obj
 .debug_line    0x00013403     0x25a9 CMakeFiles/F411_FreeRTOS_SensorwithButton.elf.dir/Middlewares/Third_Party/FreeRTOS/Source/tasks.c.obj

.debug_str      0x00000000     0x5fdf
 .debug_str     0x00000000      0x33e CMakeFiles/F411_FreeRTOS_SensorwithButton.elf.dir/Core/Src/DHT11.c.obj
                                0x396 (size before relaxing)
 .debug_str     0x0000033e      0x81f CMakeFiles/F411_FreeRTOS_SensorwithButton.elf.dir/Core/Src/freertos.c.obj
                                0xb37 (size before relaxing)
 .debug_str     0x00000b5d      0x16c CMakeFiles/F411_FreeRTOS_SensorwithButton.elf.dir/Core/Src/gpio.c.obj
                                0x3fd (size before relaxing)
 .debug_str     0x00000cc9      0x517 CMakeFiles/F411_FreeRTOS_SensorwithButton.elf.dir/Core/Src/main.c.obj
                                0xab6 (size before relaxing)
 .debug_str     0x000011e0      0x413 CMakeFiles/F411_FreeRTOS_SensorwithButton.elf.dir/Core/Src/stm32f4xx_hal_msp.c.obj
                                0x6f7 (size before relaxing)
 .debug_str     0x000015f3      0x158 CMakeFiles/F411_FreeRTOS_SensorwithButton.elf.dir/Core/Src/stm32f4xx_hal_timebase_tim.c.obj
                                0xd8b (size before relaxing)
 .debug_str     0x0000174b      0x10e CMakeFiles/F411_FreeRTOS_SensorwithButton.elf.dir/Core/Src/stm32f4xx_it.c.obj
                                0xa06 (size before relaxing)
 .debug_str     0x00001859      0x117 CMakeFiles/F411_FreeRTOS_SensorwithButton.elf.dir/Core/Src/system_stm32f4xx.c.obj
                                0x406 (size before relaxing)
 .debug_str     0x00001970      0x198 CMakeFiles/F411_FreeRTOS_SensorwithButton.elf.dir/Core/Src/tim.c.obj
                                0xa19 (size before relaxing)
 .debug_str     0x00001b08       0xb8 CMakeFiles/F411_FreeRTOS_SensorwithButton.elf.dir/Core/Src/usart.c.obj
                                0xc7a (size before relaxing)
 .debug_str     0x00001bc0       0x72 CMakeFiles/F411_FreeRTOS_SensorwithButton.elf.dir/Core/Startup/startup_stm32f411retx.s.obj
                                 0xc3 (size before relaxing)
 .debug_str     0x00001c32      0x33d CMakeFiles/F411_FreeRTOS_SensorwithButton.elf.dir/Drivers/STM32F4xx_HAL_Driver/Src/stm32f4xx_hal.c.obj
                                0xa93 (size before relaxing)
 .debug_str     0x00001f6f      0x463 CMakeFiles/F411_FreeRTOS_SensorwithButton.elf.dir/Drivers/STM32F4xx_HAL_Driver/Src/stm32f4xx_hal_cortex.c.obj
                                0xb53 (size before relaxing)
 .debug_str     0x000023d2      0x350 CMakeFiles/F411_FreeRTOS_SensorwithButton.elf.dir/Drivers/STM32F4xx_HAL_Driver/Src/stm32f4xx_hal_dma.c.obj
                                0x7f5 (size before relaxing)
 .debug_str     0x00002722      0x153 CMakeFiles/F411_FreeRTOS_SensorwithButton.elf.dir/Drivers/STM32F4xx_HAL_Driver/Src/stm32f4xx_hal_gpio.c.obj
                                0x571 (size before relaxing)
 .debug_str     0x00002875      0x1aa CMakeFiles/F411_FreeRTOS_SensorwithButton.elf.dir/Drivers/STM32F4xx_HAL_Driver/Src/stm32f4xx_hal_rcc.c.obj
                                0x797 (size before relaxing)
 .debug_str     0x00002a1f      0xe25 CMakeFiles/F411_FreeRTOS_SensorwithButton.elf.dir/Drivers/STM32F4xx_HAL_Driver/Src/stm32f4xx_hal_tim.c.obj
                               0x1738 (size before relaxing)
 .debug_str     0x00003844      0x560 CMakeFiles/F411_FreeRTOS_SensorwithButton.elf.dir/Drivers/STM32F4xx_HAL_Driver/Src/stm32f4xx_hal_tim_ex.c.obj
                                0xf39 (size before relaxing)
 .debug_str     0x00003da4      0x619 CMakeFiles/F411_FreeRTOS_SensorwithButton.elf.dir/Drivers/STM32F4xx_HAL_Driver/Src/stm32f4xx_hal_uart.c.obj
                                0xdd8 (size before relaxing)
 .debug_str     0x000043bd      0xbf4 CMakeFiles/F411_FreeRTOS_SensorwithButton.elf.dir/Middlewares/Third_Party/FreeRTOS/Source/CMSIS_RTOS/cmsis_os.c.obj
                               0x10c8 (size before relaxing)
 .debug_str     0x00004fb1      0x175 CMakeFiles/F411_FreeRTOS_SensorwithButton.elf.dir/Middlewares/Third_Party/FreeRTOS/Source/list.c.obj
                                0x381 (size before relaxing)
 .debug_str     0x00005126      0x269 CMakeFiles/F411_FreeRTOS_SensorwithButton.elf.dir/Middlewares/Third_Party/FreeRTOS/Source/portable/GCC/ARM_CM4F/port.c.obj
                                0x4fd (size before relaxing)
 .debug_str     0x0000538f      0x30e CMakeFiles/F411_FreeRTOS_SensorwithButton.elf.dir/Middlewares/Third_Party/FreeRTOS/Source/portable/MemMang/heap_4.c.obj
                                0x58f (size before relaxing)
 .debug_str     0x0000569d      0x942 CMakeFiles/F411_FreeRTOS_SensorwithButton.elf.dir/Middlewares/Third_Party/FreeRTOS/Source/tasks.c.obj
                               0x109a (size before relaxing)

.comment        0x00000000       0x49
 .comment       0x00000000       0x49 CMakeFiles/F411_FreeRTOS_SensorwithButton.elf.dir/Core/Src/DHT11.c.obj
                                 0x4a (size before relaxing)
 .comment       0x00000049       0x4a CMakeFiles/F411_FreeRTOS_SensorwithButton.elf.dir/Core/Src/freertos.c.obj
 .comment       0x00000049       0x4a CMakeFiles/F411_FreeRTOS_SensorwithButton.elf.dir/Core/Src/gpio.c.obj
 .comment       0x00000049       0x4a CMakeFiles/F411_FreeRTOS_SensorwithButton.elf.dir/Core/Src/main.c.obj
 .comment       0x00000049       0x4a CMakeFiles/F411_FreeRTOS_SensorwithButton.elf.dir/Core/Src/stm32f4xx_hal_msp.c.obj
 .comment       0x00000049       0x4a CMakeFiles/F411_FreeRTOS_SensorwithButton.elf.dir/Core/Src/stm32f4xx_hal_timebase_tim.c.obj
 .comment       0x00000049       0x4a CMakeFiles/F411_FreeRTOS_SensorwithButton.elf.dir/Core/Src/stm32f4xx_it.c.obj
 .comment       0x00000049       0x4a CMakeFiles/F411_FreeRTOS_SensorwithButton.elf.dir/Core/Src/system_stm32f4xx.c.obj
 .comment       0x00000049       0x4a CMakeFiles/F411_FreeRTOS_SensorwithButton.elf.dir/Core/Src/tim.c.obj
 .comment       0x00000049       0x4a CMakeFiles/F411_FreeRTOS_SensorwithButton.elf.dir/Core/Src/usart.c.obj
 .comment       0x00000049       0x4a CMakeFiles/F411_FreeRTOS_SensorwithButton.elf.dir/Drivers/STM32F4xx_HAL_Driver/Src/stm32f4xx_hal.c.obj
 .comment       0x00000049       0x4a CMakeFiles/F411_FreeRTOS_SensorwithButton.elf.dir/Drivers/STM32F4xx_HAL_Driver/Src/stm32f4xx_hal_cortex.c.obj
 .comment       0x00000049       0x4a CMakeFiles/F411_FreeRTOS_SensorwithButton.elf.dir/Drivers/STM32F4xx_HAL_Driver/Src/stm32f4xx_hal_dma.c.obj
 .comment       0x00000049       0x4a CMakeFiles/F411_FreeRTOS_SensorwithButton.elf.dir/Drivers/STM32F4xx_HAL_Driver/Src/stm32f4xx_hal_gpio.c.obj
 .comment       0x00000049       0x4a CMakeFiles/F411_FreeRTOS_SensorwithButton.elf.dir/Drivers/STM32F4xx_HAL_Driver/Src/stm32f4xx_hal_rcc.c.obj
 .comment       0x00000049       0x4a CMakeFiles/F411_FreeRTOS_SensorwithButton.elf.dir/Drivers/STM32F4xx_HAL_Driver/Src/stm32f4xx_hal_tim.c.obj
 .comment       0x00000049       0x4a CMakeFiles/F411_FreeRTOS_SensorwithButton.elf.dir/Drivers/STM32F4xx_HAL_Driver/Src/stm32f4xx_hal_tim_ex.c.obj
 .comment       0x00000049       0x4a CMakeFiles/F411_FreeRTOS_SensorwithButton.elf.dir/Drivers/STM32F4xx_HAL_Driver/Src/stm32f4xx_hal_uart.c.obj
 .comment       0x00000049       0x4a CMakeFiles/F411_FreeRTOS_SensorwithButton.elf.dir/Middlewares/Third_Party/FreeRTOS/Source/CMSIS_RTOS/cmsis_os.c.obj
 .comment       0x00000049       0x4a CMakeFiles/F411_FreeRTOS_SensorwithButton.elf.dir/Middlewares/Third_Party/FreeRTOS/Source/list.c.obj
 .comment       0x00000049       0x4a CMakeFiles/F411_FreeRTOS_SensorwithButton.elf.dir/Middlewares/Third_Party/FreeRTOS/Source/portable/GCC/ARM_CM4F/port.c.obj
 .comment       0x00000049       0x4a CMakeFiles/F411_FreeRTOS_SensorwithButton.elf.dir/Middlewares/Third_Party/FreeRTOS/Source/portable/MemMang/heap_4.c.obj
 .comment       0x00000049       0x4a CMakeFiles/F411_FreeRTOS_SensorwithButton.elf.dir/Middlewares/Third_Party/FreeRTOS/Source/tasks.c.obj

.debug_frame    0x00000000     0x30cc
 .debug_frame   0x00000000       0xec CMakeFiles/F411_FreeRTOS_SensorwithButton.elf.dir/Core/Src/DHT11.c.obj
 .debug_frame   0x000000ec       0xd8 CMakeFiles/F411_FreeRTOS_SensorwithButton.elf.dir/Core/Src/freertos.c.obj
 .debug_frame   0x000001c4       0x38 CMakeFiles/F411_FreeRTOS_SensorwithButton.elf.dir/Core/Src/gpio.c.obj
 .debug_frame   0x000001fc       0x70 CMakeFiles/F411_FreeRTOS_SensorwithButton.elf.dir/Core/Src/main.c.obj
 .debug_frame   0x0000026c       0x2c CMakeFiles/F411_FreeRTOS_SensorwithButton.elf.dir/Core/Src/stm32f4xx_hal_msp.c.obj
 .debug_frame   0x00000298       0x54 CMakeFiles/F411_FreeRTOS_SensorwithButton.elf.dir/Core/Src/stm32f4xx_hal_timebase_tim.c.obj
 .debug_frame   0x000002ec       0xa0 CMakeFiles/F411_FreeRTOS_SensorwithButton.elf.dir/Core/Src/stm32f4xx_it.c.obj
 .debug_frame   0x0000038c       0x30 CMakeFiles/F411_FreeRTOS_SensorwithButton.elf.dir/Core/Src/system_stm32f4xx.c.obj
 .debug_frame   0x000003bc       0x70 CMakeFiles/F411_FreeRTOS_SensorwithButton.elf.dir/Core/Src/tim.c.obj
 .debug_frame   0x0000042c       0x78 CMakeFiles/F411_FreeRTOS_SensorwithButton.elf.dir/Core/Src/usart.c.obj
 .debug_frame   0x000004a4      0x1ec CMakeFiles/F411_FreeRTOS_SensorwithButton.elf.dir/Drivers/STM32F4xx_HAL_Driver/Src/stm32f4xx_hal.c.obj
 .debug_frame   0x00000690      0x148 CMakeFiles/F411_FreeRTOS_SensorwithButton.elf.dir/Drivers/STM32F4xx_HAL_Driver/Src/stm32f4xx_hal_cortex.c.obj
 .debug_frame   0x000007d8      0x188 CMakeFiles/F411_FreeRTOS_SensorwithButton.elf.dir/Drivers/STM32F4xx_HAL_Driver/Src/stm32f4xx_hal_dma.c.obj
 .debug_frame   0x00000960       0xd8 CMakeFiles/F411_FreeRTOS_SensorwithButton.elf.dir/Drivers/STM32F4xx_HAL_Driver/Src/stm32f4xx_hal_gpio.c.obj
 .debug_frame   0x00000a38      0x16c CMakeFiles/F411_FreeRTOS_SensorwithButton.elf.dir/Drivers/STM32F4xx_HAL_Driver/Src/stm32f4xx_hal_rcc.c.obj