Archive member included to satisfy reference by file (symbol)

d:/stm32/gcc-arm-none-eabi-10.3-2021.10/bin/../lib/gcc/arm-none-eabi/10.3.1/thumb/v7e-m/nofp\libgcc.a(_arm_mulsf3.o)
                              CMakeFiles/WB55_PWM_Pulse_Count.elf.dir/Core/Src/stm32wbxx_it.c.obj (__aeabi_fmul)
d:/stm32/gcc-arm-none-eabi-10.3-2021.10/bin/../lib/gcc/arm-none-eabi/10.3.1/thumb/v7e-m/nofp\libgcc.a(_arm_addsubdf3.o)
                              CMakeFiles/WB55_PWM_Pulse_Count.elf.dir/Core/Src/main.c.obj (__aeabi_f2d)
d:/stm32/gcc-arm-none-eabi-10.3-2021.10/bin/../lib/gcc/arm-none-eabi/10.3.1/thumb/v7e-m/nofp\libgcc.a(_arm_addsubsf3.o)
                              CMakeFiles/WB55_PWM_Pulse_Count.elf.dir/Core/Src/stm32wbxx_it.c.obj (__aeabi_ui2f)
d:/stm32/gcc-arm-none-eabi-10.3-2021.10/bin/../lib/gcc/arm-none-eabi/10.3.1/thumb/v7e-m/nofp\libgcc.a(_arm_muldivsf3.o)
                              CMakeFiles/WB55_PWM_Pulse_Count.elf.dir/Core/Src/stm32wbxx_it.c.obj (__aeabi_fdiv)
d:/stm32/gcc-arm-none-eabi-10.3-2021.10/bin/../lib/gcc/arm-none-eabi/10.3.1/thumb/v7e-m/nofp\libgcc.a(_aeabi_uldivmod.o)
                              CMakeFiles/WB55_PWM_Pulse_Count.elf.dir/Drivers/STM32WBxx_HAL_Driver/Src/stm32wbxx_hal_uart.c.obj (__aeabi_uldivmod)
d:/stm32/gcc-arm-none-eabi-10.3-2021.10/bin/../lib/gcc/arm-none-eabi/10.3.1/thumb/v7e-m/nofp\libgcc.a(_udivmoddi4.o)
                              d:/stm32/gcc-arm-none-eabi-10.3-2021.10/bin/../lib/gcc/arm-none-eabi/10.3.1/thumb/v7e-m/nofp\libgcc.a(_aeabi_uldivmod.o) (__udivmoddi4)
d:/stm32/gcc-arm-none-eabi-10.3-2021.10/bin/../lib/gcc/arm-none-eabi/10.3.1/thumb/v7e-m/nofp\libgcc.a(_dvmd_tls.o)
                              d:/stm32/gcc-arm-none-eabi-10.3-2021.10/bin/../lib/gcc/arm-none-eabi/10.3.1/thumb/v7e-m/nofp\libgcc.a(_aeabi_uldivmod.o) (__aeabi_ldiv0)
d:/stm32/gcc-arm-none-eabi-10.3-2021.10/bin/../lib/gcc/arm-none-eabi/10.3.1/../../../../arm-none-eabi/lib/thumb/v7e-m/nofp\libg.a(lib_a-errno.o)
                              CMakeFiles/WB55_PWM_Pulse_Count.elf.dir/Core/Src/retarget.c.obj (__errno)
d:/stm32/gcc-arm-none-eabi-10.3-2021.10/bin/../lib/gcc/arm-none-eabi/10.3.1/../../../../arm-none-eabi/lib/thumb/v7e-m/nofp\libg.a(lib_a-exit.o)
                              d:/stm32/gcc-arm-none-eabi-10.3-2021.10/bin/../lib/gcc/arm-none-eabi/10.3.1/../../../../arm-none-eabi/lib/thumb/v7e-m/nofp/crt0.o (exit)
d:/stm32/gcc-arm-none-eabi-10.3-2021.10/bin/../lib/gcc/arm-none-eabi/10.3.1/../../../../arm-none-eabi/lib/thumb/v7e-m/nofp\libg.a(lib_a-impure.o)
                              d:/stm32/gcc-arm-none-eabi-10.3-2021.10/bin/../lib/gcc/arm-none-eabi/10.3.1/../../../../arm-none-eabi/lib/thumb/v7e-m/nofp\libg.a(lib_a-exit.o) (_global_impure_ptr)
d:/stm32/gcc-arm-none-eabi-10.3-2021.10/bin/../lib/gcc/arm-none-eabi/10.3.1/../../../../arm-none-eabi/lib/thumb/v7e-m/nofp\libg.a(lib_a-init.o)
                              d:/stm32/gcc-arm-none-eabi-10.3-2021.10/bin/../lib/gcc/arm-none-eabi/10.3.1/../../../../arm-none-eabi/lib/thumb/v7e-m/nofp/crt0.o (__libc_init_array)
d:/stm32/gcc-arm-none-eabi-10.3-2021.10/bin/../lib/gcc/arm-none-eabi/10.3.1/../../../../arm-none-eabi/lib/thumb/v7e-m/nofp\libg.a(lib_a-memset.o)
                              d:/stm32/gcc-arm-none-eabi-10.3-2021.10/bin/../lib/gcc/arm-none-eabi/10.3.1/../../../../arm-none-eabi/lib/thumb/v7e-m/nofp/crt0.o (memset)
d:/stm32/gcc-arm-none-eabi-10.3-2021.10/bin/../lib/gcc/arm-none-eabi/10.3.1/../../../../arm-none-eabi/lib/thumb/v7e-m/nofp\libg.a(lib_a-printf.o)
                              CMakeFiles/WB55_PWM_Pulse_Count.elf.dir/Core/Src/main.c.obj (printf)
d:/stm32/gcc-arm-none-eabi-10.3-2021.10/bin/../lib/gcc/arm-none-eabi/10.3.1/../../../../arm-none-eabi/lib/thumb/v7e-m/nofp\libg.a(lib_a-setvbuf.o)
                              CMakeFiles/WB55_PWM_Pulse_Count.elf.dir/Core/Src/retarget.c.obj (setvbuf)
d:/stm32/gcc-arm-none-eabi-10.3-2021.10/bin/../lib/gcc/arm-none-eabi/10.3.1/../../../../arm-none-eabi/lib/thumb/v7e-m/nofp\libg.a(lib_a-vfprintf.o)
                              d:/stm32/gcc-arm-none-eabi-10.3-2021.10/bin/../lib/gcc/arm-none-eabi/10.3.1/../../../../arm-none-eabi/lib/thumb/v7e-m/nofp\libg.a(lib_a-printf.o) (_vfprintf_r)
d:/stm32/gcc-arm-none-eabi-10.3-2021.10/bin/../lib/gcc/arm-none-eabi/10.3.1/../../../../arm-none-eabi/lib/thumb/v7e-m/nofp\libg.a(lib_a-wsetup.o)
                              d:/stm32/gcc-arm-none-eabi-10.3-2021.10/bin/../lib/gcc/arm-none-eabi/10.3.1/../../../../arm-none-eabi/lib/thumb/v7e-m/nofp\libg.a(lib_a-vfprintf.o) (__swsetup_r)
d:/stm32/gcc-arm-none-eabi-10.3-2021.10/bin/../lib/gcc/arm-none-eabi/10.3.1/../../../../arm-none-eabi/lib/thumb/v7e-m/nofp\libg.a(lib_a-__call_atexit.o)
                              d:/stm32/gcc-arm-none-eabi-10.3-2021.10/bin/../lib/gcc/arm-none-eabi/10.3.1/../../../../arm-none-eabi/lib/thumb/v7e-m/nofp\libg.a(lib_a-exit.o) (__call_exitprocs)
[...]
Memory Configuration

Name             Origin             Length             Attributes
FLASH            0x08000000         0x00080000         xr
RAM1             0x20000004         0x0002fffc         xrw
RAM_SHARED       0x20030000         0x00002800         xrw
*default*        0x00000000         0xffffffff

Linker script and memory map

LOAD d:/stm32/gcc-arm-none-eabi-10.3-2021.10/bin/../lib/gcc/arm-none-eabi/10.3.1/thumb/v7e-m/nofp/crti.o
LOAD d:/stm32/gcc-arm-none-eabi-10.3-2021.10/bin/../lib/gcc/arm-none-eabi/10.3.1/thumb/v7e-m/nofp/crtbegin.o
LOAD d:/stm32/gcc-arm-none-eabi-10.3-2021.10/bin/../lib/gcc/arm-none-eabi/10.3.1/../../../../arm-none-eabi/lib/thumb/v7e-m/nofp/crt0.o
LOAD CMakeFiles/WB55_PWM_Pulse_Count.elf.dir/Core/Src/gpio.c.obj
LOAD CMakeFiles/WB55_PWM_Pulse_Count.elf.dir/Core/Src/main.c.obj
LOAD CMakeFiles/WB55_PWM_Pulse_Count.elf.dir/Core/Src/retarget.c.obj
LOAD CMakeFiles/WB55_PWM_Pulse_Count.elf.dir/Core/Src/stm32wbxx_hal_msp.c.obj
LOAD CMakeFiles/WB55_PWM_Pulse_Count.elf.dir/Core/Src/stm32wbxx_it.c.obj
LOAD CMakeFiles/WB55_PWM_Pulse_Count.elf.dir/Core/Src/syscalls.c.obj
LOAD CMakeFiles/WB55_PWM_Pulse_Count.elf.dir/Core/Src/sysmem.c.obj
LOAD CMakeFiles/WB55_PWM_Pulse_Count.elf.dir/Core/Src/system_stm32wbxx.c.obj
LOAD CMakeFiles/WB55_PWM_Pulse_Count.elf.dir/Core/Src/tim.c.obj
LOAD CMakeFiles/WB55_PWM_Pulse_Count.elf.dir/Core/Src/usart.c.obj
LOAD CMakeFiles/WB55_PWM_Pulse_Count.elf.dir/Core/Src/usb.c.obj
LOAD CMakeFiles/WB55_PWM_Pulse_Count.elf.dir/Core/Startup/startup_stm32wb55rgvx.s.obj
LOAD CMakeFiles/WB55_PWM_Pulse_Count.elf.dir/Drivers/STM32WBxx_HAL_Driver/Src/stm32wbxx_hal.c.obj
LOAD CMakeFiles/WB55_PWM_Pulse_Count.elf.dir/Drivers/STM32WBxx_HAL_Driver/Src/stm32wbxx_hal_cortex.c.obj
LOAD CMakeFiles/WB55_PWM_Pulse_Count.elf.dir/Drivers/STM32WBxx_HAL_Driver/Src/stm32wbxx_hal_dma.c.obj
LOAD CMakeFiles/WB55_PWM_Pulse_Count.elf.dir/Drivers/STM32WBxx_HAL_Driver/Src/stm32wbxx_hal_dma_ex.c.obj
LOAD CMakeFiles/WB55_PWM_Pulse_Count.elf.dir/Drivers/STM32WBxx_HAL_Driver/Src/stm32wbxx_hal_exti.c.obj
LOAD CMakeFiles/WB55_PWM_Pulse_Count.elf.dir/Drivers/STM32WBxx_HAL_Driver/Src/stm32wbxx_hal_flash.c.obj
LOAD CMakeFiles/WB55_PWM_Pulse_Count.elf.dir/Drivers/STM32WBxx_HAL_Driver/Src/stm32wbxx_hal_flash_ex.c.obj
LOAD CMakeFiles/WB55_PWM_Pulse_Count.elf.dir/Drivers/STM32WBxx_HAL_Driver/Src/stm32wbxx_hal_gpio.c.obj
LOAD CMakeFiles/WB55_PWM_Pulse_Count.elf.dir/Drivers/STM32WBxx_HAL_Driver/Src/stm32wbxx_hal_hsem.c.obj
LOAD CMakeFiles/WB55_PWM_Pulse_Count.elf.dir/Drivers/STM32WBxx_HAL_Driver/Src/stm32wbxx_hal_pcd.c.obj
LOAD CMakeFiles/WB55_PWM_Pulse_Count.elf.dir/Drivers/STM32WBxx_HAL_Driver/Src/stm32wbxx_hal_pcd_ex.c.obj
LOAD CMakeFiles/WB55_PWM_Pulse_Count.elf.dir/Drivers/STM32WBxx_HAL_Driver/Src/stm32wbxx_hal_pwr.c.obj
LOAD CMakeFiles/WB55_PWM_Pulse_Count.elf.dir/Drivers/STM32WBxx_HAL_Driver/Src/stm32wbxx_hal_pwr_ex.c.obj
LOAD CMakeFiles/WB55_PWM_Pulse_Count.elf.dir/Drivers/STM32WBxx_HAL_Driver/Src/stm32wbxx_hal_rcc.c.obj
LOAD CMakeFiles/WB55_PWM_Pulse_Count.elf.dir/Drivers/STM32WBxx_HAL_Driver/Src/stm32wbxx_hal_rcc_ex.c.obj
LOAD CMakeFiles/WB55_PWM_Pulse_Count.elf.dir/Drivers/STM32WBxx_HAL_Driver/Src/stm32wbxx_hal_tim.c.obj
LOAD CMakeFiles/WB55_PWM_Pulse_Count.elf.dir/Drivers/STM32WBxx_HAL_Driver/Src/stm32wbxx_hal_tim_ex.c.obj
LOAD CMakeFiles/WB55_PWM_Pulse_Count.elf.dir/Drivers/STM32WBxx_HAL_Driver/Src/stm32wbxx_hal_uart.c.obj
LOAD CMakeFiles/WB55_PWM_Pulse_Count.elf.dir/Drivers/STM32WBxx_HAL_Driver/Src/stm32wbxx_hal_uart_ex.c.obj
LOAD CMakeFiles/WB55_PWM_Pulse_Count.elf.dir/Drivers/STM32WBxx_HAL_Driver/Src/stm32wbxx_ll_usb.c.obj
START GROUP
LOAD d:/stm32/gcc-arm-none-eabi-10.3-2021.10/bin/../lib/gcc/arm-none-eabi/10.3.1/thumb/v7e-m/nofp\libgcc.a
LOAD d:/stm32/gcc-arm-none-eabi-10.3-2021.10/bin/../lib/gcc/arm-none-eabi/10.3.1/../../../../arm-none-eabi/lib/thumb/v7e-m/nofp\libg.a
LOAD d:/stm32/gcc-arm-none-eabi-10.3-2021.10/bin/../lib/gcc/arm-none-eabi/10.3.1/../../../../arm-none-eabi/lib/thumb/v7e-m/nofp\libc.a
END GROUP
LOAD d:/stm32/gcc-arm-none-eabi-10.3-2021.10/bin/../lib/gcc/arm-none-eabi/10.3.1/thumb/v7e-m/nofp/crtend.o
LOAD d:/stm32/gcc-arm-none-eabi-10.3-2021.10/bin/../lib/gcc/arm-none-eabi/10.3.1/thumb/v7e-m/nofp/crtn.o
                0x20030000                _estack = 0x20030000
                0x00000200                _Min_Heap_Size = 0x200
                0x00000400                _Min_Stack_Size = 0x400

.isr_vector     0x08000000      0x13c
                0x08000000                . = ALIGN (0x4)
 *(.isr_vector)
 .isr_vector    0x08000000      0x13c CMakeFiles/WB55_PWM_Pulse_Count.elf.dir/Core/Startup/startup_stm32wb55rgvx.s.obj
                0x08000000                g_pfnVectors
                0x0800013c                . = ALIGN (0x4)

.text           0x08000140     0xab40
                0x08000140                . = ALIGN (0x4)
 *(.text)
 .text          0x08000140       0x40 d:/stm32/gcc-arm-none-eabi-10.3-2021.10/bin/../lib/gcc/arm-none-eabi/10.3.1/thumb/v7e-m/nofp/crtbegin.o
 .text          0x08000180      0x378 d:/stm32/gcc-arm-none-eabi-10.3-2021.10/bin/../lib/gcc/arm-none-eabi/10.3.1/thumb/v7e-m/nofp\libgcc.a(_arm_addsubdf3.o)
                0x08000180                __aeabi_drsub
                0x08000188                __aeabi_dsub
                0x08000188                __subdf3
                0x0800018c                __aeabi_dadd
                0x0800018c                __adddf3
                0x08000404                __floatunsidf
                0x08000404                __aeabi_ui2d
                0x08000424                __floatsidf
                0x08000424                __aeabi_i2d
                0x08000448                __aeabi_f2d
                0x08000448                __extendsfdf2
                0x0800048c                __floatundidf
                0x0800048c                __aeabi_ul2d
                0x0800049c                __floatdidf
                0x0800049c                __aeabi_l2d
 .text          0x080004f8      0x21c d:/stm32/gcc-arm-none-eabi-10.3-2021.10/bin/../lib/gcc/arm-none-eabi/10.3.1/thumb/v7e-m/nofp\libgcc.a(_arm_addsubsf3.o)
                0x080004f8                __aeabi_frsub
                0x08000500                __subsf3
                0x08000500                __aeabi_fsub
                0x08000504                __aeabi_fadd
                0x08000504                __addsf3
                0x08000664                __aeabi_ui2f
                0x08000664                __floatunsisf
                0x0800066c                __aeabi_i2f
                0x0800066c                __floatsisf
                0x08000688                __aeabi_ul2f
                0x08000688                __floatundisf
                0x08000698                __aeabi_l2f
                0x08000698                __floatdisf
 .text          0x08000714      0x2a0 d:/stm32/gcc-arm-none-eabi-10.3-2021.10/bin/../lib/gcc/arm-none-eabi/10.3.1/thumb/v7e-m/nofp\libgcc.a(_arm_muldivsf3.o)
                0x08000714                __mulsf3
                0x08000714                __aeabi_fmul
                0x0800087c                __aeabi_fdiv
                0x0800087c                __divsf3
 .text          0x080009b4       0x30 d:/stm32/gcc-arm-none-eabi-10.3-2021.10/bin/../lib/gcc/arm-none-eabi/10.3.1/thumb/v7e-m/nofp\libgcc.a(_aeabi_uldivmod.o)
                0x080009b4                __aeabi_uldivmod
 .text          0x080009e4      0x2d0 d:/stm32/gcc-arm-none-eabi-10.3-2021.10/bin/../lib/gcc/arm-none-eabi/10.3.1/thumb/v7e-m/nofp\libgcc.a(_udivmoddi4.o)
                0x080009e4                __udivmoddi4
 .text          0x08000cb4        0x4 d:/stm32/gcc-arm-none-eabi-10.3-2021.10/bin/../lib/gcc/arm-none-eabi/10.3.1/thumb/v7e-m/nofp\libgcc.a(_dvmd_tls.o)
                0x08000cb4                __aeabi_idiv0
                0x08000cb4                __aeabi_ldiv0
 *fill*         0x08000cb8        0x8 
 .text          0x08000cc0       0xa0 d:/stm32/gcc-arm-none-eabi-10.3-2021.10/bin/../lib/gcc/arm-none-eabi/10.3.1/../../../../arm-none-eabi/lib/thumb/v7e-m/nofp\libg.a(lib_a-memchr.o)
                0x08000cc0                memchr
 .text          0x08000d60      0x134 d:/stm32/gcc-arm-none-eabi-10.3-2021.10/bin/../lib/gcc/arm-none-eabi/10.3.1/../../../../arm-none-eabi/lib/thumb/v7e-m/nofp\libg.a(lib_a-memcpy.o)
                0x08000d60                memcpy
 *fill*         0x08000e94       0x2c 
 .text          0x08000ec0       0xdc d:/stm32/gcc-arm-none-eabi-10.3-2021.10/bin/../lib/gcc/arm-none-eabi/10.3.1/../../../../arm-none-eabi/lib/thumb/v7e-m/nofp\libg.a(lib_a-strlen.o)
                0x08000ec0                strlen
 .text          0x08000f9c      0x424 d:/stm32/gcc-arm-none-eabi-10.3-2021.10/bin/../lib/gcc/arm-none-eabi/10.3.1/thumb/v7e-m/nofp\libgcc.a(_arm_muldivdf3.o)
                0x08000f9c                __aeabi_dmul
                0x08000f9c                __muldf3
                0x080011f0                __divdf3
                0x080011f0                __aeabi_ddiv
 .text          0x080013c0      0x110 d:/stm32/gcc-arm-none-eabi-10.3-2021.10/bin/../lib/gcc/arm-none-eabi/10.3.1/thumb/v7e-m/nofp\libgcc.a(_arm_cmpdf2.o)
                0x080013c0                __gtdf2
                0x080013c0                __gedf2
                0x080013c8                __ltdf2
                0x080013c8                __ledf2
                0x080013d0                __nedf2
                0x080013d0                __eqdf2
                0x080013d0                __cmpdf2
                0x0800144c                __aeabi_cdrcmple
                0x0800145c                __aeabi_cdcmpeq
                0x0800145c                __aeabi_cdcmple
                0x0800146c                __aeabi_dcmpeq
                0x08001480                __aeabi_dcmplt
                0x08001494                __aeabi_dcmple
                0x080014a8                __aeabi_dcmpge
                0x080014bc                __aeabi_dcmpgt
 .text          0x080014d0       0x2c d:/stm32/gcc-arm-none-eabi-10.3-2021.10/bin/../lib/gcc/arm-none-eabi/10.3.1/thumb/v7e-m/nofp\libgcc.a(_arm_unorddf2.o)
                0x080014d0                __unorddf2
                0x080014d0                __aeabi_dcmpun
 .text          0x080014fc       0x50 d:/stm32/gcc-arm-none-eabi-10.3-2021.10/bin/../lib/gcc/arm-none-eabi/10.3.1/thumb/v7e-m/nofp\libgcc.a(_arm_fixdfsi.o)
                0x080014fc                __aeabi_d2iz
                0x080014fc                __fixdfsi
 *(.text*)
 .text.MX_GPIO_Init
                0x0800154c       0xbc CMakeFiles/WB55_PWM_Pulse_Count.elf.dir/Core/Src/gpio.c.obj
                0x0800154c                MX_GPIO_Init
 .text.Error_Handler
                0x08001608        0x4 CMakeFiles/WB55_PWM_Pulse_Count.elf.dir/Core/Src/main.c.obj
                0x08001608                Error_Handler
 .text.SystemClock_Config
                0x0800160c      0x104 CMakeFiles/WB55_PWM_Pulse_Count.elf.dir/Core/Src/main.c.obj
                0x0800160c                SystemClock_Config
 .text.main     0x08001710      0x100 CMakeFiles/WB55_PWM_Pulse_Count.elf.dir/Core/Src/main.c.obj
                0x08001710                main
 .text.RetargetInit
                0x08001810       0x20 CMakeFiles/WB55_PWM_Pulse_Count.elf.dir/Core/Src/retarget.c.obj
                0x08001810                RetargetInit
 .text._isatty  0x08001830       0x16 CMakeFiles/WB55_PWM_Pulse_Count.elf.dir/Core/Src/retarget.c.obj
                0x08001830                _isatty
 *fill*         0x08001846        0x2 
 .text._write   0x08001848       0x34 CMakeFiles/WB55_PWM_Pulse_Count.elf.dir/Core/Src/retarget.c.obj
                0x08001848                _write
 .text._close   0x0800187c       0x18 CMakeFiles/WB55_PWM_Pulse_Count.elf.dir/Core/Src/retarget.c.obj
                0x0800187c                _close
 .text._lseek   0x08001894       0x10 CMakeFiles/WB55_PWM_Pulse_Count.elf.dir/Core/Src/retarget.c.obj
                0x08001894                _lseek
 .text._read    0x080018a4       0x30 CMakeFiles/WB55_PWM_Pulse_Count.elf.dir/Core/Src/retarget.c.obj
                0x080018a4                _read
 .text._fstat   0x080018d4       0x1a CMakeFiles/WB55_PWM_Pulse_Count.elf.dir/Core/Src/retarget.c.obj
                0x080018d4                _fstat
 .text.HAL_MspInit
                0x080018ee        0x2 CMakeFiles/WB55_PWM_Pulse_Count.elf.dir/Core/Src/stm32wbxx_hal_msp.c.obj
                0x080018ee                HAL_MspInit
 .text.NMI_Handler
                0x080018f0        0x2 CMakeFiles/WB55_PWM_Pulse_Count.elf.dir/Core/Src/stm32wbxx_it.c.obj
                0x080018f0                NMI_Handler
 .text.HardFault_Handler
                0x080018f2        0x2 CMakeFiles/WB55_PWM_Pulse_Count.elf.dir/Core/Src/stm32wbxx_it.c.obj
                0x080018f2                HardFault_Handler
 .text.MemManage_Handler
                0x080018f4        0x2 CMakeFiles/WB55_PWM_Pulse_Count.elf.dir/Core/Src/stm32wbxx_it.c.obj
                0x080018f4                MemManage_Handler
 .text.BusFault_Handler
                0x080018f6        0x2 CMakeFiles/WB55_PWM_Pulse_Count.elf.dir/Core/Src/stm32wbxx_it.c.obj
                0x080018f6                BusFault_Handler
 .text.UsageFault_Handler
                0x080018f8        0x2 CMakeFiles/WB55_PWM_Pulse_Count.elf.dir/Core/Src/stm32wbxx_it.c.obj
                0x080018f8                UsageFault_Handler
 .text.SVC_Handler
                0x080018fa        0x2 CMakeFiles/WB55_PWM_Pulse_Count.elf.dir/Core/Src/stm32wbxx_it.c.obj
                0x080018fa                SVC_Handler
 .text.DebugMon_Handler
                0x080018fc        0x2 CMakeFiles/WB55_PWM_Pulse_Count.elf.dir/Core/Src/stm32wbxx_it.c.obj
                0x080018fc                DebugMon_Handler
 .text.PendSV_Handler
                0x080018fe        0x2 CMakeFiles/WB55_PWM_Pulse_Count.elf.dir/Core/Src/stm32wbxx_it.c.obj
                0x080018fe                PendSV_Handler
 .text.SysTick_Handler
                0x08001900        0x8 CMakeFiles/WB55_PWM_Pulse_Count.elf.dir/Core/Src/stm32wbxx_it.c.obj
                0x08001900                SysTick_Handler
 .text.TIM2_IRQHandler
                0x08001908       0x10 CMakeFiles/WB55_PWM_Pulse_Count.elf.dir/Core/Src/stm32wbxx_it.c.obj
                0x08001908                TIM2_IRQHandler
 .text.HAL_TIM_IC_CaptureCallback
                0x08001918       0x70 CMakeFiles/WB55_PWM_Pulse_Count.elf.dir/Core/Src/stm32wbxx_it.c.obj
                0x08001918                HAL_TIM_IC_CaptureCallback
 .text._getpid  0x08001988        0x4 CMakeFiles/WB55_PWM_Pulse_Count.elf.dir/Core/Src/syscalls.c.obj
                0x08001988                _getpid
 .text._kill    0x0800198c       0x10 CMakeFiles/WB55_PWM_Pulse_Count.elf.dir/Core/Src/syscalls.c.obj
                0x0800198c                _kill
 .text._exit    0x0800199c        0xc CMakeFiles/WB55_PWM_Pulse_Count.elf.dir/Core/Src/syscalls.c.obj
                0x0800199c                _exit
 .text._sbrk    0x080019a8       0x48 CMakeFiles/WB55_PWM_Pulse_Count.elf.dir/Core/Src/sysmem.c.obj
                0x080019a8                _sbrk
 .text.SystemInit
                0x080019f0       0x50 CMakeFiles/WB55_PWM_Pulse_Count.elf.dir/Core/Src/system_stm32wbxx.c.obj
                0x080019f0                SystemInit
 .text.MX_TIM2_Init
                0x08001a40       0xe8 CMakeFiles/WB55_PWM_Pulse_Count.elf.dir/Core/Src/tim.c.obj
                0x08001a40                MX_TIM2_Init
 .text.HAL_TIM_PWM_MspInit
                0x08001b28       0x2c CMakeFiles/WB55_PWM_Pulse_Count.elf.dir/Core/Src/tim.c.obj
                0x08001b28                HAL_TIM_PWM_MspInit
 .text.HAL_TIM_Base_MspInit
                0x08001b54       0x6c CMakeFiles/WB55_PWM_Pulse_Count.elf.dir/Core/Src/tim.c.obj
                0x08001b54                HAL_TIM_Base_MspInit
 .text.HAL_TIM_MspPostInit
                0x08001bc0       0x54 CMakeFiles/WB55_PWM_Pulse_Count.elf.dir/Core/Src/tim.c.obj
                0x08001bc0                HAL_TIM_MspPostInit
 .text.MX_TIM1_Init
                0x08001c14       0xd0 CMakeFiles/WB55_PWM_Pulse_Count.elf.dir/Core/Src/tim.c.obj
                0x08001c14                MX_TIM1_Init
 .text.MX_LPUART1_UART_Init
                0x08001ce4       0x68 CMakeFiles/WB55_PWM_Pulse_Count.elf.dir/Core/Src/usart.c.obj
                0x08001ce4                MX_LPUART1_UART_Init
 .text.MX_USART1_UART_Init
                0x08001d4c       0x6c CMakeFiles/WB55_PWM_Pulse_Count.elf.dir/Core/Src/usart.c.obj
                0x08001d4c                MX_USART1_UART_Init
 .text.HAL_UART_MspInit
                0x08001db8       0xb4 CMakeFiles/WB55_PWM_Pulse_Count.elf.dir/Core/Src/usart.c.obj
                0x08001db8                HAL_UART_MspInit
 .text.MX_USB_PCD_Init
                0x08001e6c       0x34 CMakeFiles/WB55_PWM_Pulse_Count.elf.dir/Core/Src/usb.c.obj
                0x08001e6c                MX_USB_PCD_Init
 .text.HAL_PCD_MspInit
                0x08001ea0       0x64 CMakeFiles/WB55_PWM_Pulse_Count.elf.dir/Core/Src/usb.c.obj
                0x08001ea0                HAL_PCD_MspInit
 .text.data_initializers
                0x08001f04       0x18 CMakeFiles/WB55_PWM_Pulse_Count.elf.dir/Core/Startup/startup_stm32wb55rgvx.s.obj
 .text.Reset_Handler
                0x08001f1c       0x54 CMakeFiles/WB55_PWM_Pulse_Count.elf.dir/Core/Startup/startup_stm32wb55rgvx.s.obj
                0x08001f1c                Reset_Handler
 .text.Default_Handler
                0x08001f70        0x2 CMakeFiles/WB55_PWM_Pulse_Count.elf.dir/Core/Startup/startup_stm32wb55rgvx.s.obj
                0x08001f70                RTC_Alarm_IRQHandler
                0x08001f70                EXTI2_IRQHandler
                0x08001f70                TIM1_CC_IRQHandler
                0x08001f70                TSC_IRQHandler
                0x08001f70                USB_HP_IRQHandler
                0x08001f70                EXTI3_IRQHandler
                0x08001f70                LPTIM2_IRQHandler
                0x08001f70                I2C3_ER_IRQHandler
                0x08001f70                EXTI0_IRQHandler
                0x08001f70                FPU_IRQHandler
                0x08001f70                TIM1_UP_TIM16_IRQHandler
                0x08001f70                AES1_IRQHandler
                0x08001f70                SPI1_IRQHandler
                0x08001f70                PWR_SOTF_BLEACT_802ACT_RFPHASE_IRQHandler
                0x08001f70                DMA2_Channel2_IRQHandler
                0x08001f70                DMA1_Channel4_IRQHandler
                0x08001f70                ADC1_IRQHandler
                0x08001f70                PKA_IRQHandler
                0x08001f70                DMA1_Channel7_IRQHandler
                0x08001f70                LCD_IRQHandler
                0x08001f70                IPCC_C1_TX_IRQHandler
                0x08001f70                DMA2_Channel1_IRQHandler
                0x08001f70                QUADSPI_IRQHandler
                0x08001f70                I2C1_EV_IRQHandler
                0x08001f70                DMAMUX1_OVR_IRQHandler
                0x08001f70                DMA1_Channel6_IRQHandler
                0x08001f70                DMA2_Channel4_IRQHandler
                0x08001f70                RCC_IRQHandler
                0x08001f70                DMA1_Channel1_IRQHandler
                0x08001f70                Default_Handler
                0x08001f70                DMA2_Channel7_IRQHandler
                0x08001f70                EXTI15_10_IRQHandler
                0x08001f70                IPCC_C1_RX_IRQHandler
                0x08001f70                C2SEV_PWR_C2H_IRQHandler
                0x08001f70                AES2_IRQHandler
                0x08001f70                I2C3_EV_IRQHandler
                0x08001f70                EXTI9_5_IRQHandler
                0x08001f70                RTC_WKUP_IRQHandler
                0x08001f70                PVD_PVM_IRQHandler
                0x08001f70                SPI2_IRQHandler
                0x08001f70                DMA2_Channel5_IRQHandler
                0x08001f70                CRS_IRQHandler
                0x08001f70                DMA1_Channel5_IRQHandler
                0x08001f70                USB_LP_IRQHandler
                0x08001f70                EXTI4_IRQHandler
                0x08001f70                RNG_IRQHandler
                0x08001f70                TIM1_TRG_COM_TIM17_IRQHandler
                0x08001f70                TAMP_STAMP_LSECSS_IRQHandler
                0x08001f70                DMA1_Channel3_IRQHandler
                0x08001f70                COMP_IRQHandler
                0x08001f70                HSEM_IRQHandler
                0x08001f70                WWDG_IRQHandler
                0x08001f70                LPUART1_IRQHandler
                0x08001f70                DMA2_Channel6_IRQHandler
                0x08001f70                TIM1_BRK_IRQHandler
                0x08001f70                EXTI1_IRQHandler
                0x08001f70                DMA1_Channel2_IRQHandler
                0x08001f70                FLASH_IRQHandler
                0x08001f70                USART1_IRQHandler
                0x08001f70                I2C1_ER_IRQHandler
                0x08001f70                LPTIM1_IRQHandler
                0x08001f70                SAI1_IRQHandler
                0x08001f70                DMA2_Channel3_IRQHandler
 *fill*         0x08001f72        0x2 
 .text.HAL_InitTick
                0x08001f74       0x50 CMakeFiles/WB55_PWM_Pulse_Count.elf.dir/Drivers/STM32WBxx_HAL_Driver/Src/stm32wbxx_hal.c.obj
                0x08001f74                HAL_InitTick
 .text.HAL_Init
                0x08001fc4       0x2c CMakeFiles/WB55_PWM_Pulse_Count.elf.dir/Drivers/STM32WBxx_HAL_Driver/Src/stm32wbxx_hal.c.obj
                0x08001fc4                HAL_Init
 .text.HAL_IncTick
                0x08001ff0       0x18 CMakeFiles/WB55_PWM_Pulse_Count.elf.dir/Drivers/STM32WBxx_HAL_Driver/Src/stm32wbxx_hal.c.obj
                0x08001ff0                HAL_IncTick
 .text.HAL_GetTick
                0x08002008        0xc CMakeFiles/WB55_PWM_Pulse_Count.elf.dir/Drivers/STM32WBxx_HAL_Driver/Src/stm32wbxx_hal.c.obj
                0x08002008                HAL_GetTick
 .text.HAL_GetTickPrio
                0x08002014        0xc CMakeFiles/WB55_PWM_Pulse_Count.elf.dir/Drivers/STM32WBxx_HAL_Driver/Src/stm32wbxx_hal.c.obj
                0x08002014                HAL_GetTickPrio
 .text.HAL_Delay
                0x08002020       0x28 CMakeFiles/WB55_PWM_Pulse_Count.elf.dir/Drivers/STM32WBxx_HAL_Driver/Src/stm32wbxx_hal.c.obj
                0x08002020                HAL_Delay
 .text.HAL_NVIC_SetPriorityGrouping
                0x08002048       0x24 CMakeFiles/WB55_PWM_Pulse_Count.elf.dir/Drivers/STM32WBxx_HAL_Driver/Src/stm32wbxx_hal_cortex.c.obj
                0x08002048                HAL_NVIC_SetPriorityGrouping
 .text.HAL_NVIC_SetPriority
                0x0800206c       0x70 CMakeFiles/WB55_PWM_Pulse_Count.elf.dir/Drivers/STM32WBxx_HAL_Driver/Src/stm32wbxx_hal_cortex.c.obj
                0x0800206c                HAL_NVIC_SetPriority
 .text.HAL_NVIC_EnableIRQ
                0x080020dc       0x1c CMakeFiles/WB55_PWM_Pulse_Count.elf.dir/Drivers/STM32WBxx_HAL_Driver/Src/stm32wbxx_hal_cortex.c.obj
                0x080020dc                HAL_NVIC_EnableIRQ
 .text.HAL_SYSTICK_Config
                0x080020f8       0x28 CMakeFiles/WB55_PWM_Pulse_Count.elf.dir/Drivers/STM32WBxx_HAL_Driver/Src/stm32wbxx_hal_cortex.c.obj
                0x080020f8                HAL_SYSTICK_Config
 .text.HAL_GPIO_Init
                0x08002120      0x190 CMakeFiles/WB55_PWM_Pulse_Count.elf.dir/Drivers/STM32WBxx_HAL_Driver/Src/stm32wbxx_hal_gpio.c.obj
                0x08002120                HAL_GPIO_Init
 .text.HAL_GPIO_ReadPin
                0x080022b0        0xe CMakeFiles/WB55_PWM_Pulse_Count.elf.dir/Drivers/STM32WBxx_HAL_Driver/Src/stm32wbxx_hal_gpio.c.obj
                0x080022b0                HAL_GPIO_ReadPin
 .text.HAL_GPIO_WritePin
                0x080022be        0xa CMakeFiles/WB55_PWM_Pulse_Count.elf.dir/Drivers/STM32WBxx_HAL_Driver/Src/stm32wbxx_hal_gpio.c.obj
                0x080022be                HAL_GPIO_WritePin
 .text.HAL_PCD_Init
                0x080022c8       0xe4 CMakeFiles/WB55_PWM_Pulse_Count.elf.dir/Drivers/STM32WBxx_HAL_Driver/Src/stm32wbxx_hal_pcd.c.obj
                0x080022c8                HAL_PCD_Init
 .text.HAL_PCDEx_ActivateLPM
                0x080023ac       0x2c CMakeFiles/WB55_PWM_Pulse_Count.elf.dir/Drivers/STM32WBxx_HAL_Driver/Src/stm32wbxx_hal_pcd_ex.c.obj
                0x080023ac                HAL_PCDEx_ActivateLPM
 .text.HAL_PWR_EnableBkUpAccess
                0x080023d8       0x10 CMakeFiles/WB55_PWM_Pulse_Count.elf.dir/Drivers/STM32WBxx_HAL_Driver/Src/stm32wbxx_hal_pwr.c.obj
                0x080023d8                HAL_PWR_EnableBkUpAccess
 .text.HAL_PWREx_GetVoltageRange
                0x080023e8       0x10 CMakeFiles/WB55_PWM_Pulse_Count.elf.dir/Drivers/STM32WBxx_HAL_Driver/Src/stm32wbxx_hal_pwr_ex.c.obj
                0x080023e8                HAL_PWREx_GetVoltageRange
 .text.RCC_SetFlashLatency
                0x080023f8       0xc0 CMakeFiles/WB55_PWM_Pulse_Count.elf.dir/Drivers/STM32WBxx_HAL_Driver/Src/stm32wbxx_hal_rcc.c.obj
 .text.RCC_SetFlashLatencyFromMSIRange
                0x080024b8       0x4c CMakeFiles/WB55_PWM_Pulse_Count.elf.dir/Drivers/STM32WBxx_HAL_Driver/Src/stm32wbxx_hal_rcc.c.obj
 .text.HAL_RCC_GetSysClockFreq
                0x08002504       0xc0 CMakeFiles/WB55_PWM_Pulse_Count.elf.dir/Drivers/STM32WBxx_HAL_Driver/Src/stm32wbxx_hal_rcc.c.obj
                0x08002504                HAL_RCC_GetSysClockFreq
 .text.HAL_RCC_GetHCLKFreq
                0x080025c4       0x20 CMakeFiles/WB55_PWM_Pulse_Count.elf.dir/Drivers/STM32WBxx_HAL_Driver/Src/stm32wbxx_hal_rcc.c.obj
                0x080025c4                HAL_RCC_GetHCLKFreq
 .text.HAL_RCC_OscConfig
                0x080025e4      0x728 CMakeFiles/WB55_PWM_Pulse_Count.elf.dir/Drivers/STM32WBxx_HAL_Driver/Src/stm32wbxx_hal_rcc.c.obj
                0x080025e4                HAL_RCC_OscConfig
 .text.HAL_RCC_ClockConfig
                0x08002d0c      0x264 CMakeFiles/WB55_PWM_Pulse_Count.elf.dir/Drivers/STM32WBxx_HAL_Driver/Src/stm32wbxx_hal_rcc.c.obj
                0x08002d0c                HAL_RCC_ClockConfig
 .text.HAL_RCC_GetPCLK1Freq
                0x08002f70       0x24 CMakeFiles/WB55_PWM_Pulse_Count.elf.dir/Drivers/STM32WBxx_HAL_Driver/Src/stm32wbxx_hal_rcc.c.obj
                0x08002f70                HAL_RCC_GetPCLK1Freq
 .text.HAL_RCC_GetPCLK2Freq
                0x08002f94       0x24 CMakeFiles/WB55_PWM_Pulse_Count.elf.dir/Drivers/STM32WBxx_HAL_Driver/Src/stm32wbxx_hal_rcc.c.obj
                0x08002f94                HAL_RCC_GetPCLK2Freq
 .text.RCCEx_PLLSAI1_ConfigNP
                0x08002fb8       0x8e CMakeFiles/WB55_PWM_Pulse_Count.elf.dir/Drivers/STM32WBxx_HAL_Driver/Src/stm32wbxx_hal_rcc_ex.c.obj
 .text.RCCEx_PLLSAI1_ConfigNQ
                0x08003046       0x8e CMakeFiles/WB55_PWM_Pulse_Count.elf.dir/Drivers/STM32WBxx_HAL_Driver/Src/stm32wbxx_hal_rcc_ex.c.obj
 .text.RCCEx_PLLSAI1_ConfigNR
                0x080030d4       0x8e CMakeFiles/WB55_PWM_Pulse_Count.elf.dir/Drivers/STM32WBxx_HAL_Driver/Src/stm32wbxx_hal_rcc_ex.c.obj
 .text.HAL_RCCEx_PeriphCLKConfig
                0x08003162      0x326 CMakeFiles/WB55_PWM_Pulse_Count.elf.dir/Drivers/STM32WBxx_HAL_Driver/Src/stm32wbxx_hal_rcc_ex.c.obj
                0x08003162                HAL_RCCEx_PeriphCLKConfig
 .text.HAL_RCCEx_EnableMSIPLLMode
                0x08003488        0xe CMakeFiles/WB55_PWM_Pulse_Count.elf.dir/Drivers/STM32WBxx_HAL_Driver/Src/stm32wbxx_hal_rcc_ex.c.obj
                0x08003488                HAL_RCCEx_EnableMSIPLLMode
 *fill*         0x08003496        0x2 
 .text.TIM_OC1_SetConfig
                0x08003498       0x80 CMakeFiles/WB55_PWM_Pulse_Count.elf.dir/Drivers/STM32WBxx_HAL_Driver/Src/stm32wbxx_hal_tim.c.obj
 .text.TIM_OC3_SetConfig
                0x08003518       0x74 CMakeFiles/WB55_PWM_Pulse_Count.elf.dir/Drivers/STM32WBxx_HAL_Driver/Src/stm32wbxx_hal_tim.c.obj
 .text.TIM_OC4_SetConfig
                0x0800358c       0x5c CMakeFiles/WB55_PWM_Pulse_Count.elf.dir/Drivers/STM32WBxx_HAL_Driver/Src/stm32wbxx_hal_tim.c.obj
 .text.TIM_OC5_SetConfig
                0x080035e8       0x58 CMakeFiles/WB55_PWM_Pulse_Count.elf.dir/Drivers/STM32WBxx_HAL_Driver/Src/stm32wbxx_hal_tim.c.obj
 .text.TIM_OC6_SetConfig
                0x08003640       0x5c CMakeFiles/WB55_PWM_Pulse_Count.elf.dir/Drivers/STM32WBxx_HAL_Driver/Src/stm32wbxx_hal_tim.c.obj
 .text.TIM_TI1_ConfigInputStage
                0x0800369c       0x24 CMakeFiles/WB55_PWM_Pulse_Count.elf.dir/Drivers/STM32WBxx_HAL_Driver/Src/stm32wbxx_hal_tim.c.obj
 .text.TIM_TI2_SetConfig
                0x080036c0       0x36 CMakeFiles/WB55_PWM_Pulse_Count.elf.dir/Drivers/STM32WBxx_HAL_Driver/Src/stm32wbxx_hal_tim.c.obj
 .text.TIM_TI2_ConfigInputStage
                0x080036f6       0x26 CMakeFiles/WB55_PWM_Pulse_Count.elf.dir/Drivers/STM32WBxx_HAL_Driver/Src/stm32wbxx_hal_tim.c.obj
 .text.TIM_TI3_SetConfig
                0x0800371c       0x36 CMakeFiles/WB55_PWM_Pulse_Count.elf.dir/Drivers/STM32WBxx_HAL_Driver/Src/stm32wbxx_hal_tim.c.obj
 .text.TIM_TI4_SetConfig
                0x08003752       0x36 CMakeFiles/WB55_PWM_Pulse_Count.elf.dir/Drivers/STM32WBxx_HAL_Driver/Src/stm32wbxx_hal_tim.c.obj
 .text.TIM_ITRx_SetConfig
                0x08003788       0x14 CMakeFiles/WB55_PWM_Pulse_Count.elf.dir/Drivers/STM32WBxx_HAL_Driver/Src/stm32wbxx_hal_tim.c.obj
 .text.HAL_TIM_IC_MspInit
                0x0800379c        0x2 CMakeFiles/WB55_PWM_Pulse_Count.elf.dir/Drivers/STM32WBxx_HAL_Driver/Src/stm32wbxx_hal_tim.c.obj
                0x0800379c                HAL_TIM_IC_MspInit
 .text.HAL_TIM_ReadCapturedValue
                0x0800379e       0x32 CMakeFiles/WB55_PWM_Pulse_Count.elf.dir/Drivers/STM32WBxx_HAL_Driver/Src/stm32wbxx_hal_tim.c.obj
                0x0800379e                HAL_TIM_ReadCapturedValue
 .text.HAL_TIM_PeriodElapsedCallback
                0x080037d0        0x2 CMakeFiles/WB55_PWM_Pulse_Count.elf.dir/Drivers/STM32WBxx_HAL_Driver/Src/stm32wbxx_hal_tim.c.obj
                0x080037d0                HAL_TIM_PeriodElapsedCallback
 .text.HAL_TIM_OC_DelayElapsedCallback
                0x080037d2        0x2 CMakeFiles/WB55_PWM_Pulse_Count.elf.dir/Drivers/STM32WBxx_HAL_Driver/Src/stm32wbxx_hal_tim.c.obj
                0x080037d2                HAL_TIM_OC_DelayElapsedCallback
 .text.HAL_TIM_PWM_PulseFinishedCallback
                0x080037d4        0x2 CMakeFiles/WB55_PWM_Pulse_Count.elf.dir/Drivers/STM32WBxx_HAL_Driver/Src/stm32wbxx_hal_tim.c.obj
                0x080037d4                HAL_TIM_PWM_PulseFinishedCallback
 .text.HAL_TIM_TriggerCallback
                0x080037d6        0x2 CMakeFiles/WB55_PWM_Pulse_Count.elf.dir/Drivers/STM32WBxx_HAL_Driver/Src/stm32wbxx_hal_tim.c.obj
                0x080037d6                HAL_TIM_TriggerCallback
 .text.HAL_TIM_IRQHandler
                0x080037d8      0x19a CMakeFiles/WB55_PWM_Pulse_Count.elf.dir/Drivers/STM32WBxx_HAL_Driver/Src/stm32wbxx_hal_tim.c.obj
                0x080037d8                HAL_TIM_IRQHandler
 *fill*         0x08003972        0x2 
 .text.TIM_Base_SetConfig
                0x08003974       0x70 CMakeFiles/WB55_PWM_Pulse_Count.elf.dir/Drivers/STM32WBxx_HAL_Driver/Src/stm32wbxx_hal_tim.c.obj
                0x08003974                TIM_Base_SetConfig
 .text.HAL_TIM_Base_Init
                0x080039e4       0x60 CMakeFiles/WB55_PWM_Pulse_Count.elf.dir/Drivers/STM32WBxx_HAL_Driver/Src/stm32wbxx_hal_tim.c.obj
                0x080039e4                HAL_TIM_Base_Init
 .text.HAL_TIM_PWM_Init
                0x08003a44       0x60 CMakeFiles/WB55_PWM_Pulse_Count.elf.dir/Drivers/STM32WBxx_HAL_Driver/Src/stm32wbxx_hal_tim.c.obj
                0x08003a44                HAL_TIM_PWM_Init
 .text.HAL_TIM_IC_Init
                0x08003aa4       0x60 CMakeFiles/WB55_PWM_Pulse_Count.elf.dir/Drivers/STM32WBxx_HAL_Driver/Src/stm32wbxx_hal_tim.c.obj
                0x08003aa4                HAL_TIM_IC_Init
 .text.TIM_OC2_SetConfig
                0x08003b04       0x78 CMakeFiles/WB55_PWM_Pulse_Count.elf.dir/Drivers/STM32WBxx_HAL_Driver/Src/stm32wbxx_hal_tim.c.obj
                0x08003b04                TIM_OC2_SetConfig
 .text.HAL_TIM_PWM_ConfigChannel
                0x08003b7c      0x128 CMakeFiles/WB55_PWM_Pulse_Count.elf.dir/Drivers/STM32WBxx_HAL_Driver/Src/stm32wbxx_hal_tim.c.obj
                0x08003b7c                HAL_TIM_PWM_ConfigChannel
 .text.TIM_TI1_SetConfig
                0x08003ca4       0x48 CMakeFiles/WB55_PWM_Pulse_Count.elf.dir/Drivers/STM32WBxx_HAL_Driver/Src/stm32wbxx_hal_tim.c.obj
                0x08003ca4                TIM_TI1_SetConfig
 .text.HAL_TIM_IC_ConfigChannel
                0x08003cec       0xb4 CMakeFiles/WB55_PWM_Pulse_Count.elf.dir/Drivers/STM32WBxx_HAL_Driver/Src/stm32wbxx_hal_tim.c.obj
                0x08003cec                HAL_TIM_IC_ConfigChannel
 .text.TIM_ETR_SetConfig
                0x08003da0       0x18 CMakeFiles/WB55_PWM_Pulse_Count.elf.dir/Drivers/STM32WBxx_HAL_Driver/Src/stm32wbxx_hal_tim.c.obj
                0x08003da0                TIM_ETR_SetConfig
 .text.HAL_TIM_ConfigClockSource
                0x08003db8       0xdc CMakeFiles/WB55_PWM_Pulse_Count.elf.dir/Drivers/STM32WBxx_HAL_Driver/Src/stm32wbxx_hal_tim.c.obj
                0x08003db8                HAL_TIM_ConfigClockSource
 .text.TIM_SlaveTimer_SetConfig
                0x08003e94       0x96 CMakeFiles/WB55_PWM_Pulse_Count.elf.dir/Drivers/STM32WBxx_HAL_Driver/Src/stm32wbxx_hal_tim.c.obj
 .text.HAL_TIM_SlaveConfigSynchro
                0x08003f2a       0x52 CMakeFiles/WB55_PWM_Pulse_Count.elf.dir/Drivers/STM32WBxx_HAL_Driver/Src/stm32wbxx_hal_tim.c.obj
                0x08003f2a                HAL_TIM_SlaveConfigSynchro
 .text.TIM_CCxChannelCmd
                0x08003f7c       0x1e CMakeFiles/WB55_PWM_Pulse_Count.elf.dir/Drivers/STM32WBxx_HAL_Driver/Src/stm32wbxx_hal_tim.c.obj
                0x08003f7c                TIM_CCxChannelCmd
 *fill*         0x08003f9a        0x2 
 .text.HAL_TIM_PWM_Start
                0x08003f9c      0x124 CMakeFiles/WB55_PWM_Pulse_Count.elf.dir/Drivers/STM32WBxx_HAL_Driver/Src/stm32wbxx_hal_tim.c.obj
                0x08003f9c                HAL_TIM_PWM_Start
 .text.HAL_TIM_IC_Start_IT
                0x080040c0      0x180 CMakeFiles/WB55_PWM_Pulse_Count.elf.dir/Drivers/STM32WBxx_HAL_Driver/Src/stm32wbxx_hal_tim.c.obj
                0x080040c0                HAL_TIM_IC_Start_IT
 .text.HAL_TIMEx_MasterConfigSynchronization
                0x08004240       0x68 CMakeFiles/WB55_PWM_Pulse_Count.elf.dir/Drivers/STM32WBxx_HAL_Driver/Src/stm32wbxx_hal_tim_ex.c.obj
                0x08004240                HAL_TIMEx_MasterConfigSynchronization
 .text.HAL_TIMEx_ConfigBreakDeadTime
                0x080042a8       0xa0 CMakeFiles/WB55_PWM_Pulse_Count.elf.dir/Drivers/STM32WBxx_HAL_Driver/Src/stm32wbxx_hal_tim_ex.c.obj
                0x080042a8                HAL_TIMEx_ConfigBreakDeadTime
 .text.HAL_TIMEx_CommutCallback
                0x08004348        0x2 CMakeFiles/WB55_PWM_Pulse_Count.elf.dir/Drivers/STM32WBxx_HAL_Driver/Src/stm32wbxx_hal_tim_ex.c.obj
                0x08004348                HAL_TIMEx_CommutCallback
 .text.HAL_TIMEx_BreakCallback
                0x0800434a        0x2 CMakeFiles/WB55_PWM_Pulse_Count.elf.dir/Drivers/STM32WBxx_HAL_Driver/Src/stm32wbxx_hal_tim_ex.c.obj
                0x0800434a                HAL_TIMEx_BreakCallback
 .text.HAL_TIMEx_Break2Callback
                0x0800434c        0x2 CMakeFiles/WB55_PWM_Pulse_Count.elf.dir/Drivers/STM32WBxx_HAL_Driver/Src/stm32wbxx_hal_tim_ex.c.obj
                0x0800434c                HAL_TIMEx_Break2Callback
 *fill*         0x0800434e        0x2 
 .text.UART_SetConfig
                0x08004350      0x25c CMakeFiles/WB55_PWM_Pulse_Count.elf.dir/Drivers/STM32WBxx_HAL_Driver/Src/stm32wbxx_hal_uart.c.obj
                0x08004350                UART_SetConfig
 .text.UART_AdvFeatureConfig
                0x080045ac       0xca CMakeFiles/WB55_PWM_Pulse_Count.elf.dir/Drivers/STM32WBxx_HAL_Driver/Src/stm32wbxx_hal_uart.c.obj
                0x080045ac                UART_AdvFeatureConfig
 .text.UART_WaitOnFlagUntilTimeout
                0x08004676       0xb0 CMakeFiles/WB55_PWM_Pulse_Count.elf.dir/Drivers/STM32WBxx_HAL_Driver/Src/stm32wbxx_hal_uart.c.obj
                0x08004676                UART_WaitOnFlagUntilTimeout
 .text.HAL_UART_Transmit
                0x08004726       0xde CMakeFiles/WB55_PWM_Pulse_Count.elf.dir/Drivers/STM32WBxx_HAL_Driver/Src/stm32wbxx_hal_uart.c.obj
                0x08004726                HAL_UART_Transmit
 .text.HAL_UART_Receive
                0x08004804      0x12c CMakeFiles/WB55_PWM_Pulse_Count.elf.dir/Drivers/STM32WBxx_HAL_Driver/Src/stm32wbxx_hal_uart.c.obj
                0x08004804                HAL_UART_Receive
 .text.UART_CheckIdleState
                0x08004930       0x74 CMakeFiles/WB55_PWM_Pulse_Count.elf.dir/Drivers/STM32WBxx_HAL_Driver/Src/stm32wbxx_hal_uart.c.obj
                0x08004930                UART_CheckIdleState
 .text.HAL_UART_Init
                0x080049a4       0x66 CMakeFiles/WB55_PWM_Pulse_Count.elf.dir/Drivers/STM32WBxx_HAL_Driver/Src/stm32wbxx_hal_uart.c.obj
                0x080049a4                HAL_UART_Init
 *fill*         0x08004a0a        0x2 
 .text.UARTEx_SetNbDataToProcess
                0x08004a0c       0x4c CMakeFiles/WB55_PWM_Pulse_Count.elf.dir/Drivers/STM32WBxx_HAL_Driver/Src/stm32wbxx_hal_uart_ex.c.obj
 .text.HAL_UARTEx_DisableFifoMode
                0x08004a58       0x3e CMakeFiles/WB55_PWM_Pulse_Count.elf.dir/Drivers/STM32WBxx_HAL_Driver/Src/stm32wbxx_hal_uart_ex.c.obj
                0x08004a58                HAL_UARTEx_DisableFifoMode
 .text.HAL_UARTEx_SetTxFifoThreshold
                0x08004a96       0x4a CMakeFiles/WB55_PWM_Pulse_Count.elf.dir/Drivers/STM32WBxx_HAL_Driver/Src/stm32wbxx_hal_uart_ex.c.obj
                0x08004a96                HAL_UARTEx_SetTxFifoThreshold
 .text.HAL_UARTEx_SetRxFifoThreshold
                0x08004ae0       0x4a CMakeFiles/WB55_PWM_Pulse_Count.elf.dir/Drivers/STM32WBxx_HAL_Driver/Src/stm32wbxx_hal_uart_ex.c.obj
                0x08004ae0                HAL_UARTEx_SetRxFifoThreshold
 .text.USB_DisableGlobalInt
                0x08004b2a       0x14 CMakeFiles/WB55_PWM_Pulse_Count.elf.dir/Drivers/STM32WBxx_HAL_Driver/Src/stm32wbxx_ll_usb.c.obj
                0x08004b2a                USB_DisableGlobalInt
 .text.USB_DevInit
                0x08004b3e       0x22 CMakeFiles/WB55_PWM_Pulse_Count.elf.dir/Drivers/STM32WBxx_HAL_Driver/Src/stm32wbxx_ll_usb.c.obj
                0x08004b3e                USB_DevInit
 .text.__errno  0x08004b60        0xc d:/stm32/gcc-arm-none-eabi-10.3-2021.10/bin/../lib/gcc/arm-none-eabi/10.3.1/../../../../arm-none-eabi/lib/thumb/v7e-m/nofp\libg.a(lib_a-errno.o)
                0x08004b60                __errno
 .text.__libc_init_array
                0x08004b6c       0x48 d:/stm32/gcc-arm-none-eabi-10.3-2021.10/bin/../lib/gcc/arm-none-eabi/10.3.1/../../../../arm-none-eabi/lib/thumb/v7e-m/nofp\libg.a(lib_a-init.o)
                0x08004b6c                __libc_init_array
 .text.memset   0x08004bb4       0xa4 d:/stm32/gcc-arm-none-eabi-10.3-2021.10/bin/../lib/gcc/arm-none-eabi/10.3.1/../../../../arm-none-eabi/lib/thumb/v7e-m/nofp\libg.a(lib_a-memset.o)
                0x08004bb4                memset
 .text.printf   0x08004c58       0x28 d:/stm32/gcc-arm-none-eabi-10.3-2021.10/bin/../lib/gcc/arm-none-eabi/10.3.1/../../../../arm-none-eabi/lib/thumb/v7e-m/nofp\libg.a(lib_a-printf.o)
                0x08004c58                printf
 .text.setvbuf  0x08004c80      0x1b0 d:/stm32/gcc-arm-none-eabi-10.3-2021.10/bin/../lib/gcc/arm-none-eabi/10.3.1/../../../../arm-none-eabi/lib/thumb/v7e-m/nofp\libg.a(lib_a-setvbuf.o)
                0x08004c80                setvbuf
 .text._vfprintf_r
                0x08004e30     0x1ad4 d:/stm32/gcc-arm-none-eabi-10.3-2021.10/bin/../lib/gcc/arm-none-eabi/10.3.1/../../../../arm-none-eabi/lib/thumb/v7e-m/nofp\libg.a(lib_a-vfprintf.o)
                0x08004e30                _vfprintf_r
 .text.__sbprintf
                0x08006904       0x80 d:/stm32/gcc-arm-none-eabi-10.3-2021.10/bin/../lib/gcc/arm-none-eabi/10.3.1/../../../../arm-none-eabi/lib/thumb/v7e-m/nofp\libg.a(lib_a-vfprintf.o)
 .text.__swsetup_r
                0x08006984       0xd4 d:/stm32/gcc-arm-none-eabi-10.3-2021.10/bin/../lib/gcc/arm-none-eabi/10.3.1/../../../../arm-none-eabi/lib/thumb/v7e-m/nofp\libg.a(lib_a-wsetup.o)
                0x08006984                __swsetup_r
 .text.startup.register_fini
                0x08006a58       0x14 d:/stm32/gcc-arm-none-eabi-10.3-2021.10/bin/../lib/gcc/arm-none-eabi/10.3.1/../../../../arm-none-eabi/lib/thumb/v7e-m/nofp\libg.a(lib_a-__call_atexit.o)
 .text.atexit   0x08006a6c        0xc d:/stm32/gcc-arm-none-eabi-10.3-2021.10/bin/../lib/gcc/arm-none-eabi/10.3.1/../../../../arm-none-eabi/lib/thumb/v7e-m/nofp\libg.a(lib_a-atexit.o)
                0x08006a6c                atexit
 .text.quorem   0x08006a78      0x124 d:/stm32/gcc-arm-none-eabi-10.3-2021.10/bin/../lib/gcc/arm-none-eabi/10.3.1/../../../../arm-none-eabi/lib/thumb/v7e-m/nofp\libg.a(lib_a-dtoa.o)
 *fill*         0x08006b9c        0x4 
 .text._dtoa_r  0x08006ba0      0xec4 d:/stm32/gcc-arm-none-eabi-10.3-2021.10/bin/../lib/gcc/arm-none-eabi/10.3.1/../../../../arm-none-eabi/lib/thumb/v7e-m/nofp\libg.a(lib_a-dtoa.o)
                0x08006ba0                _dtoa_r
 .text.__sflush_r
                0x08007a64      0x120 d:/stm32/gcc-arm-none-eabi-10.3-2021.10/bin/../lib/gcc/arm-none-eabi/10.3.1/../../../../arm-none-eabi/lib/thumb/v7e-m/nofp\libg.a(lib_a-fflush.o)
                0x08007a64                __sflush_r
 .text._fflush_r
                0x08007b84       0x5c d:/stm32/gcc-arm-none-eabi-10.3-2021.10/bin/../lib/gcc/arm-none-eabi/10.3.1/../../../../arm-none-eabi/lib/thumb/v7e-m/nofp\libg.a(lib_a-fflush.o)
                0x08007b84                _fflush_r
 .text._cleanup_r
                0x08007be0        0xc d:/stm32/gcc-arm-none-eabi-10.3-2021.10/bin/../lib/gcc/arm-none-eabi/10.3.1/../../../../arm-none-eabi/lib/thumb/v7e-m/nofp\libg.a(lib_a-findfp.o)
                0x08007be0                _cleanup_r
 .text.__sinit  0x08007bec      0x10c d:/stm32/gcc-arm-none-eabi-10.3-2021.10/bin/../lib/gcc/arm-none-eabi/10.3.1/../../../../arm-none-eabi/lib/thumb/v7e-m/nofp\libg.a(lib_a-findfp.o)
                0x08007bec                __sinit
 .text.__sfp_lock_acquire
                0x08007cf8        0xc d:/stm32/gcc-arm-none-eabi-10.3-2021.10/bin/../lib/gcc/arm-none-eabi/10.3.1/../../../../arm-none-eabi/lib/thumb/v7e-m/nofp\libg.a(lib_a-findfp.o)
                0x08007cf8                __sfp_lock_acquire
 .text.__sfp_lock_release
                0x08007d04        0xc d:/stm32/gcc-arm-none-eabi-10.3-2021.10/bin/../lib/gcc/arm-none-eabi/10.3.1/../../../../arm-none-eabi/lib/thumb/v7e-m/nofp\libg.a(lib_a-findfp.o)
                0x08007d04                __sfp_lock_release
 .text.__libc_fini_array
                0x08007d10       0x2c d:/stm32/gcc-arm-none-eabi-10.3-2021.10/bin/../lib/gcc/arm-none-eabi/10.3.1/../../../../arm-none-eabi/lib/thumb/v7e-m/nofp\libg.a(lib_a-fini.o)
                0x08007d10                __libc_fini_array
 .text._malloc_trim_r
                0x08007d3c       0xa0 d:/stm32/gcc-arm-none-eabi-10.3-2021.10/bin/../lib/gcc/arm-none-eabi/10.3.1/../../../../arm-none-eabi/lib/thumb/v7e-m/nofp\libg.a(lib_a-freer.o)
                0x08007d3c                _malloc_trim_r
 .text._free_r  0x08007ddc      0x20c d:/stm32/gcc-arm-none-eabi-10.3-2021.10/bin/../lib/gcc/arm-none-eabi/10.3.1/../../../../arm-none-eabi/lib/thumb/v7e-m/nofp\libg.a(lib_a-freer.o)
                0x08007ddc                _free_r
 .text._fwalk_reent
                0x08007fe8       0x48 d:/stm32/gcc-arm-none-eabi-10.3-2021.10/bin/../lib/gcc/arm-none-eabi/10.3.1/../../../../arm-none-eabi/lib/thumb/v7e-m/nofp\libg.a(lib_a-fwalk.o)
                0x08007fe8                _fwalk_reent
 .text._localeconv_r
                0x08008030        0x8 d:/stm32/gcc-arm-none-eabi-10.3-2021.10/bin/../lib/gcc/arm-none-eabi/10.3.1/../../../../arm-none-eabi/lib/thumb/v7e-m/nofp\libg.a(lib_a-localeconv.o)
                0x08008030                _localeconv_r
 .text.__retarget_lock_init_recursive
                0x08008038        0x4 d:/stm32/gcc-arm-none-eabi-10.3-2021.10/bin/../lib/gcc/arm-none-eabi/10.3.1/../../../../arm-none-eabi/lib/thumb/v7e-m/nofp\libg.a(lib_a-lock.o)
                0x08008038                __retarget_lock_init_recursive
 .text.__retarget_lock_close_recursive
                0x0800803c        0x4 d:/stm32/gcc-arm-none-eabi-10.3-2021.10/bin/../lib/gcc/arm-none-eabi/10.3.1/../../../../arm-none-eabi/lib/thumb/v7e-m/nofp\libg.a(lib_a-lock.o)
                0x0800803c                __retarget_lock_close_recursive
 .text.__retarget_lock_acquire_recursive
                0x08008040        0x4 d:/stm32/gcc-arm-none-eabi-10.3-2021.10/bin/../lib/gcc/arm-none-eabi/10.3.1/../../../../arm-none-eabi/lib/thumb/v7e-m/nofp\libg.a(lib_a-lock.o)
                0x08008040                __retarget_lock_acquire_recursive
 .text.__retarget_lock_release_recursive
                0x08008044        0x4 d:/stm32/gcc-arm-none-eabi-10.3-2021.10/bin/../lib/gcc/arm-none-eabi/10.3.1/../../../../arm-none-eabi/lib/thumb/v7e-m/nofp\libg.a(lib_a-lock.o)
                0x08008044                __retarget_lock_release_recursive
 .text.__smakebuf_r
                0x08008048       0xe0 d:/stm32/gcc-arm-none-eabi-10.3-2021.10/bin/../lib/gcc/arm-none-eabi/10.3.1/../../../../arm-none-eabi/lib/thumb/v7e-m/nofp\libg.a(lib_a-makebuf.o)
                0x08008048                __smakebuf_r
 .text.__swhatbuf_r
                0x08008128       0x60 d:/stm32/gcc-arm-none-eabi-10.3-2021.10/bin/../lib/gcc/arm-none-eabi/10.3.1/../../../../arm-none-eabi/lib/thumb/v7e-m/nofp\libg.a(lib_a-makebuf.o)
                0x08008128                __swhatbuf_r
 .text.malloc   0x08008188       0x10 d:/stm32/gcc-arm-none-eabi-10.3-2021.10/bin/../lib/gcc/arm-none-eabi/10.3.1/../../../../arm-none-eabi/lib/thumb/v7e-m/nofp\libg.a(lib_a-malloc.o)
                0x08008188                malloc
 .text._malloc_r
                0x08008198      0x560 d:/stm32/gcc-arm-none-eabi-10.3-2021.10/bin/../lib/gcc/arm-none-eabi/10.3.1/../../../../arm-none-eabi/lib/thumb/v7e-m/nofp\libg.a(lib_a-mallocr.o)
                0x08008198                _malloc_r
 .text.__malloc_lock
                0x080086f8        0xc d:/stm32/gcc-arm-none-eabi-10.3-2021.10/bin/../lib/gcc/arm-none-eabi/10.3.1/../../../../arm-none-eabi/lib/thumb/v7e-m/nofp\libg.a(lib_a-mlock.o)
                0x080086f8                __malloc_lock
 .text.__malloc_unlock
                0x08008704        0xc d:/stm32/gcc-arm-none-eabi-10.3-2021.10/bin/../lib/gcc/arm-none-eabi/10.3.1/../../../../arm-none-eabi/lib/thumb/v7e-m/nofp\libg.a(lib_a-mlock.o)
                0x08008704                __malloc_unlock
 .text._Balloc  0x08008710       0x4c d:/stm32/gcc-arm-none-eabi-10.3-2021.10/bin/../lib/gcc/arm-none-eabi/10.3.1/../../../../arm-none-eabi/lib/thumb/v7e-m/nofp\libg.a(lib_a-mprec.o)
                0x08008710                _Balloc
 .text._Bfree   0x0800875c       0x14 d:/stm32/gcc-arm-none-eabi-10.3-2021.10/bin/../lib/gcc/arm-none-eabi/10.3.1/../../../../arm-none-eabi/lib/thumb/v7e-m/nofp\libg.a(lib_a-mprec.o)
                0x0800875c                _Bfree
 .text.__multadd
                0x08008770       0xa0 d:/stm32/gcc-arm-none-eabi-10.3-2021.10/bin/../lib/gcc/arm-none-eabi/10.3.1/../../../../arm-none-eabi/lib/thumb/v7e-m/nofp\libg.a(lib_a-mprec.o)
                0x08008770                __multadd
 .text.__hi0bits
                0x08008810       0x40 d:/stm32/gcc-arm-none-eabi-10.3-2021.10/bin/../lib/gcc/arm-none-eabi/10.3.1/../../../../arm-none-eabi/lib/thumb/v7e-m/nofp\libg.a(lib_a-mprec.o)
                0x08008810                __hi0bits
 .text.__lo0bits
                0x08008850       0x5c d:/stm32/gcc-arm-none-eabi-10.3-2021.10/bin/../lib/gcc/arm-none-eabi/10.3.1/../../../../arm-none-eabi/lib/thumb/v7e-m/nofp\libg.a(lib_a-mprec.o)
                0x08008850                __lo0bits
 .text.__i2b    0x080088ac       0x5c d:/stm32/gcc-arm-none-eabi-10.3-2021.10/bin/../lib/gcc/arm-none-eabi/10.3.1/../../../../arm-none-eabi/lib/thumb/v7e-m/nofp\libg.a(lib_a-mprec.o)
                0x080088ac                __i2b
 .text.__multiply
                0x08008908      0x15c d:/stm32/gcc-arm-none-eabi-10.3-2021.10/bin/../lib/gcc/arm-none-eabi/10.3.1/../../../../arm-none-eabi/lib/thumb/v7e-m/nofp\libg.a(lib_a-mprec.o)
                0x08008908                __multiply
 .text.__pow5mult
                0x08008a64       0xc0 d:/stm32/gcc-arm-none-eabi-10.3-2021.10/bin/../lib/gcc/arm-none-eabi/10.3.1/../../../../arm-none-eabi/lib/thumb/v7e-m/nofp\libg.a(lib_a-mprec.o)
                0x08008a64                __pow5mult
 .text.__lshift
                0x08008b24       0xf0 d:/stm32/gcc-arm-none-eabi-10.3-2021.10/bin/../lib/gcc/arm-none-eabi/10.3.1/../../../../arm-none-eabi/lib/thumb/v7e-m/nofp\libg.a(lib_a-mprec.o)
                0x08008b24                __lshift
 .text.__mcmp   0x08008c14       0x40 d:/stm32/gcc-arm-none-eabi-10.3-2021.10/bin/../lib/gcc/arm-none-eabi/10.3.1/../../../../arm-none-eabi/lib/thumb/v7e-m/nofp\libg.a(lib_a-mprec.o)
                0x08008c14                __mcmp
 .text.__mdiff  0x08008c54      0x14c d:/stm32/gcc-arm-none-eabi-10.3-2021.10/bin/../lib/gcc/arm-none-eabi/10.3.1/../../../../arm-none-eabi/lib/thumb/v7e-m/nofp\libg.a(lib_a-mprec.o)
                0x08008c54                __mdiff
 .text.__d2b    0x08008da0       0xc4 d:/stm32/gcc-arm-none-eabi-10.3-2021.10/bin/../lib/gcc/arm-none-eabi/10.3.1/../../../../arm-none-eabi/lib/thumb/v7e-m/nofp\libg.a(lib_a-mprec.o)
                0x08008da0                __d2b
 .text.frexp    0x08008e64       0x70 d:/stm32/gcc-arm-none-eabi-10.3-2021.10/bin/../lib/gcc/arm-none-eabi/10.3.1/../../../../arm-none-eabi/lib/thumb/v7e-m/nofp\libg.a(lib_a-s_frexp.o)
                0x08008e64                frexp
 .text._sbrk_r  0x08008ed4       0x24 d:/stm32/gcc-arm-none-eabi-10.3-2021.10/bin/../lib/gcc/arm-none-eabi/10.3.1/../../../../arm-none-eabi/lib/thumb/v7e-m/nofp\libg.a(lib_a-sbrkr.o)
                0x08008ed4                _sbrk_r
 .text.__sread  0x08008ef8       0x24 d:/stm32/gcc-arm-none-eabi-10.3-2021.10/bin/../lib/gcc/arm-none-eabi/10.3.1/../../../../arm-none-eabi/lib/thumb/v7e-m/nofp\libg.a(lib_a-stdio.o)
                0x08008ef8                __sread
 .text.__swrite
                0x08008f1c       0x40 d:/stm32/gcc-arm-none-eabi-10.3-2021.10/bin/../lib/gcc/arm-none-eabi/10.3.1/../../../../arm-none-eabi/lib/thumb/v7e-m/nofp\libg.a(lib_a-stdio.o)
                0x08008f1c                __swrite
 .text.__sseek  0x08008f5c       0x20 d:/stm32/gcc-arm-none-eabi-10.3-2021.10/bin/../lib/gcc/arm-none-eabi/10.3.1/../../../../arm-none-eabi/lib/thumb/v7e-m/nofp\libg.a(lib_a-stdio.o)
                0x08008f5c                __sseek
 .text.__sclose
                0x08008f7c        0x8 d:/stm32/gcc-arm-none-eabi-10.3-2021.10/bin/../lib/gcc/arm-none-eabi/10.3.1/../../../../arm-none-eabi/lib/thumb/v7e-m/nofp\libg.a(lib_a-stdio.o)
                0x08008f7c                __sclose
 .text.strncpy  0x08008f84       0x64 d:/stm32/gcc-arm-none-eabi-10.3-2021.10/bin/../lib/gcc/arm-none-eabi/10.3.1/../../../../arm-none-eabi/lib/thumb/v7e-m/nofp\libg.a(lib_a-strncpy.o)
                0x08008f84                strncpy
 .text.__sprint_r.part.0
                0x08008fe8       0x78 d:/stm32/gcc-arm-none-eabi-10.3-2021.10/bin/../lib/gcc/arm-none-eabi/10.3.1/../../../../arm-none-eabi/lib/thumb/v7e-m/nofp\libg.a(lib_a-vfiprintf.o)
 .text.__sprint_r
                0x08009060       0x14 d:/stm32/gcc-arm-none-eabi-10.3-2021.10/bin/../lib/gcc/arm-none-eabi/10.3.1/../../../../arm-none-eabi/lib/thumb/v7e-m/nofp\libg.a(lib_a-vfiprintf.o)
                0x08009060                __sprint_r
 .text._vfiprintf_r
                0x08009074      0xda0 d:/stm32/gcc-arm-none-eabi-10.3-2021.10/bin/../lib/gcc/arm-none-eabi/10.3.1/../../../../arm-none-eabi/lib/thumb/v7e-m/nofp\libg.a(lib_a-vfiprintf.o)
                0x08009074                _vfiprintf_r
 .text.__sbprintf
                0x08009e14       0x80 d:/stm32/gcc-arm-none-eabi-10.3-2021.10/bin/../lib/gcc/arm-none-eabi/10.3.1/../../../../arm-none-eabi/lib/thumb/v7e-m/nofp\libg.a(lib_a-vfiprintf.o)
 .text._write_r
                0x08009e94       0x2c d:/stm32/gcc-arm-none-eabi-10.3-2021.10/bin/../lib/gcc/arm-none-eabi/10.3.1/../../../../arm-none-eabi/lib/thumb/v7e-m/nofp\libg.a(lib_a-writer.o)
                0x08009e94                _write_r
 .text.__register_exitproc
                0x08009ec0       0x8c d:/stm32/gcc-arm-none-eabi-10.3-2021.10/bin/../lib/gcc/arm-none-eabi/10.3.1/../../../../arm-none-eabi/lib/thumb/v7e-m/nofp\libg.a(lib_a-__atexit.o)
                0x08009ec0                __register_exitproc
 .text.__assert_func
                0x08009f4c       0x40 d:/stm32/gcc-arm-none-eabi-10.3-2021.10/bin/../lib/gcc/arm-none-eabi/10.3.1/../../../../arm-none-eabi/lib/thumb/v7e-m/nofp\libg.a(lib_a-assert.o)
                0x08009f4c                __assert_func
 .text._calloc_r
                0x08009f8c       0x78 d:/stm32/gcc-arm-none-eabi-10.3-2021.10/bin/../lib/gcc/arm-none-eabi/10.3.1/../../../../arm-none-eabi/lib/thumb/v7e-m/nofp\libg.a(lib_a-callocr.o)
                0x08009f8c                _calloc_r
 .text._close_r
                0x0800a004       0x24 d:/stm32/gcc-arm-none-eabi-10.3-2021.10/bin/../lib/gcc/arm-none-eabi/10.3.1/../../../../arm-none-eabi/lib/thumb/v7e-m/nofp\libg.a(lib_a-closer.o)
                0x0800a004                _close_r
 .text._fclose_r
                0x0800a028       0xcc d:/stm32/gcc-arm-none-eabi-10.3-2021.10/bin/../lib/gcc/arm-none-eabi/10.3.1/../../../../arm-none-eabi/lib/thumb/v7e-m/nofp\libg.a(lib_a-fclose.o)
                0x0800a028                _fclose_r
 .text.fiprintf
                0x0800a0f4       0x28 d:/stm32/gcc-arm-none-eabi-10.3-2021.10/bin/../lib/gcc/arm-none-eabi/10.3.1/../../../../arm-none-eabi/lib/thumb/v7e-m/nofp\libg.a(lib_a-fiprintf.o)
                0x0800a0f4                fiprintf
 .text.__fputwc
                0x0800a11c       0xa8 d:/stm32/gcc-arm-none-eabi-10.3-2021.10/bin/../lib/gcc/arm-none-eabi/10.3.1/../../../../arm-none-eabi/lib/thumb/v7e-m/nofp\libg.a(lib_a-fputwc.o)
                0x0800a11c                __fputwc
 .text._fputwc_r
                0x0800a1c4       0x68 d:/stm32/gcc-arm-none-eabi-10.3-2021.10/bin/../lib/gcc/arm-none-eabi/10.3.1/../../../../arm-none-eabi/lib/thumb/v7e-m/nofp\libg.a(lib_a-fputwc.o)
                0x0800a1c4                _fputwc_r
 .text._fstat_r
                0x0800a22c       0x2c d:/stm32/gcc-arm-none-eabi-10.3-2021.10/bin/../lib/gcc/arm-none-eabi/10.3.1/../../../../arm-none-eabi/lib/thumb/v7e-m/nofp\libg.a(lib_a-fstatr.o)
                0x0800a22c                _fstat_r
 .text.__sfvwrite_r
                0x0800a258      0x2e8 d:/stm32/gcc-arm-none-eabi-10.3-2021.10/bin/../lib/gcc/arm-none-eabi/10.3.1/../../../../arm-none-eabi/lib/thumb/v7e-m/nofp\libg.a(lib_a-fvwrite.o)
                0x0800a258                __sfvwrite_r
 .text._isatty_r
                0x0800a540       0x24 d:/stm32/gcc-arm-none-eabi-10.3-2021.10/bin/../lib/gcc/arm-none-eabi/10.3.1/../../../../arm-none-eabi/lib/thumb/v7e-m/nofp\libg.a(lib_a-isattyr.o)
                0x0800a540                _isatty_r
 .text.__locale_mb_cur_max
                0x0800a564        0xc d:/stm32/gcc-arm-none-eabi-10.3-2021.10/bin/../lib/gcc/arm-none-eabi/10.3.1/../../../../arm-none-eabi/lib/thumb/v7e-m/nofp\libg.a(lib_a-locale.o)
                0x0800a564                __locale_mb_cur_max
 .text._lseek_r
                0x0800a570       0x2c d:/stm32/gcc-arm-none-eabi-10.3-2021.10/bin/../lib/gcc/arm-none-eabi/10.3.1/../../../../arm-none-eabi/lib/thumb/v7e-m/nofp\libg.a(lib_a-lseekr.o)
                0x0800a570                _lseek_r
 .text.__ascii_mbtowc
                0x0800a59c       0x2c d:/stm32/gcc-arm-none-eabi-10.3-2021.10/bin/../lib/gcc/arm-none-eabi/10.3.1/../../../../arm-none-eabi/lib/thumb/v7e-m/nofp\libg.a(lib_a-mbtowc_r.o)
                0x0800a59c                __ascii_mbtowc
 .text.memmove  0x0800a5c8       0xf8 d:/stm32/gcc-arm-none-eabi-10.3-2021.10/bin/../lib/gcc/arm-none-eabi/10.3.1/../../../../arm-none-eabi/lib/thumb/v7e-m/nofp\libg.a(lib_a-memmove.o)
                0x0800a5c8                memmove
 .text._read_r  0x0800a6c0       0x2c d:/stm32/gcc-arm-none-eabi-10.3-2021.10/bin/../lib/gcc/arm-none-eabi/10.3.1/../../../../arm-none-eabi/lib/thumb/v7e-m/nofp\libg.a(lib_a-readr.o)
                0x0800a6c0                _read_r
 .text._realloc_r
                0x0800a6ec      0x3d8 d:/stm32/gcc-arm-none-eabi-10.3-2021.10/bin/../lib/gcc/arm-none-eabi/10.3.1/../../../../arm-none-eabi/lib/thumb/v7e-m/nofp\libg.a(lib_a-reallocr.o)
                0x0800a6ec                _realloc_r
 .text.__swbuf_r
                0x0800aac4       0xb0 d:/stm32/gcc-arm-none-eabi-10.3-2021.10/bin/../lib/gcc/arm-none-eabi/10.3.1/../../../../arm-none-eabi/lib/thumb/v7e-m/nofp\libg.a(lib_a-wbuf.o)
                0x0800aac4                __swbuf_r
 .text._wcrtomb_r
                0x0800ab74       0x3c d:/stm32/gcc-arm-none-eabi-10.3-2021.10/bin/../lib/gcc/arm-none-eabi/10.3.1/../../../../arm-none-eabi/lib/thumb/v7e-m/nofp\libg.a(lib_a-wcrtomb.o)
                0x0800ab74                _wcrtomb_r
 .text.__ascii_wctomb
                0x0800abb0       0x1c d:/stm32/gcc-arm-none-eabi-10.3-2021.10/bin/../lib/gcc/arm-none-eabi/10.3.1/../../../../arm-none-eabi/lib/thumb/v7e-m/nofp\libg.a(lib_a-wctomb_r.o)
                0x0800abb0                __ascii_wctomb
 .text.abort    0x0800abcc       0x10 d:/stm32/gcc-arm-none-eabi-10.3-2021.10/bin/../lib/gcc/arm-none-eabi/10.3.1/../../../../arm-none-eabi/lib/thumb/v7e-m/nofp\libg.a(lib_a-abort.o)
                0x0800abcc                abort
 .text.raise    0x0800abdc       0x5c d:/stm32/gcc-arm-none-eabi-10.3-2021.10/bin/../lib/gcc/arm-none-eabi/10.3.1/../../../../arm-none-eabi/lib/thumb/v7e-m/nofp\libg.a(lib_a-signal.o)
                0x0800abdc                raise
 .text._kill_r  0x0800ac38       0x2c d:/stm32/gcc-arm-none-eabi-10.3-2021.10/bin/../lib/gcc/arm-none-eabi/10.3.1/../../../../arm-none-eabi/lib/thumb/v7e-m/nofp\libg.a(lib_a-signalr.o)
                0x0800ac38                _kill_r
 .text._getpid_r
                0x0800ac64        0x4 d:/stm32/gcc-arm-none-eabi-10.3-2021.10/bin/../lib/gcc/arm-none-eabi/10.3.1/../../../../arm-none-eabi/lib/thumb/v7e-m/nofp\libg.a(lib_a-signalr.o)
                0x0800ac64                _getpid_r
 *(.glue_7)
 .glue_7        0x0800ac68        0x0 linker stubs
 *(.glue_7t)
 .glue_7t       0x0800ac68        0x0 linker stubs
 *(.eh_frame)
 .eh_frame      0x0800ac68        0x0 d:/stm32/gcc-arm-none-eabi-10.3-2021.10/bin/../lib/gcc/arm-none-eabi/10.3.1/thumb/v7e-m/nofp/crtbegin.o
 *(.init)
 .init          0x0800ac68        0x4 d:/stm32/gcc-arm-none-eabi-10.3-2021.10/bin/../lib/gcc/arm-none-eabi/10.3.1/thumb/v7e-m/nofp/crti.o
                0x0800ac68                _init
 .init          0x0800ac6c        0x8 d:/stm32/gcc-arm-none-eabi-10.3-2021.10/bin/../lib/gcc/arm-none-eabi/10.3.1/thumb/v7e-m/nofp/crtn.o
 *(.fini)
 .fini          0x0800ac74        0x4 d:/stm32/gcc-arm-none-eabi-10.3-2021.10/bin/../lib/gcc/arm-none-eabi/10.3.1/thumb/v7e-m/nofp/crti.o
                0x0800ac74                _fini
 .fini          0x0800ac78        0x8 d:/stm32/gcc-arm-none-eabi-10.3-2021.10/bin/../lib/gcc/arm-none-eabi/10.3.1/thumb/v7e-m/nofp/crtn.o
                0x0800ac80                . = ALIGN (0x4)
                0x0800ac80                _etext = .

.vfp11_veneer   0x0800ac80        0x0
 .vfp11_veneer  0x0800ac80        0x0 linker stubs

.v4_bx          0x0800ac80        0x0
 .v4_bx         0x0800ac80        0x0 linker stubs

.iplt           0x0800ac80        0x0
 .iplt          0x0800ac80        0x0 d:/stm32/gcc-arm-none-eabi-10.3-2021.10/bin/../lib/gcc/arm-none-eabi/10.3.1/thumb/v7e-m/nofp/crtbegin.o

.rodata         0x0800ac80      0x540
                0x0800ac80                . = ALIGN (0x4)
 *(.rodata)
 .rodata        0x0800ac80       0x2c CMakeFiles/WB55_PWM_Pulse_Count.elf.dir/Drivers/STM32WBxx_HAL_Driver/Src/stm32wbxx_hal_rcc.c.obj
 *(.rodata*)
 .rodata.main.str1.4
                0x0800acac       0x49 CMakeFiles/WB55_PWM_Pulse_Count.elf.dir/Core/Src/main.c.obj
 *fill*         0x0800acf5        0x3 
 .rodata.AHBPrescTable
                0x0800acf8       0x40 CMakeFiles/WB55_PWM_Pulse_Count.elf.dir/Core/Src/system_stm32wbxx.c.obj
                0x0800acf8                AHBPrescTable
 .rodata.APBPrescTable
                0x0800ad38       0x20 CMakeFiles/WB55_PWM_Pulse_Count.elf.dir/Core/Src/system_stm32wbxx.c.obj
                0x0800ad38                APBPrescTable
 .rodata.MSIRangeTable
                0x0800ad58       0x40 CMakeFiles/WB55_PWM_Pulse_Count.elf.dir/Core/Src/system_stm32wbxx.c.obj
                0x0800ad58                MSIRangeTable
 .rodata.UARTPrescTable
                0x0800ad98       0x18 CMakeFiles/WB55_PWM_Pulse_Count.elf.dir/Drivers/STM32WBxx_HAL_Driver/Src/stm32wbxx_hal_uart.c.obj
                0x0800ad98                UARTPrescTable
 .rodata.denominator.0
                0x0800adb0        0x8 CMakeFiles/WB55_PWM_Pulse_Count.elf.dir/Drivers/STM32WBxx_HAL_Driver/Src/stm32wbxx_hal_uart_ex.c.obj
 .rodata.numerator.1
                0x0800adb8        0x8 CMakeFiles/WB55_PWM_Pulse_Count.elf.dir/Drivers/STM32WBxx_HAL_Driver/Src/stm32wbxx_hal_uart_ex.c.obj
 .rodata._global_impure_ptr
                0x0800adc0        0x4 d:/stm32/gcc-arm-none-eabi-10.3-2021.10/bin/../lib/gcc/arm-none-eabi/10.3.1/../../../../arm-none-eabi/lib/thumb/v7e-m/nofp\libg.a(lib_a-impure.o)
                0x0800adc0                _global_impure_ptr
 .rodata._vfprintf_r.str1.4
                0x0800adc4       0x42 d:/stm32/gcc-arm-none-eabi-10.3-2021.10/bin/../lib/gcc/arm-none-eabi/10.3.1/../../../../arm-none-eabi/lib/thumb/v7e-m/nofp\libg.a(lib_a-vfprintf.o)
 *fill*         0x0800ae06        0x2 
 .rodata.blanks.1
                0x0800ae08       0x10 d:/stm32/gcc-arm-none-eabi-10.3-2021.10/bin/../lib/gcc/arm-none-eabi/10.3.1/../../../../arm-none-eabi/lib/thumb/v7e-m/nofp\libg.a(lib_a-vfprintf.o)
 .rodata.zeroes.0
                0x0800ae18       0x10 d:/stm32/gcc-arm-none-eabi-10.3-2021.10/bin/../lib/gcc/arm-none-eabi/10.3.1/../../../../arm-none-eabi/lib/thumb/v7e-m/nofp\libg.a(lib_a-vfprintf.o)
 .rodata._dtoa_r.str1.4
                0x0800ae28       0xa2 d:/stm32/gcc-arm-none-eabi-10.3-2021.10/bin/../lib/gcc/arm-none-eabi/10.3.1/../../../../arm-none-eabi/lib/thumb/v7e-m/nofp\libg.a(lib_a-dtoa.o)
                                 0xa6 (size before relaxing)
 *fill*         0x0800aeca        0x2 
 .rodata.__multadd.str1.4
                0x0800aecc       0x7f d:/stm32/gcc-arm-none-eabi-10.3-2021.10/bin/../lib/gcc/arm-none-eabi/10.3.1/../../../../arm-none-eabi/lib/thumb/v7e-m/nofp\libg.a(lib_a-mprec.o)
                                 0x93 (size before relaxing)
 *fill*         0x0800af4b        0x5 
 .rodata.__mprec_bigtens
                0x0800af50       0x28 d:/stm32/gcc-arm-none-eabi-10.3-2021.10/bin/../lib/gcc/arm-none-eabi/10.3.1/../../../../arm-none-eabi/lib/thumb/v7e-m/nofp\libg.a(lib_a-mprec.o)
                0x0800af50                __mprec_bigtens
 .rodata.__mprec_tens
                0x0800af78       0xc8 d:/stm32/gcc-arm-none-eabi-10.3-2021.10/bin/../lib/gcc/arm-none-eabi/10.3.1/../../../../arm-none-eabi/lib/thumb/v7e-m/nofp\libg.a(lib_a-mprec.o)
                0x0800af78                __mprec_tens
 .rodata.p05.0  0x0800b040        0xc d:/stm32/gcc-arm-none-eabi-10.3-2021.10/bin/../lib/gcc/arm-none-eabi/10.3.1/../../../../arm-none-eabi/lib/thumb/v7e-m/nofp\libg.a(lib_a-mprec.o)
 .rodata._vfiprintf_r.str1.4
                0x0800b04c       0x2f d:/stm32/gcc-arm-none-eabi-10.3-2021.10/bin/../lib/gcc/arm-none-eabi/10.3.1/../../../../arm-none-eabi/lib/thumb/v7e-m/nofp\libg.a(lib_a-vfiprintf.o)
 .rodata.blanks.1
                0x0800b04c       0x10 d:/stm32/gcc-arm-none-eabi-10.3-2021.10/bin/../lib/gcc/arm-none-eabi/10.3.1/../../../../arm-none-eabi/lib/thumb/v7e-m/nofp\libg.a(lib_a-vfiprintf.o)
 .rodata.zeroes.0
                0x0800b05c       0x10 d:/stm32/gcc-arm-none-eabi-10.3-2021.10/bin/../lib/gcc/arm-none-eabi/10.3.1/../../../../arm-none-eabi/lib/thumb/v7e-m/nofp\libg.a(lib_a-vfiprintf.o)
 .rodata.__assert_func.str1.4
                0x0800b06c       0x3f d:/stm32/gcc-arm-none-eabi-10.3-2021.10/bin/../lib/gcc/arm-none-eabi/10.3.1/../../../../arm-none-eabi/lib/thumb/v7e-m/nofp\libg.a(lib_a-assert.o)
                                 0x43 (size before relaxing)
 *fill*         0x0800b0ab        0x1 
 .rodata._setlocale_r.str1.4
                0x0800b0ac        0xa d:/stm32/gcc-arm-none-eabi-10.3-2021.10/bin/../lib/gcc/arm-none-eabi/10.3.1/../../../../arm-none-eabi/lib/thumb/v7e-m/nofp\libg.a(lib_a-locale.o)
                                  0xd (size before relaxing)
 *fill*         0x0800b0b6        0x2 
 .rodata.str1.4
                0x0800b0b8        0x2 d:/stm32/gcc-arm-none-eabi-10.3-2021.10/bin/../lib/gcc/arm-none-eabi/10.3.1/../../../../arm-none-eabi/lib/thumb/v7e-m/nofp\libg.a(lib_a-locale.o)
 *fill*         0x0800b0ba        0x2 
 .rodata._ctype_
                0x0800b0bc      0x101 d:/stm32/gcc-arm-none-eabi-10.3-2021.10/bin/../lib/gcc/arm-none-eabi/10.3.1/../../../../arm-none-eabi/lib/thumb/v7e-m/nofp\libg.a(lib_a-ctype_.o)
                0x0800b0bc                _ctype_
                0x0800b1c0                . = ALIGN (0x4)
 *fill*         0x0800b1bd        0x3 

.ARM.extab
 *(.ARM.extab* .gnu.linkonce.armextab.*)

.ARM            0x0800b1c0        0x8
                0x0800b1c0                __exidx_start = .
 *(.ARM.exidx*)
 .ARM.exidx     0x0800b1c0        0x8 d:/stm32/gcc-arm-none-eabi-10.3-2021.10/bin/../lib/gcc/arm-none-eabi/10.3.1/thumb/v7e-m/nofp\libgcc.a(_udivmoddi4.o)
                0x0800b1c8                __exidx_end = .

.rel.dyn        0x0800b1c8        0x0
 .rel.iplt      0x0800b1c8        0x0 d:/stm32/gcc-arm-none-eabi-10.3-2021.10/bin/../lib/gcc/arm-none-eabi/10.3.1/thumb/v7e-m/nofp/crtbegin.o

.preinit_array  0x0800b1c8        0x0
                0x0800b1c8                PROVIDE (__preinit_array_start = .)
 *(.preinit_array*)
                0x0800b1c8                PROVIDE (__preinit_array_end = .)

.init_array     0x0800b1c8        0x8
                0x0800b1c8                PROVIDE (__init_array_start = .)
 *(SORT_BY_NAME(.init_array.*))
 .init_array.00000
                0x0800b1c8        0x4 d:/stm32/gcc-arm-none-eabi-10.3-2021.10/bin/../lib/gcc/arm-none-eabi/10.3.1/../../../../arm-none-eabi/lib/thumb/v7e-m/nofp\libg.a(lib_a-__call_atexit.o)
 *(.init_array*)
 .init_array    0x0800b1cc        0x4 d:/stm32/gcc-arm-none-eabi-10.3-2021.10/bin/../lib/gcc/arm-none-eabi/10.3.1/thumb/v7e-m/nofp/crtbegin.o
                0x0800b1d0                PROVIDE (__init_array_end = .)

.fini_array     0x0800b1d0        0x4
                0x0800b1d0                PROVIDE (__fini_array_start = .)
 *(SORT_BY_NAME(.fini_array.*))
 *(.fini_array*)
 .fini_array    0x0800b1d0        0x4 d:/stm32/gcc-arm-none-eabi-10.3-2021.10/bin/../lib/gcc/arm-none-eabi/10.3.1/thumb/v7e-m/nofp/crtbegin.o
                0x0800b1d4                PROVIDE (__fini_array_end = .)
                0x0800b1d4                _sidata = LOADADDR (.data)

.data           0x20000008      0x9b8 load address 0x0800b1d4
                0x20000008                . = ALIGN (0x4)
                0x20000008                _sdata = .
 *(.data)
 *(.data*)
 .data.SystemCoreClock
                0x20000008        0x4 CMakeFiles/WB55_PWM_Pulse_Count.elf.dir/Core/Src/system_stm32wbxx.c.obj
                0x20000008                SystemCoreClock
 .data.uwTickFreq
                0x2000000c        0x1 CMakeFiles/WB55_PWM_Pulse_Count.elf.dir/Drivers/STM32WBxx_HAL_Driver/Src/stm32wbxx_hal.c.obj
                0x2000000c                uwTickFreq
 *fill*         0x2000000d        0x3 
 .data.uwTickPrio
                0x20000010        0x4 CMakeFiles/WB55_PWM_Pulse_Count.elf.dir/Drivers/STM32WBxx_HAL_Driver/Src/stm32wbxx_hal.c.obj
                0x20000010                uwTickPrio
 .data._impure_ptr
                0x20000014        0x4 d:/stm32/gcc-arm-none-eabi-10.3-2021.10/bin/../lib/gcc/arm-none-eabi/10.3.1/../../../../arm-none-eabi/lib/thumb/v7e-m/nofp\libg.a(lib_a-impure.o)
                0x20000014                _impure_ptr
 .data.impure_data
                0x20000018      0x428 d:/stm32/gcc-arm-none-eabi-10.3-2021.10/bin/../lib/gcc/arm-none-eabi/10.3.1/../../../../arm-none-eabi/lib/thumb/v7e-m/nofp\libg.a(lib_a-impure.o)
 .data.__atexit_recursive_mutex
                0x20000440        0x4 d:/stm32/gcc-arm-none-eabi-10.3-2021.10/bin/../lib/gcc/arm-none-eabi/10.3.1/../../../../arm-none-eabi/lib/thumb/v7e-m/nofp\libg.a(lib_a-__call_atexit.o)
                0x20000440                __atexit_recursive_mutex
 .data.__malloc_av_
                0x20000444      0x408 d:/stm32/gcc-arm-none-eabi-10.3-2021.10/bin/../lib/gcc/arm-none-eabi/10.3.1/../../../../arm-none-eabi/lib/thumb/v7e-m/nofp\libg.a(lib_a-mallocr.o)
                0x20000444                __malloc_av_
 .data.__malloc_sbrk_base
                0x2000084c        0x4 d:/stm32/gcc-arm-none-eabi-10.3-2021.10/bin/../lib/gcc/arm-none-eabi/10.3.1/../../../../arm-none-eabi/lib/thumb/v7e-m/nofp\libg.a(lib_a-mallocr.o)
                0x2000084c                __malloc_sbrk_base
 .data.__malloc_trim_threshold
                0x20000850        0x4 d:/stm32/gcc-arm-none-eabi-10.3-2021.10/bin/../lib/gcc/arm-none-eabi/10.3.1/../../../../arm-none-eabi/lib/thumb/v7e-m/nofp\libg.a(lib_a-mallocr.o)
                0x20000850                __malloc_trim_threshold
 .data.__global_locale
                0x20000854      0x16c d:/stm32/gcc-arm-none-eabi-10.3-2021.10/bin/../lib/gcc/arm-none-eabi/10.3.1/../../../../arm-none-eabi/lib/thumb/v7e-m/nofp\libg.a(lib_a-locale.o)
                0x20000854                __global_locale
 *(.RamFunc)
 *(.RamFunc*)
                0x200009c0                . = ALIGN (0x4)
                0x200009c0                _edata = .

.igot.plt       0x200009c0        0x0 load address 0x0800bb8c
 .igot.plt      0x200009c0        0x0 d:/stm32/gcc-arm-none-eabi-10.3-2021.10/bin/../lib/gcc/arm-none-eabi/10.3.1/thumb/v7e-m/nofp/crtbegin.o
                0x200009c0                . = ALIGN (0x4)

.bss            0x200009c0      0x52c load address 0x0800bb8c
                0x200009c0                _sbss = .
                0x200009c0                __bss_start__ = _sbss
 *(.bss)
 .bss           0x200009c0       0x1c d:/stm32/gcc-arm-none-eabi-10.3-2021.10/bin/../lib/gcc/arm-none-eabi/10.3.1/thumb/v7e-m/nofp/crtbegin.o
 *(.bss*)
 .bss.gHuart    0x200009dc        0x4 CMakeFiles/WB55_PWM_Pulse_Count.elf.dir/Core/Src/retarget.c.obj
                0x200009dc                gHuart
 .bss.DutyCycle
                0x200009e0        0x4 CMakeFiles/WB55_PWM_Pulse_Count.elf.dir/Core/Src/stm32wbxx_it.c.obj
                0x200009e0                DutyCycle
 .bss.Frequency
                0x200009e4        0x4 CMakeFiles/WB55_PWM_Pulse_Count.elf.dir/Core/Src/stm32wbxx_it.c.obj
                0x200009e4                Frequency
 .bss.IC1Value  0x200009e8        0x4 CMakeFiles/WB55_PWM_Pulse_Count.elf.dir/Core/Src/stm32wbxx_it.c.obj
                0x200009e8                IC1Value
 .bss.IC2Value  0x200009ec        0x4 CMakeFiles/WB55_PWM_Pulse_Count.elf.dir/Core/Src/stm32wbxx_it.c.obj
                0x200009ec                IC2Value
 .bss.__sbrk_heap_end
                0x200009f0        0x4 CMakeFiles/WB55_PWM_Pulse_Count.elf.dir/Core/Src/sysmem.c.obj
 .bss.htim1     0x200009f4       0x4c CMakeFiles/WB55_PWM_Pulse_Count.elf.dir/Core/Src/tim.c.obj
                0x200009f4                htim1
 .bss.htim2     0x20000a40       0x4c CMakeFiles/WB55_PWM_Pulse_Count.elf.dir/Core/Src/tim.c.obj
                0x20000a40                htim2
 .bss.hlpuart1  0x20000a8c       0x90 CMakeFiles/WB55_PWM_Pulse_Count.elf.dir/Core/Src/usart.c.obj
                0x20000a8c                hlpuart1
 .bss.huart1    0x20000b1c       0x90 CMakeFiles/WB55_PWM_Pulse_Count.elf.dir/Core/Src/usart.c.obj
                0x20000b1c                huart1
 .bss.hpcd_USB_FS
                0x20000bac      0x2f4 CMakeFiles/WB55_PWM_Pulse_Count.elf.dir/Core/Src/usb.c.obj
                0x20000bac                hpcd_USB_FS
 .bss.uwTick    0x20000ea0        0x4 CMakeFiles/WB55_PWM_Pulse_Count.elf.dir/Drivers/STM32WBxx_HAL_Driver/Src/stm32wbxx_hal.c.obj
                0x20000ea0                uwTick
 .bss.__lock___atexit_recursive_mutex
                0x20000ea4        0x1 d:/stm32/gcc-arm-none-eabi-10.3-2021.10/bin/../lib/gcc/arm-none-eabi/10.3.1/../../../../arm-none-eabi/lib/thumb/v7e-m/nofp\libg.a(lib_a-lock.o)
                0x20000ea4                __lock___atexit_recursive_mutex
 *fill*         0x20000ea5        0x3 
 .bss.__lock___malloc_recursive_mutex
                0x20000ea8        0x1 d:/stm32/gcc-arm-none-eabi-10.3-2021.10/bin/../lib/gcc/arm-none-eabi/10.3.1/../../../../arm-none-eabi/lib/thumb/v7e-m/nofp\libg.a(lib_a-lock.o)
                0x20000ea8                __lock___malloc_recursive_mutex
 *fill*         0x20000ea9        0x3 
 .bss.__lock___sfp_recursive_mutex
                0x20000eac        0x1 d:/stm32/gcc-arm-none-eabi-10.3-2021.10/bin/../lib/gcc/arm-none-eabi/10.3.1/../../../../arm-none-eabi/lib/thumb/v7e-m/nofp\libg.a(lib_a-lock.o)
                0x20000eac                __lock___sfp_recursive_mutex
 *fill*         0x20000ead        0x3 
 .bss.__lock___sinit_recursive_mutex
                0x20000eb0        0x1 d:/stm32/gcc-arm-none-eabi-10.3-2021.10/bin/../lib/gcc/arm-none-eabi/10.3.1/../../../../arm-none-eabi/lib/thumb/v7e-m/nofp\libg.a(lib_a-lock.o)
                0x20000eb0                __lock___sinit_recursive_mutex
 *fill*         0x20000eb1        0x3 
 .bss.__malloc_current_mallinfo
                0x20000eb4       0x28 d:/stm32/gcc-arm-none-eabi-10.3-2021.10/bin/../lib/gcc/arm-none-eabi/10.3.1/../../../../arm-none-eabi/lib/thumb/v7e-m/nofp\libg.a(lib_a-mallocr.o)
                0x20000eb4                __malloc_current_mallinfo
 .bss.__malloc_max_sbrked_mem
                0x20000edc        0x4 d:/stm32/gcc-arm-none-eabi-10.3-2021.10/bin/../lib/gcc/arm-none-eabi/10.3.1/../../../../arm-none-eabi/lib/thumb/v7e-m/nofp\libg.a(lib_a-mallocr.o)
                0x20000edc                __malloc_max_sbrked_mem
 .bss.__malloc_max_total_mem
                0x20000ee0        0x4 d:/stm32/gcc-arm-none-eabi-10.3-2021.10/bin/../lib/gcc/arm-none-eabi/10.3.1/../../../../arm-none-eabi/lib/thumb/v7e-m/nofp\libg.a(lib_a-mallocr.o)
                0x20000ee0                __malloc_max_total_mem
 .bss.__malloc_top_pad
                0x20000ee4        0x4 d:/stm32/gcc-arm-none-eabi-10.3-2021.10/bin/../lib/gcc/arm-none-eabi/10.3.1/../../../../arm-none-eabi/lib/thumb/v7e-m/nofp\libg.a(lib_a-mallocr.o)
                0x20000ee4                __malloc_top_pad
 .bss.errno     0x20000ee8        0x4 d:/stm32/gcc-arm-none-eabi-10.3-2021.10/bin/../lib/gcc/arm-none-eabi/10.3.1/../../../../arm-none-eabi/lib/thumb/v7e-m/nofp\libg.a(lib_a-reent.o)
                0x20000ee8                errno
 *(COMMON)
                0x20000eec                . = ALIGN (0x4)
                0x20000eec                _ebss = .
                0x20000eec                __bss_end__ = _ebss

._user_heap_stack
                0x20000eec      0x604 load address 0x0800bb8c
                0x20000ef0                . = ALIGN (0x8)
 *fill*         0x20000eec        0x4 
                [!provide]                PROVIDE (end = .)
                0x20000ef0                PROVIDE (_end = .)
                0x200010f0                . = (. + _Min_Heap_Size)
 *fill*         0x20000ef0      0x200 
                0x200014f0                . = (. + _Min_Stack_Size)
 *fill*         0x200010f0      0x400 
                0x200014f0                . = ALIGN (0x8)

/DISCARD/
 libc.a(*)
 libm.a(*)
 libgcc.a(*)

.ARM.attributes
                0x00000000       0x2a
 *(.ARM.attributes)
 .ARM.attributes
                0x00000000       0x1e d:/stm32/gcc-arm-none-eabi-10.3-2021.10/bin/../lib/gcc/arm-none-eabi/10.3.1/thumb/v7e-m/nofp/crti.o
 .ARM.attributes
                0x0000001e       0x2e d:/stm32/gcc-arm-none-eabi-10.3-2021.10/bin/../lib/gcc/arm-none-eabi/10.3.1/thumb/v7e-m/nofp/crtbegin.o
 .ARM.attributes
                0x0000004c       0x2e CMakeFiles/WB55_PWM_Pulse_Count.elf.dir/Core/Src/gpio.c.obj
 .ARM.attributes
                0x0000007a       0x2e CMakeFiles/WB55_PWM_Pulse_Count.elf.dir/Core/Src/main.c.obj
 .ARM.attributes
                0x000000a8       0x2e CMakeFiles/WB55_PWM_Pulse_Count.elf.dir/Core/Src/retarget.c.obj
 .ARM.attributes
                0x000000d6       0x2e CMakeFiles/WB55_PWM_Pulse_Count.elf.dir/Core/Src/stm32wbxx_hal_msp.c.obj
 .ARM.attributes
                0x00000104       0x2e CMakeFiles/WB55_PWM_Pulse_Count.elf.dir/Core/Src/stm32wbxx_it.c.obj
 .ARM.attributes
                0x00000132       0x2e CMakeFiles/WB55_PWM_Pulse_Count.elf.dir/Core/Src/syscalls.c.obj
 .ARM.attributes
                0x00000160       0x2e CMakeFiles/WB55_PWM_Pulse_Count.elf.dir/Core/Src/sysmem.c.obj
 .ARM.attributes
                0x0000018e       0x2e CMakeFiles/WB55_PWM_Pulse_Count.elf.dir/Core/Src/system_stm32wbxx.c.obj
 .ARM.attributes
                0x000001bc       0x2e CMakeFiles/WB55_PWM_Pulse_Count.elf.dir/Core/Src/tim.c.obj
 .ARM.attributes
                0x000001ea       0x2e CMakeFiles/WB55_PWM_Pulse_Count.elf.dir/Core/Src/usart.c.obj
 .ARM.attributes
                0x00000218       0x2e CMakeFiles/WB55_PWM_Pulse_Count.elf.dir/Core/Src/usb.c.obj
 .ARM.attributes
                0x00000246       0x21 CMakeFiles/WB55_PWM_Pulse_Count.elf.dir/Core/Startup/startup_stm32wb55rgvx.s.obj
 .ARM.attributes
                0x00000267       0x2e CMakeFiles/WB55_PWM_Pulse_Count.elf.dir/Drivers/STM32WBxx_HAL_Driver/Src/stm32wbxx_hal.c.obj
 .ARM.attributes
                0x00000295       0x2e CMakeFiles/WB55_PWM_Pulse_Count.elf.dir/Drivers/STM32WBxx_HAL_Driver/Src/stm32wbxx_hal_cortex.c.obj
 .ARM.attributes
                0x000002c3       0x2e CMakeFiles/WB55_PWM_Pulse_Count.elf.dir/Drivers/STM32WBxx_HAL_Driver/Src/stm32wbxx_hal_gpio.c.obj
 .ARM.attributes
                0x000002f1       0x2e CMakeFiles/WB55_PWM_Pulse_Count.elf.dir/Drivers/STM32WBxx_HAL_Driver/Src/stm32wbxx_hal_pcd.c.obj
 .ARM.attributes
                0x0000031f       0x2e CMakeFiles/WB55_PWM_Pulse_Count.elf.dir/Drivers/STM32WBxx_HAL_Driver/Src/stm32wbxx_hal_pcd_ex.c.obj
 .ARM.attributes
                0x0000034d       0x2e CMakeFiles/WB55_PWM_Pulse_Count.elf.dir/Drivers/STM32WBxx_HAL_Driver/Src/stm32wbxx_hal_pwr.c.obj
 .ARM.attributes
                0x0000037b       0x2e CMakeFiles/WB55_PWM_Pulse_Count.elf.dir/Drivers/STM32WBxx_HAL_Driver/Src/stm32wbxx_hal_pwr_ex.c.obj
 .ARM.attributes
                0x000003a9       0x2e CMakeFiles/WB55_PWM_Pulse_Count.elf.dir/Drivers/STM32WBxx_HAL_Driver/Src/stm32wbxx_hal_rcc.c.obj
 .ARM.attributes
                0x000003d7       0x2e CMakeFiles/WB55_PWM_Pulse_Count.elf.dir/Drivers/STM32WBxx_HAL_Driver/Src/stm32wbxx_hal_rcc_ex.c.obj
 .ARM.attributes
                0x00000405       0x2e CMakeFiles/WB55_PWM_Pulse_Count.elf.dir/Drivers/STM32WBxx_HAL_Driver/Src/stm32wbxx_hal_tim.c.obj
 .ARM.attributes
                0x00000433       0x2e CMakeFiles/WB55_PWM_Pulse_Count.elf.dir/Drivers/STM32WBxx_HAL_Driver/Src/stm32wbxx_hal_tim_ex.c.obj
 .ARM.attributes
                0x00000461       0x2e CMakeFiles/WB55_PWM_Pulse_Count.elf.dir/Drivers/STM32WBxx_HAL_Driver/Src/stm32wbxx_hal_uart.c.obj
 .ARM.attributes
                0x0000048f       0x2e CMakeFiles/WB55_PWM_Pulse_Count.elf.dir/Drivers/STM32WBxx_HAL_Driver/Src/stm32wbxx_hal_uart_ex.c.obj
 .ARM.attributes
                0x000004bd       0x2e CMakeFiles/WB55_PWM_Pulse_Count.elf.dir/Drivers/STM32WBxx_HAL_Driver/Src/stm32wbxx_ll_usb.c.obj
 .ARM.attributes
                0x000004eb       0x1e d:/stm32/gcc-arm-none-eabi-10.3-2021.10/bin/../lib/gcc/arm-none-eabi/10.3.1/thumb/v7e-m/nofp\libgcc.a(_arm_addsubdf3.o)
 .ARM.attributes
                0x00000509       0x1e d:/stm32/gcc-arm-none-eabi-10.3-2021.10/bin/../lib/gcc/arm-none-eabi/10.3.1/thumb/v7e-m/nofp\libgcc.a(_arm_addsubsf3.o)
 .ARM.attributes
                0x00000527       0x1e d:/stm32/gcc-arm-none-eabi-10.3-2021.10/bin/../lib/gcc/arm-none-eabi/10.3.1/thumb/v7e-m/nofp\libgcc.a(_arm_muldivsf3.o)
 .ARM.attributes
                0x00000545       0x1e d:/stm32/gcc-arm-none-eabi-10.3-2021.10/bin/../lib/gcc/arm-none-eabi/10.3.1/thumb/v7e-m/nofp\libgcc.a(_aeabi_uldivmod.o)
 .ARM.attributes
                0x00000563       0x2e d:/stm32/gcc-arm-none-eabi-10.3-2021.10/bin/../lib/gcc/arm-none-eabi/10.3.1/thumb/v7e-m/nofp\libgcc.a(_udivmoddi4.o)
 .ARM.attributes
                0x00000591       0x1e d:/stm32/gcc-arm-none-eabi-10.3-2021.10/bin/../lib/gcc/arm-none-eabi/10.3.1/thumb/v7e-m/nofp\libgcc.a(_dvmd_tls.o)
 .ARM.attributes
                0x000005af       0x2e d:/stm32/gcc-arm-none-eabi-10.3-2021.10/bin/../lib/gcc/arm-none-eabi/10.3.1/../../../../arm-none-eabi/lib/thumb/v7e-m/nofp\libg.a(lib_a-errno.o)
 .ARM.attributes
                0x000005dd       0x2e d:/stm32/gcc-arm-none-eabi-10.3-2021.10/bin/../lib/gcc/arm-none-eabi/10.3.1/../../../../arm-none-eabi/lib/thumb/v7e-m/nofp\libg.a(lib_a-impure.o)
 .ARM.attributes
                0x0000060b       0x2e d:/stm32/gcc-arm-none-eabi-10.3-2021.10/bin/../lib/gcc/arm-none-eabi/10.3.1/../../../../arm-none-eabi/lib/thumb/v7e-m/nofp\libg.a(lib_a-init.o)
 .ARM.attributes
                0x00000639       0x2e d:/stm32/gcc-arm-none-eabi-10.3-2021.10/bin/../lib/gcc/arm-none-eabi/10.3.1/../../../../arm-none-eabi/lib/thumb/v7e-m/nofp\libg.a(lib_a-memset.o)
 .ARM.attributes
                0x00000667       0x2e d:/stm32/gcc-arm-none-eabi-10.3-2021.10/bin/../lib/gcc/arm-none-eabi/10.3.1/../../../../arm-none-eabi/lib/thumb/v7e-m/nofp\libg.a(lib_a-printf.o)
 .ARM.attributes
                0x00000695       0x2e d:/stm32/gcc-arm-none-eabi-10.3-2021.10/bin/../lib/gcc/arm-none-eabi/10.3.1/../../../../arm-none-eabi/lib/thumb/v7e-m/nofp\libg.a(lib_a-setvbuf.o)
 .ARM.attributes
                0x000006c3       0x2e d:/stm32/gcc-arm-none-eabi-10.3-2021.10/bin/../lib/gcc/arm-none-eabi/10.3.1/../../../../arm-none-eabi/lib/thumb/v7e-m/nofp\libg.a(lib_a-vfprintf.o)
 .ARM.attributes
                0x000006f1       0x2e d:/stm32/gcc-arm-none-eabi-10.3-2021.10/bin/../lib/gcc/arm-none-eabi/10.3.1/../../../../arm-none-eabi/lib/thumb/v7e-m/nofp\libg.a(lib_a-wsetup.o)
 .ARM.attributes
                0x0000071f       0x2e d:/stm32/gcc-arm-none-eabi-10.3-2021.10/bin/../lib/gcc/arm-none-eabi/10.3.1/../../../../arm-none-eabi/lib/thumb/v7e-m/nofp\libg.a(lib_a-__call_atexit.o)
 .ARM.attributes
                0x0000074d       0x2e d:/stm32/gcc-arm-none-eabi-10.3-2021.10/bin/../lib/gcc/arm-none-eabi/10.3.1/../../../../arm-none-eabi/lib/thumb/v7e-m/nofp\libg.a(lib_a-atexit.o)
 .ARM.attributes
                0x0000077b       0x2e d:/stm32/gcc-arm-none-eabi-10.3-2021.10/bin/../lib/gcc/arm-none-eabi/10.3.1/../../../../arm-none-eabi/lib/thumb/v7e-m/nofp\libg.a(lib_a-dtoa.o)
 .ARM.attributes
                0x000007a9       0x2e d:/stm32/gcc-arm-none-eabi-10.3-2021.10/bin/../lib/gcc/arm-none-eabi/10.3.1/../../../../arm-none-eabi/lib/thumb/v7e-m/nofp\libg.a(lib_a-fflush.o)
 .ARM.attributes
                0x000007d7       0x2e d:/stm32/gcc-arm-none-eabi-10.3-2021.10/bin/../lib/gcc/arm-none-eabi/10.3.1/../../../../arm-none-eabi/lib/thumb/v7e-m/nofp\libg.a(lib_a-findfp.o)
 .ARM.attributes
                0x00000805       0x2e d:/stm32/gcc-arm-none-eabi-10.3-2021.10/bin/../lib/gcc/arm-none-eabi/10.3.1/../../../../arm-none-eabi/lib/thumb/v7e-m/nofp\libg.a(lib_a-fini.o)
 .ARM.attributes
                0x00000833       0x2e d:/stm32/gcc-arm-none-eabi-10.3-2021.10/bin/../lib/gcc/arm-none-eabi/10.3.1/../../../../arm-none-eabi/lib/thumb/v7e-m/nofp\libg.a(lib_a-freer.o)
 .ARM.attributes
                0x00000861       0x2e d:/stm32/gcc-arm-none-eabi-10.3-2021.10/bin/../lib/gcc/arm-none-eabi/10.3.1/../../../../arm-none-eabi/lib/thumb/v7e-m/nofp\libg.a(lib_a-fwalk.o)
 .ARM.attributes
                0x0000088f       0x2e d:/stm32/gcc-arm-none-eabi-10.3-2021.10/bin/../lib/gcc/arm-none-eabi/10.3.1/../../../../arm-none-eabi/lib/thumb/v7e-m/nofp\libg.a(lib_a-localeconv.o)
 .ARM.attributes
                0x000008bd       0x2e d:/stm32/gcc-arm-none-eabi-10.3-2021.10/bin/../lib/gcc/arm-none-eabi/10.3.1/../../../../arm-none-eabi/lib/thumb/v7e-m/nofp\libg.a(lib_a-lock.o)
 .ARM.attributes
                0x000008eb       0x2e d:/stm32/gcc-arm-none-eabi-10.3-2021.10/bin/../lib/gcc/arm-none-eabi/10.3.1/../../../../arm-none-eabi/lib/thumb/v7e-m/nofp\libg.a(lib_a-makebuf.o)
 .ARM.attributes
                0x00000919       0x2e d:/stm32/gcc-arm-none-eabi-10.3-2021.10/bin/../lib/gcc/arm-none-eabi/10.3.1/../../../../arm-none-eabi/lib/thumb/v7e-m/nofp\libg.a(lib_a-malloc.o)
 .ARM.attributes
                0x00000947       0x2e d:/stm32/gcc-arm-none-eabi-10.3-2021.10/bin/../lib/gcc/arm-none-eabi/10.3.1/../../../../arm-none-eabi/lib/thumb/v7e-m/nofp\libg.a(lib_a-mallocr.o)
 .ARM.attributes
                0x00000975       0x1c d:/stm32/gcc-arm-none-eabi-10.3-2021.10/bin/../lib/gcc/arm-none-eabi/10.3.1/../../../../arm-none-eabi/lib/thumb/v7e-m/nofp\libg.a(lib_a-memchr.o)
 .ARM.attributes
                0x00000991       0x1c d:/stm32/gcc-arm-none-eabi-10.3-2021.10/bin/../lib/gcc/arm-none-eabi/10.3.1/../../../../arm-none-eabi/lib/thumb/v7e-m/nofp\libg.a(lib_a-memcpy.o)
 .ARM.attributes
                0x000009ad       0x2e d:/stm32/gcc-arm-none-eabi-10.3-2021.10/bin/../lib/gcc/arm-none-eabi/10.3.1/../../../../arm-none-eabi/lib/thumb/v7e-m/nofp\libg.a(lib_a-mlock.o)
 .ARM.attributes
                0x000009db       0x2e d:/stm32/gcc-arm-none-eabi-10.3-2021.10/bin/../lib/gcc/arm-none-eabi/10.3.1/../../../../arm-none-eabi/lib/thumb/v7e-m/nofp\libg.a(lib_a-mprec.o)
 .ARM.attributes
                0x00000a09       0x2e d:/stm32/gcc-arm-none-eabi-10.3-2021.10/bin/../lib/gcc/arm-none-eabi/10.3.1/../../../../arm-none-eabi/lib/thumb/v7e-m/nofp\libg.a(lib_a-s_frexp.o)
 .ARM.attributes
                0x00000a37       0x2e d:/stm32/gcc-arm-none-eabi-10.3-2021.10/bin/../lib/gcc/arm-none-eabi/10.3.1/../../../../arm-none-eabi/lib/thumb/v7e-m/nofp\libg.a(lib_a-sbrkr.o)
 .ARM.attributes
                0x00000a65       0x2e d:/stm32/gcc-arm-none-eabi-10.3-2021.10/bin/../lib/gcc/arm-none-eabi/10.3.1/../../../../arm-none-eabi/lib/thumb/v7e-m/nofp\libg.a(lib_a-stdio.o)
 .ARM.attributes
                0x00000a93       0x1c d:/stm32/gcc-arm-none-eabi-10.3-2021.10/bin/../lib/gcc/arm-none-eabi/10.3.1/../../../../arm-none-eabi/lib/thumb/v7e-m/nofp\libg.a(lib_a-strlen.o)
 .ARM.attributes
                0x00000aaf       0x2e d:/stm32/gcc-arm-none-eabi-10.3-2021.10/bin/../lib/gcc/arm-none-eabi/10.3.1/../../../../arm-none-eabi/lib/thumb/v7e-m/nofp\libg.a(lib_a-strncpy.o)
 .ARM.attributes
                0x00000add       0x2e d:/stm32/gcc-arm-none-eabi-10.3-2021.10/bin/../lib/gcc/arm-none-eabi/10.3.1/../../../../arm-none-eabi/lib/thumb/v7e-m/nofp\libg.a(lib_a-vfiprintf.o)
 .ARM.attributes
                0x00000b0b       0x2e d:/stm32/gcc-arm-none-eabi-10.3-2021.10/bin/../lib/gcc/arm-none-eabi/10.3.1/../../../../arm-none-eabi/lib/thumb/v7e-m/nofp\libg.a(lib_a-writer.o)
 .ARM.attributes
                0x00000b39       0x2e d:/stm32/gcc-arm-none-eabi-10.3-2021.10/bin/../lib/gcc/arm-none-eabi/10.3.1/../../../../arm-none-eabi/lib/thumb/v7e-m/nofp\libg.a(lib_a-__atexit.o)
 .ARM.attributes
                0x00000b67       0x2e d:/stm32/gcc-arm-none-eabi-10.3-2021.10/bin/../lib/gcc/arm-none-eabi/10.3.1/../../../../arm-none-eabi/lib/thumb/v7e-m/nofp\libg.a(lib_a-assert.o)
 .ARM.attributes
                0x00000b95       0x2e d:/stm32/gcc-arm-none-eabi-10.3-2021.10/bin/../lib/gcc/arm-none-eabi/10.3.1/../../../../arm-none-eabi/lib/thumb/v7e-m/nofp\libg.a(lib_a-callocr.o)
 .ARM.attributes
                0x00000bc3       0x2e d:/stm32/gcc-arm-none-eabi-10.3-2021.10/bin/../lib/gcc/arm-none-eabi/10.3.1/../../../../arm-none-eabi/lib/thumb/v7e-m/nofp\libg.a(lib_a-closer.o)
 .ARM.attributes
                0x00000bf1       0x2e d:/stm32/gcc-arm-none-eabi-10.3-2021.10/bin/../lib/gcc/arm-none-eabi/10.3.1/../../../../arm-none-eabi/lib/thumb/v7e-m/nofp\libg.a(lib_a-fclose.o)
 .ARM.attributes
                0x00000c1f       0x2e d:/stm32/gcc-arm-none-eabi-10.3-2021.10/bin/../lib/gcc/arm-none-eabi/10.3.1/../../../../arm-none-eabi/lib/thumb/v7e-m/nofp\libg.a(lib_a-fiprintf.o)
 .ARM.attributes
                0x00000c4d       0x2e d:/stm32/gcc-arm-none-eabi-10.3-2021.10/bin/../lib/gcc/arm-none-eabi/10.3.1/../../../../arm-none-eabi/lib/thumb/v7e-m/nofp\libg.a(lib_a-fputwc.o)
 .ARM.attributes
                0x00000c7b       0x2e d:/stm32/gcc-arm-none-eabi-10.3-2021.10/bin/../lib/gcc/arm-none-eabi/10.3.1/../../../../arm-none-eabi/lib/thumb/v7e-m/nofp\libg.a(lib_a-fstatr.o)
 .ARM.attributes
                0x00000ca9       0x2e d:/stm32/gcc-arm-none-eabi-10.3-2021.10/bin/../lib/gcc/arm-none-eabi/10.3.1/../../../../arm-none-eabi/lib/thumb/v7e-m/nofp\libg.a(lib_a-fvwrite.o)
 .ARM.attributes
                0x00000cd7       0x2e d:/stm32/gcc-arm-none-eabi-10.3-2021.10/bin/../lib/gcc/arm-none-eabi/10.3.1/../../../../arm-none-eabi/lib/thumb/v7e-m/nofp\libg.a(lib_a-isattyr.o)
 .ARM.attributes
                0x00000d05       0x2e d:/stm32/gcc-arm-none-eabi-10.3-2021.10/bin/../lib/gcc/arm-none-eabi/10.3.1/../../../../arm-none-eabi/lib/thumb/v7e-m/nofp\libg.a(lib_a-locale.o)
 .ARM.attributes
                0x00000d33       0x2e d:/stm32/gcc-arm-none-eabi-10.3-2021.10/bin/../lib/gcc/arm-none-eabi/10.3.1/../../../../arm-none-eabi/lib/thumb/v7e-m/nofp\libg.a(lib_a-lseekr.o)
 .ARM.attributes
                0x00000d61       0x2e d:/stm32/gcc-arm-none-eabi-10.3-2021.10/bin/../lib/gcc/arm-none-eabi/10.3.1/../../../../arm-none-eabi/lib/thumb/v7e-m/nofp\libg.a(lib_a-mbtowc_r.o)
 .ARM.attributes
                0x00000d8f       0x2e d:/stm32/gcc-arm-none-eabi-10.3-2021.10/bin/../lib/gcc/arm-none-eabi/10.3.1/../../../../arm-none-eabi/lib/thumb/v7e-m/nofp\libg.a(lib_a-memmove.o)
 .ARM.attributes
                0x00000dbd       0x2e d:/stm32/gcc-arm-none-eabi-10.3-2021.10/bin/../lib/gcc/arm-none-eabi/10.3.1/../../../../arm-none-eabi/lib/thumb/v7e-m/nofp\libg.a(lib_a-readr.o)
 .ARM.attributes
                0x00000deb       0x2e d:/stm32/gcc-arm-none-eabi-10.3-2021.10/bin/../lib/gcc/arm-none-eabi/10.3.1/../../../../arm-none-eabi/lib/thumb/v7e-m/nofp\libg.a(lib_a-reallocr.o)
 .ARM.attributes
                0x00000e19       0x2e d:/stm32/gcc-arm-none-eabi-10.3-2021.10/bin/../lib/gcc/arm-none-eabi/10.3.1/../../../../arm-none-eabi/lib/thumb/v7e-m/nofp\libg.a(lib_a-reent.o)
 .ARM.attributes
                0x00000e47       0x2e d:/stm32/gcc-arm-none-eabi-10.3-2021.10/bin/../lib/gcc/arm-none-eabi/10.3.1/../../../../arm-none-eabi/lib/thumb/v7e-m/nofp\libg.a(lib_a-wbuf.o)
 .ARM.attributes
                0x00000e75       0x2e d:/stm32/gcc-arm-none-eabi-10.3-2021.10/bin/../lib/gcc/arm-none-eabi/10.3.1/../../../../arm-none-eabi/lib/thumb/v7e-m/nofp\libg.a(lib_a-wcrtomb.o)
 .ARM.attributes
                0x00000ea3       0x2e d:/stm32/gcc-arm-none-eabi-10.3-2021.10/bin/../lib/gcc/arm-none-eabi/10.3.1/../../../../arm-none-eabi/lib/thumb/v7e-m/nofp\libg.a(lib_a-wctomb_r.o)
 .ARM.attributes
                0x00000ed1       0x2e d:/stm32/gcc-arm-none-eabi-10.3-2021.10/bin/../lib/gcc/arm-none-eabi/10.3.1/../../../../arm-none-eabi/lib/thumb/v7e-m/nofp\libg.a(lib_a-abort.o)
 .ARM.attributes
                0x00000eff       0x2e d:/stm32/gcc-arm-none-eabi-10.3-2021.10/bin/../lib/gcc/arm-none-eabi/10.3.1/../../../../arm-none-eabi/lib/thumb/v7e-m/nofp\libg.a(lib_a-ctype_.o)
 .ARM.attributes
                0x00000f2d       0x2e d:/stm32/gcc-arm-none-eabi-10.3-2021.10/bin/../lib/gcc/arm-none-eabi/10.3.1/../../../../arm-none-eabi/lib/thumb/v7e-m/nofp\libg.a(lib_a-signal.o)
 .ARM.attributes
                0x00000f5b       0x2e d:/stm32/gcc-arm-none-eabi-10.3-2021.10/bin/../lib/gcc/arm-none-eabi/10.3.1/../../../../arm-none-eabi/lib/thumb/v7e-m/nofp\libg.a(lib_a-signalr.o)
 .ARM.attributes
                0x00000f89       0x1e d:/stm32/gcc-arm-none-eabi-10.3-2021.10/bin/../lib/gcc/arm-none-eabi/10.3.1/thumb/v7e-m/nofp\libgcc.a(_arm_muldivdf3.o)
 .ARM.attributes
                0x00000fa7       0x1e d:/stm32/gcc-arm-none-eabi-10.3-2021.10/bin/../lib/gcc/arm-none-eabi/10.3.1/thumb/v7e-m/nofp\libgcc.a(_arm_cmpdf2.o)
 .ARM.attributes
                0x00000fc5       0x1e d:/stm32/gcc-arm-none-eabi-10.3-2021.10/bin/../lib/gcc/arm-none-eabi/10.3.1/thumb/v7e-m/nofp\libgcc.a(_arm_unorddf2.o)
 .ARM.attributes
                0x00000fe3       0x1e d:/stm32/gcc-arm-none-eabi-10.3-2021.10/bin/../lib/gcc/arm-none-eabi/10.3.1/thumb/v7e-m/nofp\libgcc.a(_arm_fixdfsi.o)
 .ARM.attributes
                0x00001001       0x1e d:/stm32/gcc-arm-none-eabi-10.3-2021.10/bin/../lib/gcc/arm-none-eabi/10.3.1/thumb/v7e-m/nofp/crtn.o

MAPPING_TABLE
 *(MAPPING_TABLE)

MB_MEM1
 *(MB_MEM1)

MB_MEM2         0x20030000        0x0
                0x20030000                _sMB_MEM2 = .
 *(MB_MEM2)
                0x20030000                _eMB_MEM2 = .
OUTPUT(WB55_PWM_Pulse_Count.elf elf32-littlearm)
LOAD linker stubs
LOAD d:/stm32/gcc-arm-none-eabi-10.3-2021.10/bin/../lib/gcc/arm-none-eabi/10.3.1/../../../../arm-none-eabi/lib/thumb/v7e-m/nofp\libc.a
LOAD d:/stm32/gcc-arm-none-eabi-10.3-2021.10/bin/../lib/gcc/arm-none-eabi/10.3.1/../../../../arm-none-eabi/lib/thumb/v7e-m/nofp\libm.a
LOAD d:/stm32/gcc-arm-none-eabi-10.3-2021.10/bin/../lib/gcc/arm-none-eabi/10.3.1/thumb/v7e-m/nofp\libgcc.a

.debug_info     0x00000000    0x1f899
 .debug_info    0x00000000      0x706 CMakeFiles/WB55_PWM_Pulse_Count.elf.dir/Core/Src/gpio.c.obj
 .debug_info    0x00000706     0x18fc CMakeFiles/WB55_PWM_Pulse_Count.elf.dir/Core/Src/main.c.obj